{
  "Entries": [
    {
      "RequestUri": "/subscriptions/9ff4ebf4-0c4a-43e8-861c-b445afdd66bf/providers/Microsoft.Search?api-version=2016-09-01",
      "EncodedRequestUri": "L3N1YnNjcmlwdGlvbnMvOWZmNGViZjQtMGM0YS00M2U4LTg2MWMtYjQ0NWFmZGQ2NmJmL3Byb3ZpZGVycy9NaWNyb3NvZnQuU2VhcmNoP2FwaS12ZXJzaW9uPTIwMTYtMDktMDE=",
      "RequestMethod": "GET",
      "RequestHeaders": {
        "x-ms-client-request-id": [
          "0af89bfa-04b4-44b5-86ac-a28f2524fc6d"
        ],
        "Accept-Language": [
          "en-US"
        ],
        "User-Agent": [
          "FxVersion/6.0.2323.48002",
          "OSName/Windows",
          "OSVersion/Microsoft.Windows.10.0.22621",
          "Microsoft.Azure.Management.Internal.Resources.ResourceManagementClient/1.3.86"
        ]
      },
      "RequestBody": "",
      "ResponseHeaders": {
        "Cache-Control": [
          "no-cache"
        ],
        "Pragma": [
          "no-cache"
        ],
        "x-ms-ratelimit-remaining-subscription-reads": [
          "11940"
        ],
        "x-ms-request-id": [
          "89a3190b-d6ae-4bb0-a667-0ac26cd432db"
        ],
        "x-ms-correlation-request-id": [
          "89a3190b-d6ae-4bb0-a667-0ac26cd432db"
        ],
        "x-ms-routing-request-id": [
          "EASTUS2EUAP:20231018T000625Z:89a3190b-d6ae-4bb0-a667-0ac26cd432db"
        ],
        "Strict-Transport-Security": [
          "max-age=31536000; includeSubDomains"
        ],
        "X-Content-Type-Options": [
          "nosniff"
        ],
        "X-Cache": [
          "CONFIG_NOCACHE"
        ],
        "X-MSEdge-Ref": [
          "Ref A: 1892CBCC06C645F29C8455645F55C7C0 Ref B: CO6AA3150220011 Ref C: 2023-10-18T00:06:25Z"
        ],
        "Date": [
          "Wed, 18 Oct 2023 00:06:24 GMT"
        ],
        "Content-Length": [
          "3831"
        ],
        "Content-Type": [
          "application/json; charset=utf-8"
        ],
        "Expires": [
          "-1"
        ]
      },
      "ResponseBody": "{\r\n  \"id\": \"/subscriptions/9ff4ebf4-0c4a-43e8-861c-b445afdd66bf/providers/Microsoft.Search\",\r\n  \"namespace\": \"Microsoft.Search\",\r\n  \"authorizations\": [\r\n    {\r\n      \"applicationId\": \"408992c7-2af6-4ff1-92e3-65b73d2b5092\",\r\n      \"roleDefinitionId\": \"20FA3191-87CF-4C3D-9510-74CCB594A310\"\r\n    },\r\n    {\r\n      \"applicationId\": \"880da380-985e-4198-81b9-e05b1cc53158\",\r\n      \"roleDefinitionId\": \"d2e67903-baaa-4696-926b-61ab86235aaf\"\r\n    }\r\n  ],\r\n  \"resourceTypes\": [\r\n    {\r\n      \"resourceType\": \"searchServices\",\r\n      \"locations\": [\r\n        \"Germany North\",\r\n        \"Qatar Central\",\r\n        \"Poland Central\",\r\n        \"Italy North\",\r\n        \"Israel Central\",\r\n        \"Sweden Central\",\r\n        \"UK West\",\r\n        \"Korea South\",\r\n        \"Canada East\",\r\n        \"Jio India West\",\r\n        \"West US 3\",\r\n        \"Germany West Central\",\r\n        \"Norway East\",\r\n        \"Switzerland West\",\r\n        \"Switzerland North\",\r\n        \"West US\",\r\n        \"West US 2\",\r\n        \"East US\",\r\n        \"East US 2\",\r\n        \"North Europe\",\r\n        \"West Europe\",\r\n        \"Southeast Asia\",\r\n        \"East Asia\",\r\n        \"North Central US\",\r\n        \"South Central US\",\r\n        \"Central US\",\r\n        \"Japan West\",\r\n        \"Japan East\",\r\n        \"Korea Central\",\r\n        \"Australia East\",\r\n        \"Australia Southeast\",\r\n        \"Brazil South\",\r\n        \"Central India\",\r\n        \"West Central US\",\r\n        \"Canada Central\",\r\n        \"UK South\",\r\n        \"France Central\",\r\n        \"South Africa North\",\r\n        \"UAE North\",\r\n        \"Central US EUAP\",\r\n        \"East US 2 EUAP\"\r\n      ],\r\n      \"apiVersions\": [\r\n        \"2022-09-01\",\r\n        \"2021-06-06-Preview\",\r\n        \"2021-04-01-Preview\",\r\n        \"2020-08-01-Preview\",\r\n        \"2020-08-01\",\r\n        \"2020-03-13\",\r\n        \"2019-10-01-Preview\",\r\n        \"2015-08-19\",\r\n        \"2015-02-28\",\r\n        \"2014-07-31-Preview\"\r\n      ],\r\n      \"capabilities\": \"CrossResourceGroupResourceMove, CrossSubscriptionResourceMove, SystemAssignedResourceIdentity\"\r\n    },\r\n    {\r\n      \"resourceType\": \"checkServiceNameAvailability\",\r\n      \"locations\": [],\r\n      \"apiVersions\": [\r\n        \"2015-02-28\",\r\n        \"2014-07-31-Preview\"\r\n      ]\r\n    },\r\n    {\r\n      \"resourceType\": \"checkNameAvailability\",\r\n      \"locations\": [],\r\n      \"apiVersions\": [\r\n        \"2022-09-01\",\r\n        \"2021-06-06-Preview\",\r\n        \"2021-04-01-Preview\",\r\n        \"2020-08-01-Preview\",\r\n        \"2020-08-01\",\r\n        \"2020-03-13\",\r\n        \"2019-10-01-Preview\",\r\n        \"2015-08-19\"\r\n      ]\r\n    },\r\n    {\r\n      \"resourceType\": \"resourceHealthMetadata\",\r\n      \"locations\": [\r\n        \"Germany North\",\r\n        \"Qatar Central\",\r\n        \"Poland Central\",\r\n        \"Italy North\",\r\n        \"Israel Central\",\r\n        \"Sweden Central\",\r\n        \"UK West\",\r\n        \"Korea South\",\r\n        \"Canada East\",\r\n        \"Jio India West\",\r\n        \"West US 3\",\r\n        \"Germany West Central\",\r\n        \"Norway East\",\r\n        \"Switzerland West\",\r\n        \"Switzerland North\",\r\n        \"West US\",\r\n        \"West US 2\",\r\n        \"East US\",\r\n        \"East US 2\",\r\n        \"North Europe\",\r\n        \"West Europe\",\r\n        \"Southeast Asia\",\r\n        \"East Asia\",\r\n        \"North Central US\",\r\n        \"South Central US\",\r\n        \"Central US\",\r\n        \"Japan West\",\r\n        \"Japan East\",\r\n        \"Korea Central\",\r\n        \"Australia East\",\r\n        \"Australia Southeast\",\r\n        \"Brazil South\",\r\n        \"Central India\",\r\n        \"West Central US\",\r\n        \"Canada Central\",\r\n        \"UK South\",\r\n        \"France Central\",\r\n        \"South Africa North\",\r\n        \"UAE North\",\r\n        \"Central US EUAP\",\r\n        \"East US 2 EUAP\"\r\n      ],\r\n      \"apiVersions\": [\r\n        \"2022-09-01\",\r\n        \"2021-06-06-Preview\",\r\n        \"2021-04-01-Preview\",\r\n        \"2020-08-01-Preview\",\r\n        \"2020-08-01\",\r\n        \"2020-03-13\",\r\n        \"2019-10-01-Preview\",\r\n        \"2015-08-19\"\r\n      ]\r\n    },\r\n    {\r\n      \"resourceType\": \"operations\",\r\n      \"locations\": [],\r\n      \"apiVersions\": [\r\n        \"2022-09-01\",\r\n        \"2021-06-06-Preview\",\r\n        \"2021-04-01-Preview\",\r\n        \"2020-08-01-Preview\",\r\n        \"2020-08-01\",\r\n        \"2020-03-13\",\r\n        \"2019-10-01-Preview\",\r\n        \"2015-08-19\",\r\n        \"2015-02-28\"\r\n      ]\r\n    },\r\n    {\r\n      \"resourceType\": \"locations\",\r\n      \"locations\": [\r\n        \"East US 2 EUAP\"\r\n      ],\r\n      \"apiVersions\": [\r\n        \"2021-06-06-Preview\"\r\n      ]\r\n    },\r\n    {\r\n      \"resourceType\": \"locations/notifyNetworkSecurityPerimeterUpdatesAvailable\",\r\n      \"locations\": [\r\n        \"Germany North\",\r\n        \"Central US EUAP\",\r\n        \"East US 2 EUAP\",\r\n        \"Qatar Central\",\r\n        \"Poland Central\",\r\n        \"Italy North\",\r\n        \"Sweden Central\",\r\n        \"UK West\",\r\n        \"Korea South\",\r\n        \"Canada East\",\r\n        \"Jio India West\",\r\n        \"West US 3\",\r\n        \"Germany West Central\",\r\n        \"Norway East\",\r\n        \"Switzerland West\",\r\n        \"Switzerland North\",\r\n        \"West US\",\r\n        \"West US 2\",\r\n        \"East US\",\r\n        \"East US 2\",\r\n        \"North Europe\",\r\n        \"West Europe\",\r\n        \"Southeast Asia\",\r\n        \"East Asia\",\r\n        \"North Central US\",\r\n        \"South Central US\",\r\n        \"Central US\",\r\n        \"Japan West\",\r\n        \"Japan East\",\r\n        \"Korea Central\",\r\n        \"Australia East\",\r\n        \"Australia Southeast\",\r\n        \"Brazil South\",\r\n        \"Central India\",\r\n        \"West Central US\",\r\n        \"Canada Central\",\r\n        \"UK South\",\r\n        \"France Central\",\r\n        \"South Africa North\",\r\n        \"UAE North\"\r\n      ],\r\n      \"apiVersions\": [\r\n        \"2021-06-06-Preview\"\r\n      ]\r\n    },\r\n    {\r\n      \"resourceType\": \"locations/operationResults\",\r\n      \"locations\": [\r\n        \"North Central US\",\r\n        \"East US 2\",\r\n        \"West US 2\",\r\n        \"South Central US\",\r\n        \"East US\",\r\n        \"West US\",\r\n        \"Central US EUAP\",\r\n        \"East US 2 EUAP\"\r\n      ],\r\n      \"apiVersions\": [\r\n        \"2021-06-06-Preview\"\r\n      ]\r\n    }\r\n  ],\r\n  \"registrationState\": \"Registered\"\r\n}",
      "StatusCode": 200
    },
    {
      "RequestUri": "/subscriptions/9ff4ebf4-0c4a-43e8-861c-b445afdd66bf/resourcegroups/ps2425?api-version=2016-09-01",
      "EncodedRequestUri": "L3N1YnNjcmlwdGlvbnMvOWZmNGViZjQtMGM0YS00M2U4LTg2MWMtYjQ0NWFmZGQ2NmJmL3Jlc291cmNlZ3JvdXBzL3BzMjQyNT9hcGktdmVyc2lvbj0yMDE2LTA5LTAx",
      "RequestMethod": "PUT",
      "RequestHeaders": {
        "x-ms-client-request-id": [
          "72f95b84-b561-4455-b650-e3d201a8913f"
        ],
        "Accept-Language": [
          "en-US"
        ],
        "User-Agent": [
          "FxVersion/6.0.2323.48002",
          "OSName/Windows",
          "OSVersion/Microsoft.Windows.10.0.22621",
          "Microsoft.Azure.Management.Internal.Resources.ResourceManagementClient/1.3.86"
        ],
        "Content-Type": [
          "application/json; charset=utf-8"
        ],
        "Content-Length": [
          "36"
        ]
      },
      "RequestBody": "{\r\n  \"location\": \"East US 2 EUAP\"\r\n}",
      "ResponseHeaders": {
        "Cache-Control": [
          "no-cache"
        ],
        "Pragma": [
          "no-cache"
        ],
        "x-ms-ratelimit-remaining-subscription-writes": [
          "1195"
        ],
        "x-ms-request-id": [
          "35cb7df2-148e-4508-a104-91fed7272d7f"
        ],
        "x-ms-correlation-request-id": [
          "35cb7df2-148e-4508-a104-91fed7272d7f"
        ],
        "x-ms-routing-request-id": [
          "EASTUS2EUAP:20231018T000626Z:35cb7df2-148e-4508-a104-91fed7272d7f"
        ],
        "Strict-Transport-Security": [
          "max-age=31536000; includeSubDomains"
        ],
        "X-Content-Type-Options": [
          "nosniff"
        ],
        "X-Cache": [
          "CONFIG_NOCACHE"
        ],
        "X-MSEdge-Ref": [
          "Ref A: DD98346368434F1EA702C8C4D526C36C Ref B: CO6AA3150219023 Ref C: 2023-10-18T00:06:25Z"
        ],
        "Date": [
          "Wed, 18 Oct 2023 00:06:25 GMT"
        ],
        "Content-Length": [
          "170"
        ],
        "Content-Type": [
          "application/json; charset=utf-8"
        ],
        "Expires": [
          "-1"
        ]
      },
      "ResponseBody": "{\r\n  \"id\": \"/subscriptions/9ff4ebf4-0c4a-43e8-861c-b445afdd66bf/resourceGroups/ps2425\",\r\n  \"name\": \"ps2425\",\r\n  \"location\": \"eastus2euap\",\r\n  \"properties\": {\r\n    \"provisioningState\": \"Succeeded\"\r\n  }\r\n}",
      "StatusCode": 201
    },
    {
      "RequestUri": "/subscriptions/9ff4ebf4-0c4a-43e8-861c-b445afdd66bf/resourceGroups/ps2425/providers/Microsoft.Search/searchServices/ps2425-service?api-version=2023-11-01",
      "EncodedRequestUri": "L3N1YnNjcmlwdGlvbnMvOWZmNGViZjQtMGM0YS00M2U4LTg2MWMtYjQ0NWFmZGQ2NmJmL3Jlc291cmNlR3JvdXBzL3BzMjQyNS9wcm92aWRlcnMvTWljcm9zb2Z0LlNlYXJjaC9zZWFyY2hTZXJ2aWNlcy9wczI0MjUtc2VydmljZT9hcGktdmVyc2lvbj0yMDIzLTExLTAx",
      "RequestMethod": "PUT",
      "RequestHeaders": {
        "x-ms-client-request-id": [
          "ada088fe-e99a-42ae-acce-11329f5674ef"
        ],
        "Accept-Language": [
          "en-US"
        ],
        "User-Agent": [
          "FxVersion/6.0.2323.48002",
          "OSName/Windows",
          "OSVersion/Microsoft.Windows.10.0.22621",
          "Microsoft.Azure.Management.Search.SearchManagementClient/0.9.0"
        ],
        "Content-Type": [
          "application/json; charset=utf-8"
        ],
        "Content-Length": [
          "417"
        ]
      },
      "RequestBody": "{\r\n  \"properties\": {\r\n    \"replicaCount\": 1,\r\n    \"partitionCount\": 1,\r\n    \"hostingMode\": \"default\",\r\n    \"networkRuleSet\": {\r\n      \"ipRules\": [\r\n        {\r\n          \"value\": \"55.5.64.73\"\r\n        },\r\n        {\r\n          \"value\": \"52.228.216.197\"\r\n        },\r\n        {\r\n          \"value\": \"101.37.222.205\"\r\n        }\r\n      ]\r\n    }\r\n  },\r\n  \"sku\": {\r\n    \"name\": \"basic\"\r\n  },\r\n  \"location\": \"East US 2 EUAP\"\r\n}",
      "ResponseHeaders": {
        "Cache-Control": [
          "no-cache"
        ],
        "Pragma": [
          "no-cache"
        ],
        "ETag": [
          "W/\"datetime'2023-10-18T00%3A06%3A29.4652402Z'\""
        ],
        "x-ms-request-id": [
          "ada088fe-e99a-42ae-acce-11329f5674ef"
        ],
        "request-id": [
          "ada088fe-e99a-42ae-acce-11329f5674ef"
        ],
        "elapsed-time": [
          "2988"
        ],
        "Strict-Transport-Security": [
          "max-age=31536000; includeSubDomains"
        ],
        "x-ms-operation-identifier": [
          "appId=d94cc892-198d-43c4-ad2d-9050e915aa58,tenantId=72f988bf-86f1-41af-91ab-2d7cd011db47,objectId=d8bad258-9b3f-4126-b73e-2708d24315d5/eastus2euap/70ed22c3-acab-4e7b-bebd-4b30db6f73bb"
        ],
        "x-ms-ratelimit-remaining-subscription-writes": [
          "1194"
        ],
        "x-ms-correlation-request-id": [
          "10101fa0-063d-4f17-8d2c-c0802ce1844e"
        ],
        "x-ms-routing-request-id": [
          "EASTUS2EUAP:20231018T000629Z:10101fa0-063d-4f17-8d2c-c0802ce1844e"
        ],
        "X-Content-Type-Options": [
          "nosniff"
        ],
        "X-Cache": [
          "CONFIG_NOCACHE"
        ],
        "X-MSEdge-Ref": [
          "Ref A: CAA036C56C144E718F54491E3A67289E Ref B: CO6AA3150219017 Ref C: 2023-10-18T00:06:26Z"
        ],
        "Date": [
          "Wed, 18 Oct 2023 00:06:28 GMT"
        ],
        "Content-Length": [
          "800"
        ],
        "Content-Type": [
          "application/json; charset=utf-8"
        ],
        "Expires": [
          "-1"
        ]
      },
      "ResponseBody": "{\r\n  \"id\": \"/subscriptions/9ff4ebf4-0c4a-43e8-861c-b445afdd66bf/resourceGroups/ps2425/providers/Microsoft.Search/searchServices/ps2425-service\",\r\n  \"name\": \"ps2425-service\",\r\n  \"type\": \"Microsoft.Search/searchServices\",\r\n  \"location\": \"East US 2 EUAP\",\r\n  \"properties\": {\r\n    \"replicaCount\": 1,\r\n    \"partitionCount\": 1,\r\n    \"status\": \"provisioning\",\r\n    \"statusDetails\": \"\",\r\n    \"provisioningState\": \"provisioning\",\r\n    \"hostingMode\": \"default\",\r\n    \"publicNetworkAccess\": \"Enabled\",\r\n    \"networkRuleSet\": {\r\n      \"ipRules\": [\r\n        {\r\n          \"value\": \"55.5.64.73\"\r\n        },\r\n        {\r\n          \"value\": \"52.228.216.197\"\r\n        },\r\n        {\r\n          \"value\": \"101.37.222.205\"\r\n        }\r\n      ],\r\n      \"bypass\": \"None\"\r\n    },\r\n    \"privateEndpointConnections\": [],\r\n    \"sharedPrivateLinkResources\": [],\r\n    \"encryptionWithCmk\": {\r\n      \"enforcement\": \"Unspecified\",\r\n      \"encryptionComplianceStatus\": \"Compliant\"\r\n    },\r\n    \"disableLocalAuth\": false,\r\n    \"authOptions\": {\r\n      \"apiKeyOnly\": {}\r\n    },\r\n    \"semanticSearch\": \"free\"\r\n  },\r\n  \"sku\": {\r\n    \"name\": \"basic\"\r\n  }\r\n}",
      "StatusCode": 201
    },
    {
      "RequestUri": "/subscriptions/9ff4ebf4-0c4a-43e8-861c-b445afdd66bf/resourceGroups/ps2425/providers/Microsoft.Search/searchServices/ps2425-service?api-version=2023-11-01",
      "EncodedRequestUri": "L3N1YnNjcmlwdGlvbnMvOWZmNGViZjQtMGM0YS00M2U4LTg2MWMtYjQ0NWFmZGQ2NmJmL3Jlc291cmNlR3JvdXBzL3BzMjQyNS9wcm92aWRlcnMvTWljcm9zb2Z0LlNlYXJjaC9zZWFyY2hTZXJ2aWNlcy9wczI0MjUtc2VydmljZT9hcGktdmVyc2lvbj0yMDIzLTExLTAx",
      "RequestMethod": "GET",
      "RequestHeaders": {
        "x-ms-client-request-id": [
          "ada088fe-e99a-42ae-acce-11329f5674ef"
        ],
        "User-Agent": [
          "FxVersion/6.0.2323.48002",
          "OSName/Windows",
          "OSVersion/Microsoft.Windows.10.0.22621",
          "Microsoft.Azure.Management.Search.SearchManagementClient/0.9.0"
        ]
      },
      "RequestBody": "",
      "ResponseHeaders": {
        "Cache-Control": [
          "no-cache"
        ],
        "Pragma": [
          "no-cache"
        ],
        "ETag": [
          "W/\"datetime'2023-10-18T00%3A06%3A29.4652402Z'\""
        ],
        "x-ms-request-id": [
          "ada088fe-e99a-42ae-acce-11329f5674ef"
        ],
        "request-id": [
          "ada088fe-e99a-42ae-acce-11329f5674ef"
        ],
        "elapsed-time": [
          "225"
        ],
        "Strict-Transport-Security": [
          "max-age=31536000; includeSubDomains"
        ],
        "x-ms-ratelimit-remaining-subscription-reads": [
          "11938"
        ],
        "x-ms-correlation-request-id": [
          "dbd2a7da-889a-4936-974a-596986514863"
        ],
        "x-ms-routing-request-id": [
          "EASTUS2EUAP:20231018T000700Z:dbd2a7da-889a-4936-974a-596986514863"
        ],
        "X-Content-Type-Options": [
          "nosniff"
        ],
        "X-Cache": [
          "CONFIG_NOCACHE"
        ],
        "X-MSEdge-Ref": [
          "Ref A: 0F8792AB029A46D0BEFA184549CACCA4 Ref B: CO6AA3150219017 Ref C: 2023-10-18T00:06:59Z"
        ],
        "Date": [
          "Wed, 18 Oct 2023 00:07:00 GMT"
        ],
        "Content-Length": [
          "800"
        ],
        "Content-Type": [
          "application/json; charset=utf-8"
        ],
        "Expires": [
          "-1"
        ]
      },
      "ResponseBody": "{\r\n  \"id\": \"/subscriptions/9ff4ebf4-0c4a-43e8-861c-b445afdd66bf/resourceGroups/ps2425/providers/Microsoft.Search/searchServices/ps2425-service\",\r\n  \"name\": \"ps2425-service\",\r\n  \"type\": \"Microsoft.Search/searchServices\",\r\n  \"location\": \"East US 2 EUAP\",\r\n  \"properties\": {\r\n    \"replicaCount\": 1,\r\n    \"partitionCount\": 1,\r\n    \"status\": \"provisioning\",\r\n    \"statusDetails\": \"\",\r\n    \"provisioningState\": \"provisioning\",\r\n    \"hostingMode\": \"default\",\r\n    \"publicNetworkAccess\": \"Enabled\",\r\n    \"networkRuleSet\": {\r\n      \"ipRules\": [\r\n        {\r\n          \"value\": \"55.5.64.73\"\r\n        },\r\n        {\r\n          \"value\": \"52.228.216.197\"\r\n        },\r\n        {\r\n          \"value\": \"101.37.222.205\"\r\n        }\r\n      ],\r\n      \"bypass\": \"None\"\r\n    },\r\n    \"privateEndpointConnections\": [],\r\n    \"sharedPrivateLinkResources\": [],\r\n    \"encryptionWithCmk\": {\r\n      \"enforcement\": \"Unspecified\",\r\n      \"encryptionComplianceStatus\": \"Compliant\"\r\n    },\r\n    \"disableLocalAuth\": false,\r\n    \"authOptions\": {\r\n      \"apiKeyOnly\": {}\r\n    },\r\n    \"semanticSearch\": \"free\"\r\n  },\r\n  \"sku\": {\r\n    \"name\": \"basic\"\r\n  }\r\n}",
      "StatusCode": 200
    },
    {
      "RequestUri": "/subscriptions/9ff4ebf4-0c4a-43e8-861c-b445afdd66bf/resourceGroups/ps2425/providers/Microsoft.Search/searchServices/ps2425-service?api-version=2023-11-01",
      "EncodedRequestUri": "L3N1YnNjcmlwdGlvbnMvOWZmNGViZjQtMGM0YS00M2U4LTg2MWMtYjQ0NWFmZGQ2NmJmL3Jlc291cmNlR3JvdXBzL3BzMjQyNS9wcm92aWRlcnMvTWljcm9zb2Z0LlNlYXJjaC9zZWFyY2hTZXJ2aWNlcy9wczI0MjUtc2VydmljZT9hcGktdmVyc2lvbj0yMDIzLTExLTAx",
      "RequestMethod": "GET",
      "RequestHeaders": {
        "x-ms-client-request-id": [
          "ada088fe-e99a-42ae-acce-11329f5674ef"
        ],
        "User-Agent": [
          "FxVersion/6.0.2323.48002",
          "OSName/Windows",
          "OSVersion/Microsoft.Windows.10.0.22621",
          "Microsoft.Azure.Management.Search.SearchManagementClient/0.9.0"
        ]
      },
      "RequestBody": "",
      "ResponseHeaders": {
        "Cache-Control": [
          "no-cache"
        ],
        "Pragma": [
          "no-cache"
        ],
        "ETag": [
          "W/\"datetime'2023-10-18T00%3A06%3A29.4652402Z'\""
        ],
        "x-ms-request-id": [
          "ada088fe-e99a-42ae-acce-11329f5674ef"
        ],
        "request-id": [
          "ada088fe-e99a-42ae-acce-11329f5674ef"
        ],
        "elapsed-time": [
          "310"
        ],
        "Strict-Transport-Security": [
          "max-age=31536000; includeSubDomains"
        ],
        "x-ms-ratelimit-remaining-subscription-reads": [
          "11937"
        ],
        "x-ms-correlation-request-id": [
          "9f739e57-476d-47db-937c-db6587f71a63"
        ],
        "x-ms-routing-request-id": [
          "EASTUS2EUAP:20231018T000730Z:9f739e57-476d-47db-937c-db6587f71a63"
        ],
        "X-Content-Type-Options": [
          "nosniff"
        ],
        "X-Cache": [
          "CONFIG_NOCACHE"
        ],
        "X-MSEdge-Ref": [
          "Ref A: 93FF142FE9514C8F80E1F756DD02B2EE Ref B: CO6AA3150219017 Ref C: 2023-10-18T00:07:30Z"
        ],
        "Date": [
          "Wed, 18 Oct 2023 00:07:30 GMT"
        ],
        "Content-Length": [
          "800"
        ],
        "Content-Type": [
          "application/json; charset=utf-8"
        ],
        "Expires": [
          "-1"
        ]
      },
      "ResponseBody": "{\r\n  \"id\": \"/subscriptions/9ff4ebf4-0c4a-43e8-861c-b445afdd66bf/resourceGroups/ps2425/providers/Microsoft.Search/searchServices/ps2425-service\",\r\n  \"name\": \"ps2425-service\",\r\n  \"type\": \"Microsoft.Search/searchServices\",\r\n  \"location\": \"East US 2 EUAP\",\r\n  \"properties\": {\r\n    \"replicaCount\": 1,\r\n    \"partitionCount\": 1,\r\n    \"status\": \"provisioning\",\r\n    \"statusDetails\": \"\",\r\n    \"provisioningState\": \"provisioning\",\r\n    \"hostingMode\": \"default\",\r\n    \"publicNetworkAccess\": \"Enabled\",\r\n    \"networkRuleSet\": {\r\n      \"ipRules\": [\r\n        {\r\n          \"value\": \"55.5.64.73\"\r\n        },\r\n        {\r\n          \"value\": \"52.228.216.197\"\r\n        },\r\n        {\r\n          \"value\": \"101.37.222.205\"\r\n        }\r\n      ],\r\n      \"bypass\": \"None\"\r\n    },\r\n    \"privateEndpointConnections\": [],\r\n    \"sharedPrivateLinkResources\": [],\r\n    \"encryptionWithCmk\": {\r\n      \"enforcement\": \"Unspecified\",\r\n      \"encryptionComplianceStatus\": \"Compliant\"\r\n    },\r\n    \"disableLocalAuth\": false,\r\n    \"authOptions\": {\r\n      \"apiKeyOnly\": {}\r\n    },\r\n    \"semanticSearch\": \"free\"\r\n  },\r\n  \"sku\": {\r\n    \"name\": \"basic\"\r\n  }\r\n}",
      "StatusCode": 200
    },
    {
      "RequestUri": "/subscriptions/9ff4ebf4-0c4a-43e8-861c-b445afdd66bf/resourceGroups/ps2425/providers/Microsoft.Search/searchServices/ps2425-service?api-version=2023-11-01",
      "EncodedRequestUri": "L3N1YnNjcmlwdGlvbnMvOWZmNGViZjQtMGM0YS00M2U4LTg2MWMtYjQ0NWFmZGQ2NmJmL3Jlc291cmNlR3JvdXBzL3BzMjQyNS9wcm92aWRlcnMvTWljcm9zb2Z0LlNlYXJjaC9zZWFyY2hTZXJ2aWNlcy9wczI0MjUtc2VydmljZT9hcGktdmVyc2lvbj0yMDIzLTExLTAx",
      "RequestMethod": "GET",
      "RequestHeaders": {
        "x-ms-client-request-id": [
          "ada088fe-e99a-42ae-acce-11329f5674ef"
        ],
        "User-Agent": [
          "FxVersion/6.0.2323.48002",
          "OSName/Windows",
          "OSVersion/Microsoft.Windows.10.0.22621",
          "Microsoft.Azure.Management.Search.SearchManagementClient/0.9.0"
        ]
      },
      "RequestBody": "",
      "ResponseHeaders": {
        "Cache-Control": [
          "no-cache"
        ],
        "Pragma": [
          "no-cache"
        ],
        "ETag": [
          "W/\"datetime'2023-10-18T00%3A06%3A29.4652402Z'\""
        ],
        "x-ms-request-id": [
          "ada088fe-e99a-42ae-acce-11329f5674ef"
        ],
        "request-id": [
          "ada088fe-e99a-42ae-acce-11329f5674ef"
        ],
        "elapsed-time": [
          "238"
        ],
        "Strict-Transport-Security": [
          "max-age=31536000; includeSubDomains"
        ],
        "x-ms-ratelimit-remaining-subscription-reads": [
          "11935"
        ],
        "x-ms-correlation-request-id": [
          "ec102994-7e24-4e19-88c9-869d54a4b826"
        ],
        "x-ms-routing-request-id": [
          "EASTUS2EUAP:20231018T000800Z:ec102994-7e24-4e19-88c9-869d54a4b826"
        ],
        "X-Content-Type-Options": [
          "nosniff"
        ],
        "X-Cache": [
          "CONFIG_NOCACHE"
        ],
        "X-MSEdge-Ref": [
          "Ref A: BF1F7D205267424AAD5CCF552713C312 Ref B: CO6AA3150219017 Ref C: 2023-10-18T00:08:00Z"
        ],
        "Date": [
          "Wed, 18 Oct 2023 00:08:00 GMT"
        ],
        "Content-Length": [
          "800"
        ],
        "Content-Type": [
          "application/json; charset=utf-8"
        ],
        "Expires": [
          "-1"
        ]
      },
      "ResponseBody": "{\r\n  \"id\": \"/subscriptions/9ff4ebf4-0c4a-43e8-861c-b445afdd66bf/resourceGroups/ps2425/providers/Microsoft.Search/searchServices/ps2425-service\",\r\n  \"name\": \"ps2425-service\",\r\n  \"type\": \"Microsoft.Search/searchServices\",\r\n  \"location\": \"East US 2 EUAP\",\r\n  \"properties\": {\r\n    \"replicaCount\": 1,\r\n    \"partitionCount\": 1,\r\n    \"status\": \"provisioning\",\r\n    \"statusDetails\": \"\",\r\n    \"provisioningState\": \"provisioning\",\r\n    \"hostingMode\": \"default\",\r\n    \"publicNetworkAccess\": \"Enabled\",\r\n    \"networkRuleSet\": {\r\n      \"ipRules\": [\r\n        {\r\n          \"value\": \"55.5.64.73\"\r\n        },\r\n        {\r\n          \"value\": \"52.228.216.197\"\r\n        },\r\n        {\r\n          \"value\": \"101.37.222.205\"\r\n        }\r\n      ],\r\n      \"bypass\": \"None\"\r\n    },\r\n    \"privateEndpointConnections\": [],\r\n    \"sharedPrivateLinkResources\": [],\r\n    \"encryptionWithCmk\": {\r\n      \"enforcement\": \"Unspecified\",\r\n      \"encryptionComplianceStatus\": \"Compliant\"\r\n    },\r\n    \"disableLocalAuth\": false,\r\n    \"authOptions\": {\r\n      \"apiKeyOnly\": {}\r\n    },\r\n    \"semanticSearch\": \"free\"\r\n  },\r\n  \"sku\": {\r\n    \"name\": \"basic\"\r\n  }\r\n}",
      "StatusCode": 200
    },
    {
      "RequestUri": "/subscriptions/9ff4ebf4-0c4a-43e8-861c-b445afdd66bf/resourceGroups/ps2425/providers/Microsoft.Search/searchServices/ps2425-service?api-version=2023-11-01",
      "EncodedRequestUri": "L3N1YnNjcmlwdGlvbnMvOWZmNGViZjQtMGM0YS00M2U4LTg2MWMtYjQ0NWFmZGQ2NmJmL3Jlc291cmNlR3JvdXBzL3BzMjQyNS9wcm92aWRlcnMvTWljcm9zb2Z0LlNlYXJjaC9zZWFyY2hTZXJ2aWNlcy9wczI0MjUtc2VydmljZT9hcGktdmVyc2lvbj0yMDIzLTExLTAx",
      "RequestMethod": "GET",
      "RequestHeaders": {
        "x-ms-client-request-id": [
          "ada088fe-e99a-42ae-acce-11329f5674ef"
        ],
        "User-Agent": [
          "FxVersion/6.0.2323.48002",
          "OSName/Windows",
          "OSVersion/Microsoft.Windows.10.0.22621",
          "Microsoft.Azure.Management.Search.SearchManagementClient/0.9.0"
        ]
      },
      "RequestBody": "",
      "ResponseHeaders": {
        "Cache-Control": [
          "no-cache"
        ],
        "Pragma": [
          "no-cache"
        ],
        "ETag": [
          "W/\"datetime'2023-10-18T00%3A06%3A29.4652402Z'\""
        ],
        "x-ms-request-id": [
          "ada088fe-e99a-42ae-acce-11329f5674ef"
        ],
        "request-id": [
          "ada088fe-e99a-42ae-acce-11329f5674ef"
        ],
        "elapsed-time": [
          "197"
        ],
        "Strict-Transport-Security": [
          "max-age=31536000; includeSubDomains"
        ],
        "x-ms-ratelimit-remaining-subscription-reads": [
          "11934"
        ],
        "x-ms-correlation-request-id": [
          "90a3f8be-b07d-4f5d-a35c-34bf2c5f0085"
        ],
        "x-ms-routing-request-id": [
          "EASTUS2EUAP:20231018T000831Z:90a3f8be-b07d-4f5d-a35c-34bf2c5f0085"
        ],
        "X-Content-Type-Options": [
          "nosniff"
        ],
        "X-Cache": [
          "CONFIG_NOCACHE"
        ],
        "X-MSEdge-Ref": [
          "Ref A: 92EC018A14D3434C915CED0248AC269C Ref B: CO6AA3150219017 Ref C: 2023-10-18T00:08:30Z"
        ],
        "Date": [
          "Wed, 18 Oct 2023 00:08:31 GMT"
        ],
        "Content-Length": [
          "800"
        ],
        "Content-Type": [
          "application/json; charset=utf-8"
        ],
        "Expires": [
          "-1"
        ]
      },
      "ResponseBody": "{\r\n  \"id\": \"/subscriptions/9ff4ebf4-0c4a-43e8-861c-b445afdd66bf/resourceGroups/ps2425/providers/Microsoft.Search/searchServices/ps2425-service\",\r\n  \"name\": \"ps2425-service\",\r\n  \"type\": \"Microsoft.Search/searchServices\",\r\n  \"location\": \"East US 2 EUAP\",\r\n  \"properties\": {\r\n    \"replicaCount\": 1,\r\n    \"partitionCount\": 1,\r\n    \"status\": \"provisioning\",\r\n    \"statusDetails\": \"\",\r\n    \"provisioningState\": \"provisioning\",\r\n    \"hostingMode\": \"default\",\r\n    \"publicNetworkAccess\": \"Enabled\",\r\n    \"networkRuleSet\": {\r\n      \"ipRules\": [\r\n        {\r\n          \"value\": \"55.5.64.73\"\r\n        },\r\n        {\r\n          \"value\": \"52.228.216.197\"\r\n        },\r\n        {\r\n          \"value\": \"101.37.222.205\"\r\n        }\r\n      ],\r\n      \"bypass\": \"None\"\r\n    },\r\n    \"privateEndpointConnections\": [],\r\n    \"sharedPrivateLinkResources\": [],\r\n    \"encryptionWithCmk\": {\r\n      \"enforcement\": \"Unspecified\",\r\n      \"encryptionComplianceStatus\": \"Compliant\"\r\n    },\r\n    \"disableLocalAuth\": false,\r\n    \"authOptions\": {\r\n      \"apiKeyOnly\": {}\r\n    },\r\n    \"semanticSearch\": \"free\"\r\n  },\r\n  \"sku\": {\r\n    \"name\": \"basic\"\r\n  }\r\n}",
      "StatusCode": 200
    },
    {
      "RequestUri": "/subscriptions/9ff4ebf4-0c4a-43e8-861c-b445afdd66bf/resourceGroups/ps2425/providers/Microsoft.Search/searchServices/ps2425-service?api-version=2023-11-01",
      "EncodedRequestUri": "L3N1YnNjcmlwdGlvbnMvOWZmNGViZjQtMGM0YS00M2U4LTg2MWMtYjQ0NWFmZGQ2NmJmL3Jlc291cmNlR3JvdXBzL3BzMjQyNS9wcm92aWRlcnMvTWljcm9zb2Z0LlNlYXJjaC9zZWFyY2hTZXJ2aWNlcy9wczI0MjUtc2VydmljZT9hcGktdmVyc2lvbj0yMDIzLTExLTAx",
      "RequestMethod": "GET",
      "RequestHeaders": {
        "x-ms-client-request-id": [
          "ada088fe-e99a-42ae-acce-11329f5674ef"
        ],
        "User-Agent": [
          "FxVersion/6.0.2323.48002",
          "OSName/Windows",
          "OSVersion/Microsoft.Windows.10.0.22621",
          "Microsoft.Azure.Management.Search.SearchManagementClient/0.9.0"
        ]
      },
      "RequestBody": "",
      "ResponseHeaders": {
        "Cache-Control": [
          "no-cache"
        ],
        "Pragma": [
          "no-cache"
        ],
        "ETag": [
          "W/\"datetime'2023-10-18T00%3A06%3A29.4652402Z'\""
        ],
        "x-ms-request-id": [
          "ada088fe-e99a-42ae-acce-11329f5674ef"
        ],
        "request-id": [
          "ada088fe-e99a-42ae-acce-11329f5674ef"
        ],
        "elapsed-time": [
          "341"
        ],
        "Strict-Transport-Security": [
          "max-age=31536000; includeSubDomains"
        ],
        "x-ms-ratelimit-remaining-subscription-reads": [
          "11933"
        ],
        "x-ms-correlation-request-id": [
          "a6b2165b-2855-423e-b2da-524059110087"
        ],
        "x-ms-routing-request-id": [
          "EASTUS2EUAP:20231018T000901Z:a6b2165b-2855-423e-b2da-524059110087"
        ],
        "X-Content-Type-Options": [
          "nosniff"
        ],
        "X-Cache": [
          "CONFIG_NOCACHE"
        ],
        "X-MSEdge-Ref": [
          "Ref A: 30B390EA10B04AF1BD484DE081822134 Ref B: CO6AA3150219017 Ref C: 2023-10-18T00:09:01Z"
        ],
        "Date": [
          "Wed, 18 Oct 2023 00:09:01 GMT"
        ],
        "Content-Length": [
          "800"
        ],
        "Content-Type": [
          "application/json; charset=utf-8"
        ],
        "Expires": [
          "-1"
        ]
      },
      "ResponseBody": "{\r\n  \"id\": \"/subscriptions/9ff4ebf4-0c4a-43e8-861c-b445afdd66bf/resourceGroups/ps2425/providers/Microsoft.Search/searchServices/ps2425-service\",\r\n  \"name\": \"ps2425-service\",\r\n  \"type\": \"Microsoft.Search/searchServices\",\r\n  \"location\": \"East US 2 EUAP\",\r\n  \"properties\": {\r\n    \"replicaCount\": 1,\r\n    \"partitionCount\": 1,\r\n    \"status\": \"provisioning\",\r\n    \"statusDetails\": \"\",\r\n    \"provisioningState\": \"provisioning\",\r\n    \"hostingMode\": \"default\",\r\n    \"publicNetworkAccess\": \"Enabled\",\r\n    \"networkRuleSet\": {\r\n      \"ipRules\": [\r\n        {\r\n          \"value\": \"55.5.64.73\"\r\n        },\r\n        {\r\n          \"value\": \"52.228.216.197\"\r\n        },\r\n        {\r\n          \"value\": \"101.37.222.205\"\r\n        }\r\n      ],\r\n      \"bypass\": \"None\"\r\n    },\r\n    \"privateEndpointConnections\": [],\r\n    \"sharedPrivateLinkResources\": [],\r\n    \"encryptionWithCmk\": {\r\n      \"enforcement\": \"Unspecified\",\r\n      \"encryptionComplianceStatus\": \"Compliant\"\r\n    },\r\n    \"disableLocalAuth\": false,\r\n    \"authOptions\": {\r\n      \"apiKeyOnly\": {}\r\n    },\r\n    \"semanticSearch\": \"free\"\r\n  },\r\n  \"sku\": {\r\n    \"name\": \"basic\"\r\n  }\r\n}",
      "StatusCode": 200
    },
    {
      "RequestUri": "/subscriptions/9ff4ebf4-0c4a-43e8-861c-b445afdd66bf/resourceGroups/ps2425/providers/Microsoft.Search/searchServices/ps2425-service?api-version=2023-11-01",
      "EncodedRequestUri": "L3N1YnNjcmlwdGlvbnMvOWZmNGViZjQtMGM0YS00M2U4LTg2MWMtYjQ0NWFmZGQ2NmJmL3Jlc291cmNlR3JvdXBzL3BzMjQyNS9wcm92aWRlcnMvTWljcm9zb2Z0LlNlYXJjaC9zZWFyY2hTZXJ2aWNlcy9wczI0MjUtc2VydmljZT9hcGktdmVyc2lvbj0yMDIzLTExLTAx",
      "RequestMethod": "GET",
      "RequestHeaders": {
        "x-ms-client-request-id": [
          "ada088fe-e99a-42ae-acce-11329f5674ef"
        ],
        "User-Agent": [
          "FxVersion/6.0.2323.48002",
          "OSName/Windows",
          "OSVersion/Microsoft.Windows.10.0.22621",
          "Microsoft.Azure.Management.Search.SearchManagementClient/0.9.0"
        ]
      },
      "RequestBody": "",
      "ResponseHeaders": {
        "Cache-Control": [
          "no-cache"
        ],
        "Pragma": [
          "no-cache"
        ],
        "ETag": [
          "W/\"datetime'2023-10-18T00%3A06%3A29.4652402Z'\""
        ],
        "x-ms-request-id": [
          "ada088fe-e99a-42ae-acce-11329f5674ef"
        ],
        "request-id": [
          "ada088fe-e99a-42ae-acce-11329f5674ef"
        ],
        "elapsed-time": [
          "196"
        ],
        "Strict-Transport-Security": [
          "max-age=31536000; includeSubDomains"
        ],
        "x-ms-ratelimit-remaining-subscription-reads": [
          "11932"
        ],
        "x-ms-correlation-request-id": [
          "bd5c8221-31ad-457d-94b7-5a1e098d9cdf"
        ],
        "x-ms-routing-request-id": [
          "EASTUS2EUAP:20231018T000931Z:bd5c8221-31ad-457d-94b7-5a1e098d9cdf"
        ],
        "X-Content-Type-Options": [
          "nosniff"
        ],
        "X-Cache": [
          "CONFIG_NOCACHE"
        ],
        "X-MSEdge-Ref": [
          "Ref A: 177B4A17011943358C1E02B3C09C8D9D Ref B: CO6AA3150219017 Ref C: 2023-10-18T00:09:31Z"
        ],
        "Date": [
          "Wed, 18 Oct 2023 00:09:31 GMT"
        ],
        "Content-Length": [
          "800"
        ],
        "Content-Type": [
          "application/json; charset=utf-8"
        ],
        "Expires": [
          "-1"
        ]
      },
      "ResponseBody": "{\r\n  \"id\": \"/subscriptions/9ff4ebf4-0c4a-43e8-861c-b445afdd66bf/resourceGroups/ps2425/providers/Microsoft.Search/searchServices/ps2425-service\",\r\n  \"name\": \"ps2425-service\",\r\n  \"type\": \"Microsoft.Search/searchServices\",\r\n  \"location\": \"East US 2 EUAP\",\r\n  \"properties\": {\r\n    \"replicaCount\": 1,\r\n    \"partitionCount\": 1,\r\n    \"status\": \"provisioning\",\r\n    \"statusDetails\": \"\",\r\n    \"provisioningState\": \"provisioning\",\r\n    \"hostingMode\": \"default\",\r\n    \"publicNetworkAccess\": \"Enabled\",\r\n    \"networkRuleSet\": {\r\n      \"ipRules\": [\r\n        {\r\n          \"value\": \"55.5.64.73\"\r\n        },\r\n        {\r\n          \"value\": \"52.228.216.197\"\r\n        },\r\n        {\r\n          \"value\": \"101.37.222.205\"\r\n        }\r\n      ],\r\n      \"bypass\": \"None\"\r\n    },\r\n    \"privateEndpointConnections\": [],\r\n    \"sharedPrivateLinkResources\": [],\r\n    \"encryptionWithCmk\": {\r\n      \"enforcement\": \"Unspecified\",\r\n      \"encryptionComplianceStatus\": \"Compliant\"\r\n    },\r\n    \"disableLocalAuth\": false,\r\n    \"authOptions\": {\r\n      \"apiKeyOnly\": {}\r\n    },\r\n    \"semanticSearch\": \"free\"\r\n  },\r\n  \"sku\": {\r\n    \"name\": \"basic\"\r\n  }\r\n}",
      "StatusCode": 200
    },
    {
      "RequestUri": "/subscriptions/9ff4ebf4-0c4a-43e8-861c-b445afdd66bf/resourceGroups/ps2425/providers/Microsoft.Search/searchServices/ps2425-service?api-version=2023-11-01",
      "EncodedRequestUri": "L3N1YnNjcmlwdGlvbnMvOWZmNGViZjQtMGM0YS00M2U4LTg2MWMtYjQ0NWFmZGQ2NmJmL3Jlc291cmNlR3JvdXBzL3BzMjQyNS9wcm92aWRlcnMvTWljcm9zb2Z0LlNlYXJjaC9zZWFyY2hTZXJ2aWNlcy9wczI0MjUtc2VydmljZT9hcGktdmVyc2lvbj0yMDIzLTExLTAx",
      "RequestMethod": "GET",
      "RequestHeaders": {
        "x-ms-client-request-id": [
          "ada088fe-e99a-42ae-acce-11329f5674ef"
        ],
        "User-Agent": [
          "FxVersion/6.0.2323.48002",
          "OSName/Windows",
          "OSVersion/Microsoft.Windows.10.0.22621",
          "Microsoft.Azure.Management.Search.SearchManagementClient/0.9.0"
        ]
      },
      "RequestBody": "",
      "ResponseHeaders": {
        "Cache-Control": [
          "no-cache"
        ],
        "Pragma": [
          "no-cache"
        ],
        "ETag": [
          "W/\"datetime'2023-10-18T00%3A06%3A29.4652402Z'\""
        ],
        "x-ms-request-id": [
          "ada088fe-e99a-42ae-acce-11329f5674ef"
        ],
        "request-id": [
          "ada088fe-e99a-42ae-acce-11329f5674ef"
        ],
        "elapsed-time": [
          "239"
        ],
        "Strict-Transport-Security": [
          "max-age=31536000; includeSubDomains"
        ],
        "x-ms-ratelimit-remaining-subscription-reads": [
          "11939"
        ],
        "x-ms-correlation-request-id": [
          "151afd1d-f1c6-4dd6-a0d0-774ace711bcd"
        ],
        "x-ms-routing-request-id": [
          "EASTUS2EUAP:20231018T001002Z:151afd1d-f1c6-4dd6-a0d0-774ace711bcd"
        ],
        "X-Content-Type-Options": [
          "nosniff"
        ],
        "X-Cache": [
          "CONFIG_NOCACHE"
        ],
        "X-MSEdge-Ref": [
          "Ref A: 435B6816590140FD9C84C2DE6D112F54 Ref B: CO6AA3150219017 Ref C: 2023-10-18T00:10:01Z"
        ],
        "Date": [
          "Wed, 18 Oct 2023 00:10:02 GMT"
        ],
        "Content-Length": [
          "800"
        ],
        "Content-Type": [
          "application/json; charset=utf-8"
        ],
        "Expires": [
          "-1"
        ]
      },
      "ResponseBody": "{\r\n  \"id\": \"/subscriptions/9ff4ebf4-0c4a-43e8-861c-b445afdd66bf/resourceGroups/ps2425/providers/Microsoft.Search/searchServices/ps2425-service\",\r\n  \"name\": \"ps2425-service\",\r\n  \"type\": \"Microsoft.Search/searchServices\",\r\n  \"location\": \"East US 2 EUAP\",\r\n  \"properties\": {\r\n    \"replicaCount\": 1,\r\n    \"partitionCount\": 1,\r\n    \"status\": \"provisioning\",\r\n    \"statusDetails\": \"\",\r\n    \"provisioningState\": \"provisioning\",\r\n    \"hostingMode\": \"default\",\r\n    \"publicNetworkAccess\": \"Enabled\",\r\n    \"networkRuleSet\": {\r\n      \"ipRules\": [\r\n        {\r\n          \"value\": \"55.5.64.73\"\r\n        },\r\n        {\r\n          \"value\": \"52.228.216.197\"\r\n        },\r\n        {\r\n          \"value\": \"101.37.222.205\"\r\n        }\r\n      ],\r\n      \"bypass\": \"None\"\r\n    },\r\n    \"privateEndpointConnections\": [],\r\n    \"sharedPrivateLinkResources\": [],\r\n    \"encryptionWithCmk\": {\r\n      \"enforcement\": \"Unspecified\",\r\n      \"encryptionComplianceStatus\": \"Compliant\"\r\n    },\r\n    \"disableLocalAuth\": false,\r\n    \"authOptions\": {\r\n      \"apiKeyOnly\": {}\r\n    },\r\n    \"semanticSearch\": \"free\"\r\n  },\r\n  \"sku\": {\r\n    \"name\": \"basic\"\r\n  }\r\n}",
      "StatusCode": 200
    },
    {
      "RequestUri": "/subscriptions/9ff4ebf4-0c4a-43e8-861c-b445afdd66bf/resourceGroups/ps2425/providers/Microsoft.Search/searchServices/ps2425-service?api-version=2023-11-01",
      "EncodedRequestUri": "L3N1YnNjcmlwdGlvbnMvOWZmNGViZjQtMGM0YS00M2U4LTg2MWMtYjQ0NWFmZGQ2NmJmL3Jlc291cmNlR3JvdXBzL3BzMjQyNS9wcm92aWRlcnMvTWljcm9zb2Z0LlNlYXJjaC9zZWFyY2hTZXJ2aWNlcy9wczI0MjUtc2VydmljZT9hcGktdmVyc2lvbj0yMDIzLTExLTAx",
      "RequestMethod": "GET",
      "RequestHeaders": {
        "x-ms-client-request-id": [
          "ada088fe-e99a-42ae-acce-11329f5674ef"
        ],
        "User-Agent": [
          "FxVersion/6.0.2323.48002",
          "OSName/Windows",
          "OSVersion/Microsoft.Windows.10.0.22621",
          "Microsoft.Azure.Management.Search.SearchManagementClient/0.9.0"
        ]
      },
      "RequestBody": "",
      "ResponseHeaders": {
        "Cache-Control": [
          "no-cache"
        ],
        "Pragma": [
          "no-cache"
        ],
        "ETag": [
          "W/\"datetime'2023-10-18T00%3A06%3A29.4652402Z'\""
        ],
        "x-ms-request-id": [
          "ada088fe-e99a-42ae-acce-11329f5674ef"
        ],
        "request-id": [
          "ada088fe-e99a-42ae-acce-11329f5674ef"
        ],
        "elapsed-time": [
          "194"
        ],
        "Strict-Transport-Security": [
          "max-age=31536000; includeSubDomains"
        ],
        "x-ms-ratelimit-remaining-subscription-reads": [
          "11938"
        ],
        "x-ms-correlation-request-id": [
          "440b3261-732a-445b-a983-ddf7871edced"
        ],
        "x-ms-routing-request-id": [
          "EASTUS2EUAP:20231018T001032Z:440b3261-732a-445b-a983-ddf7871edced"
        ],
        "X-Content-Type-Options": [
          "nosniff"
        ],
        "X-Cache": [
          "CONFIG_NOCACHE"
        ],
        "X-MSEdge-Ref": [
          "Ref A: E8C3B5EC09E948D29F25D8169607FC2B Ref B: CO6AA3150219017 Ref C: 2023-10-18T00:10:32Z"
        ],
        "Date": [
          "Wed, 18 Oct 2023 00:10:32 GMT"
        ],
        "Content-Length": [
          "800"
        ],
        "Content-Type": [
          "application/json; charset=utf-8"
        ],
        "Expires": [
          "-1"
        ]
      },
      "ResponseBody": "{\r\n  \"id\": \"/subscriptions/9ff4ebf4-0c4a-43e8-861c-b445afdd66bf/resourceGroups/ps2425/providers/Microsoft.Search/searchServices/ps2425-service\",\r\n  \"name\": \"ps2425-service\",\r\n  \"type\": \"Microsoft.Search/searchServices\",\r\n  \"location\": \"East US 2 EUAP\",\r\n  \"properties\": {\r\n    \"replicaCount\": 1,\r\n    \"partitionCount\": 1,\r\n    \"status\": \"provisioning\",\r\n    \"statusDetails\": \"\",\r\n    \"provisioningState\": \"provisioning\",\r\n    \"hostingMode\": \"default\",\r\n    \"publicNetworkAccess\": \"Enabled\",\r\n    \"networkRuleSet\": {\r\n      \"ipRules\": [\r\n        {\r\n          \"value\": \"55.5.64.73\"\r\n        },\r\n        {\r\n          \"value\": \"52.228.216.197\"\r\n        },\r\n        {\r\n          \"value\": \"101.37.222.205\"\r\n        }\r\n      ],\r\n      \"bypass\": \"None\"\r\n    },\r\n    \"privateEndpointConnections\": [],\r\n    \"sharedPrivateLinkResources\": [],\r\n    \"encryptionWithCmk\": {\r\n      \"enforcement\": \"Unspecified\",\r\n      \"encryptionComplianceStatus\": \"Compliant\"\r\n    },\r\n    \"disableLocalAuth\": false,\r\n    \"authOptions\": {\r\n      \"apiKeyOnly\": {}\r\n    },\r\n    \"semanticSearch\": \"free\"\r\n  },\r\n  \"sku\": {\r\n    \"name\": \"basic\"\r\n  }\r\n}",
      "StatusCode": 200
    },
    {
      "RequestUri": "/subscriptions/9ff4ebf4-0c4a-43e8-861c-b445afdd66bf/resourceGroups/ps2425/providers/Microsoft.Search/searchServices/ps2425-service?api-version=2023-11-01",
      "EncodedRequestUri": "L3N1YnNjcmlwdGlvbnMvOWZmNGViZjQtMGM0YS00M2U4LTg2MWMtYjQ0NWFmZGQ2NmJmL3Jlc291cmNlR3JvdXBzL3BzMjQyNS9wcm92aWRlcnMvTWljcm9zb2Z0LlNlYXJjaC9zZWFyY2hTZXJ2aWNlcy9wczI0MjUtc2VydmljZT9hcGktdmVyc2lvbj0yMDIzLTExLTAx",
      "RequestMethod": "GET",
      "RequestHeaders": {
        "x-ms-client-request-id": [
          "ada088fe-e99a-42ae-acce-11329f5674ef"
        ],
        "User-Agent": [
          "FxVersion/6.0.2323.48002",
          "OSName/Windows",
          "OSVersion/Microsoft.Windows.10.0.22621",
          "Microsoft.Azure.Management.Search.SearchManagementClient/0.9.0"
        ]
      },
      "RequestBody": "",
      "ResponseHeaders": {
        "Cache-Control": [
          "no-cache"
        ],
        "Pragma": [
          "no-cache"
        ],
        "ETag": [
          "W/\"datetime'2023-10-18T00%3A06%3A29.4652402Z'\""
        ],
        "x-ms-request-id": [
          "ada088fe-e99a-42ae-acce-11329f5674ef"
        ],
        "request-id": [
          "ada088fe-e99a-42ae-acce-11329f5674ef"
        ],
        "elapsed-time": [
          "253"
        ],
        "Strict-Transport-Security": [
          "max-age=31536000; includeSubDomains"
        ],
        "x-ms-ratelimit-remaining-subscription-reads": [
          "11937"
        ],
        "x-ms-correlation-request-id": [
          "02dd4f9d-fdda-4d1a-a362-0edf7019505c"
        ],
        "x-ms-routing-request-id": [
          "EASTUS2EUAP:20231018T001102Z:02dd4f9d-fdda-4d1a-a362-0edf7019505c"
        ],
        "X-Content-Type-Options": [
          "nosniff"
        ],
        "X-Cache": [
          "CONFIG_NOCACHE"
        ],
        "X-MSEdge-Ref": [
          "Ref A: 5C0496CF7DC846CEA57F4905BAEC3734 Ref B: CO6AA3150219017 Ref C: 2023-10-18T00:11:02Z"
        ],
        "Date": [
          "Wed, 18 Oct 2023 00:11:02 GMT"
        ],
        "Content-Length": [
          "800"
        ],
        "Content-Type": [
          "application/json; charset=utf-8"
        ],
        "Expires": [
          "-1"
        ]
      },
      "ResponseBody": "{\r\n  \"id\": \"/subscriptions/9ff4ebf4-0c4a-43e8-861c-b445afdd66bf/resourceGroups/ps2425/providers/Microsoft.Search/searchServices/ps2425-service\",\r\n  \"name\": \"ps2425-service\",\r\n  \"type\": \"Microsoft.Search/searchServices\",\r\n  \"location\": \"East US 2 EUAP\",\r\n  \"properties\": {\r\n    \"replicaCount\": 1,\r\n    \"partitionCount\": 1,\r\n    \"status\": \"provisioning\",\r\n    \"statusDetails\": \"\",\r\n    \"provisioningState\": \"provisioning\",\r\n    \"hostingMode\": \"default\",\r\n    \"publicNetworkAccess\": \"Enabled\",\r\n    \"networkRuleSet\": {\r\n      \"ipRules\": [\r\n        {\r\n          \"value\": \"55.5.64.73\"\r\n        },\r\n        {\r\n          \"value\": \"52.228.216.197\"\r\n        },\r\n        {\r\n          \"value\": \"101.37.222.205\"\r\n        }\r\n      ],\r\n      \"bypass\": \"None\"\r\n    },\r\n    \"privateEndpointConnections\": [],\r\n    \"sharedPrivateLinkResources\": [],\r\n    \"encryptionWithCmk\": {\r\n      \"enforcement\": \"Unspecified\",\r\n      \"encryptionComplianceStatus\": \"Compliant\"\r\n    },\r\n    \"disableLocalAuth\": false,\r\n    \"authOptions\": {\r\n      \"apiKeyOnly\": {}\r\n    },\r\n    \"semanticSearch\": \"free\"\r\n  },\r\n  \"sku\": {\r\n    \"name\": \"basic\"\r\n  }\r\n}",
      "StatusCode": 200
    },
    {
      "RequestUri": "/subscriptions/9ff4ebf4-0c4a-43e8-861c-b445afdd66bf/resourceGroups/ps2425/providers/Microsoft.Search/searchServices/ps2425-service?api-version=2023-11-01",
      "EncodedRequestUri": "L3N1YnNjcmlwdGlvbnMvOWZmNGViZjQtMGM0YS00M2U4LTg2MWMtYjQ0NWFmZGQ2NmJmL3Jlc291cmNlR3JvdXBzL3BzMjQyNS9wcm92aWRlcnMvTWljcm9zb2Z0LlNlYXJjaC9zZWFyY2hTZXJ2aWNlcy9wczI0MjUtc2VydmljZT9hcGktdmVyc2lvbj0yMDIzLTExLTAx",
      "RequestMethod": "GET",
      "RequestHeaders": {
        "x-ms-client-request-id": [
          "ada088fe-e99a-42ae-acce-11329f5674ef"
        ],
        "User-Agent": [
          "FxVersion/6.0.2323.48002",
          "OSName/Windows",
          "OSVersion/Microsoft.Windows.10.0.22621",
          "Microsoft.Azure.Management.Search.SearchManagementClient/0.9.0"
        ]
      },
      "RequestBody": "",
      "ResponseHeaders": {
        "Cache-Control": [
          "no-cache"
        ],
        "Pragma": [
          "no-cache"
        ],
        "ETag": [
          "W/\"datetime'2023-10-18T00%3A06%3A29.4652402Z'\""
        ],
        "x-ms-request-id": [
          "ada088fe-e99a-42ae-acce-11329f5674ef"
        ],
        "request-id": [
          "ada088fe-e99a-42ae-acce-11329f5674ef"
        ],
        "elapsed-time": [
          "293"
        ],
        "Strict-Transport-Security": [
          "max-age=31536000; includeSubDomains"
        ],
        "x-ms-ratelimit-remaining-subscription-reads": [
          "11936"
        ],
        "x-ms-correlation-request-id": [
          "89e05c6c-db6d-447e-b71c-0c39cc396649"
        ],
        "x-ms-routing-request-id": [
          "EASTUS2EUAP:20231018T001133Z:89e05c6c-db6d-447e-b71c-0c39cc396649"
        ],
        "X-Content-Type-Options": [
          "nosniff"
        ],
        "X-Cache": [
          "CONFIG_NOCACHE"
        ],
        "X-MSEdge-Ref": [
          "Ref A: 783DFA8488DA454A9E79EE3DC6BA3F1F Ref B: CO6AA3150219017 Ref C: 2023-10-18T00:11:33Z"
        ],
        "Date": [
          "Wed, 18 Oct 2023 00:11:33 GMT"
        ],
        "Content-Length": [
          "800"
        ],
        "Content-Type": [
          "application/json; charset=utf-8"
        ],
        "Expires": [
          "-1"
        ]
      },
      "ResponseBody": "{\r\n  \"id\": \"/subscriptions/9ff4ebf4-0c4a-43e8-861c-b445afdd66bf/resourceGroups/ps2425/providers/Microsoft.Search/searchServices/ps2425-service\",\r\n  \"name\": \"ps2425-service\",\r\n  \"type\": \"Microsoft.Search/searchServices\",\r\n  \"location\": \"East US 2 EUAP\",\r\n  \"properties\": {\r\n    \"replicaCount\": 1,\r\n    \"partitionCount\": 1,\r\n    \"status\": \"provisioning\",\r\n    \"statusDetails\": \"\",\r\n    \"provisioningState\": \"provisioning\",\r\n    \"hostingMode\": \"default\",\r\n    \"publicNetworkAccess\": \"Enabled\",\r\n    \"networkRuleSet\": {\r\n      \"ipRules\": [\r\n        {\r\n          \"value\": \"55.5.64.73\"\r\n        },\r\n        {\r\n          \"value\": \"52.228.216.197\"\r\n        },\r\n        {\r\n          \"value\": \"101.37.222.205\"\r\n        }\r\n      ],\r\n      \"bypass\": \"None\"\r\n    },\r\n    \"privateEndpointConnections\": [],\r\n    \"sharedPrivateLinkResources\": [],\r\n    \"encryptionWithCmk\": {\r\n      \"enforcement\": \"Unspecified\",\r\n      \"encryptionComplianceStatus\": \"Compliant\"\r\n    },\r\n    \"disableLocalAuth\": false,\r\n    \"authOptions\": {\r\n      \"apiKeyOnly\": {}\r\n    },\r\n    \"semanticSearch\": \"free\"\r\n  },\r\n  \"sku\": {\r\n    \"name\": \"basic\"\r\n  }\r\n}",
      "StatusCode": 200
    },
    {
      "RequestUri": "/subscriptions/9ff4ebf4-0c4a-43e8-861c-b445afdd66bf/resourceGroups/ps2425/providers/Microsoft.Search/searchServices/ps2425-service?api-version=2023-11-01",
      "EncodedRequestUri": "L3N1YnNjcmlwdGlvbnMvOWZmNGViZjQtMGM0YS00M2U4LTg2MWMtYjQ0NWFmZGQ2NmJmL3Jlc291cmNlR3JvdXBzL3BzMjQyNS9wcm92aWRlcnMvTWljcm9zb2Z0LlNlYXJjaC9zZWFyY2hTZXJ2aWNlcy9wczI0MjUtc2VydmljZT9hcGktdmVyc2lvbj0yMDIzLTExLTAx",
      "RequestMethod": "GET",
      "RequestHeaders": {
        "x-ms-client-request-id": [
          "ada088fe-e99a-42ae-acce-11329f5674ef"
        ],
        "User-Agent": [
          "FxVersion/6.0.2323.48002",
          "OSName/Windows",
          "OSVersion/Microsoft.Windows.10.0.22621",
          "Microsoft.Azure.Management.Search.SearchManagementClient/0.9.0"
        ]
      },
      "RequestBody": "",
      "ResponseHeaders": {
        "Cache-Control": [
          "no-cache"
        ],
        "Pragma": [
          "no-cache"
        ],
        "ETag": [
          "W/\"datetime'2023-10-18T00%3A06%3A29.4652402Z'\""
        ],
        "x-ms-request-id": [
          "ada088fe-e99a-42ae-acce-11329f5674ef"
        ],
        "request-id": [
          "ada088fe-e99a-42ae-acce-11329f5674ef"
        ],
        "elapsed-time": [
          "209"
        ],
        "Strict-Transport-Security": [
          "max-age=31536000; includeSubDomains"
        ],
        "x-ms-ratelimit-remaining-subscription-reads": [
          "11935"
        ],
        "x-ms-correlation-request-id": [
          "718e3907-493b-4df1-8593-66ea1c933385"
        ],
        "x-ms-routing-request-id": [
          "EASTUS2EUAP:20231018T001203Z:718e3907-493b-4df1-8593-66ea1c933385"
        ],
        "X-Content-Type-Options": [
          "nosniff"
        ],
        "X-Cache": [
          "CONFIG_NOCACHE"
        ],
        "X-MSEdge-Ref": [
          "Ref A: 1610E0953B8B41D1BDBFDE5190A94629 Ref B: CO6AA3150219017 Ref C: 2023-10-18T00:12:03Z"
        ],
        "Date": [
          "Wed, 18 Oct 2023 00:12:03 GMT"
        ],
        "Content-Length": [
          "800"
        ],
        "Content-Type": [
          "application/json; charset=utf-8"
        ],
        "Expires": [
          "-1"
        ]
      },
      "ResponseBody": "{\r\n  \"id\": \"/subscriptions/9ff4ebf4-0c4a-43e8-861c-b445afdd66bf/resourceGroups/ps2425/providers/Microsoft.Search/searchServices/ps2425-service\",\r\n  \"name\": \"ps2425-service\",\r\n  \"type\": \"Microsoft.Search/searchServices\",\r\n  \"location\": \"East US 2 EUAP\",\r\n  \"properties\": {\r\n    \"replicaCount\": 1,\r\n    \"partitionCount\": 1,\r\n    \"status\": \"provisioning\",\r\n    \"statusDetails\": \"\",\r\n    \"provisioningState\": \"provisioning\",\r\n    \"hostingMode\": \"default\",\r\n    \"publicNetworkAccess\": \"Enabled\",\r\n    \"networkRuleSet\": {\r\n      \"ipRules\": [\r\n        {\r\n          \"value\": \"55.5.64.73\"\r\n        },\r\n        {\r\n          \"value\": \"52.228.216.197\"\r\n        },\r\n        {\r\n          \"value\": \"101.37.222.205\"\r\n        }\r\n      ],\r\n      \"bypass\": \"None\"\r\n    },\r\n    \"privateEndpointConnections\": [],\r\n    \"sharedPrivateLinkResources\": [],\r\n    \"encryptionWithCmk\": {\r\n      \"enforcement\": \"Unspecified\",\r\n      \"encryptionComplianceStatus\": \"Compliant\"\r\n    },\r\n    \"disableLocalAuth\": false,\r\n    \"authOptions\": {\r\n      \"apiKeyOnly\": {}\r\n    },\r\n    \"semanticSearch\": \"free\"\r\n  },\r\n  \"sku\": {\r\n    \"name\": \"basic\"\r\n  }\r\n}",
      "StatusCode": 200
    },
    {
      "RequestUri": "/subscriptions/9ff4ebf4-0c4a-43e8-861c-b445afdd66bf/resourceGroups/ps2425/providers/Microsoft.Search/searchServices/ps2425-service?api-version=2023-11-01",
      "EncodedRequestUri": "L3N1YnNjcmlwdGlvbnMvOWZmNGViZjQtMGM0YS00M2U4LTg2MWMtYjQ0NWFmZGQ2NmJmL3Jlc291cmNlR3JvdXBzL3BzMjQyNS9wcm92aWRlcnMvTWljcm9zb2Z0LlNlYXJjaC9zZWFyY2hTZXJ2aWNlcy9wczI0MjUtc2VydmljZT9hcGktdmVyc2lvbj0yMDIzLTExLTAx",
      "RequestMethod": "GET",
      "RequestHeaders": {
        "x-ms-client-request-id": [
          "ada088fe-e99a-42ae-acce-11329f5674ef"
        ],
        "User-Agent": [
          "FxVersion/6.0.2323.48002",
          "OSName/Windows",
          "OSVersion/Microsoft.Windows.10.0.22621",
          "Microsoft.Azure.Management.Search.SearchManagementClient/0.9.0"
        ]
      },
      "RequestBody": "",
      "ResponseHeaders": {
        "Cache-Control": [
          "no-cache"
        ],
        "Pragma": [
          "no-cache"
        ],
        "ETag": [
          "W/\"datetime'2023-10-18T00%3A06%3A29.4652402Z'\""
        ],
        "x-ms-request-id": [
          "ada088fe-e99a-42ae-acce-11329f5674ef"
        ],
        "request-id": [
          "ada088fe-e99a-42ae-acce-11329f5674ef"
        ],
        "elapsed-time": [
          "215"
        ],
        "Strict-Transport-Security": [
          "max-age=31536000; includeSubDomains"
        ],
        "x-ms-ratelimit-remaining-subscription-reads": [
          "11934"
        ],
        "x-ms-correlation-request-id": [
          "b9f5f5bf-7e15-4ab0-812f-9aaced02dd07"
        ],
        "x-ms-routing-request-id": [
          "EASTUS2EUAP:20231018T001234Z:b9f5f5bf-7e15-4ab0-812f-9aaced02dd07"
        ],
        "X-Content-Type-Options": [
          "nosniff"
        ],
        "X-Cache": [
          "CONFIG_NOCACHE"
        ],
        "X-MSEdge-Ref": [
          "Ref A: C75E78FF05524259B93B0E4A4199AF35 Ref B: CO6AA3150219017 Ref C: 2023-10-18T00:12:33Z"
        ],
        "Date": [
          "Wed, 18 Oct 2023 00:12:33 GMT"
        ],
        "Content-Length": [
          "800"
        ],
        "Content-Type": [
          "application/json; charset=utf-8"
        ],
        "Expires": [
          "-1"
        ]
      },
      "ResponseBody": "{\r\n  \"id\": \"/subscriptions/9ff4ebf4-0c4a-43e8-861c-b445afdd66bf/resourceGroups/ps2425/providers/Microsoft.Search/searchServices/ps2425-service\",\r\n  \"name\": \"ps2425-service\",\r\n  \"type\": \"Microsoft.Search/searchServices\",\r\n  \"location\": \"East US 2 EUAP\",\r\n  \"properties\": {\r\n    \"replicaCount\": 1,\r\n    \"partitionCount\": 1,\r\n    \"status\": \"provisioning\",\r\n    \"statusDetails\": \"\",\r\n    \"provisioningState\": \"provisioning\",\r\n    \"hostingMode\": \"default\",\r\n    \"publicNetworkAccess\": \"Enabled\",\r\n    \"networkRuleSet\": {\r\n      \"ipRules\": [\r\n        {\r\n          \"value\": \"55.5.64.73\"\r\n        },\r\n        {\r\n          \"value\": \"52.228.216.197\"\r\n        },\r\n        {\r\n          \"value\": \"101.37.222.205\"\r\n        }\r\n      ],\r\n      \"bypass\": \"None\"\r\n    },\r\n    \"privateEndpointConnections\": [],\r\n    \"sharedPrivateLinkResources\": [],\r\n    \"encryptionWithCmk\": {\r\n      \"enforcement\": \"Unspecified\",\r\n      \"encryptionComplianceStatus\": \"Compliant\"\r\n    },\r\n    \"disableLocalAuth\": false,\r\n    \"authOptions\": {\r\n      \"apiKeyOnly\": {}\r\n    },\r\n    \"semanticSearch\": \"free\"\r\n  },\r\n  \"sku\": {\r\n    \"name\": \"basic\"\r\n  }\r\n}",
      "StatusCode": 200
    },
    {
      "RequestUri": "/subscriptions/9ff4ebf4-0c4a-43e8-861c-b445afdd66bf/resourceGroups/ps2425/providers/Microsoft.Search/searchServices/ps2425-service?api-version=2023-11-01",
      "EncodedRequestUri": "L3N1YnNjcmlwdGlvbnMvOWZmNGViZjQtMGM0YS00M2U4LTg2MWMtYjQ0NWFmZGQ2NmJmL3Jlc291cmNlR3JvdXBzL3BzMjQyNS9wcm92aWRlcnMvTWljcm9zb2Z0LlNlYXJjaC9zZWFyY2hTZXJ2aWNlcy9wczI0MjUtc2VydmljZT9hcGktdmVyc2lvbj0yMDIzLTExLTAx",
      "RequestMethod": "GET",
      "RequestHeaders": {
        "x-ms-client-request-id": [
          "ada088fe-e99a-42ae-acce-11329f5674ef"
        ],
        "User-Agent": [
          "FxVersion/6.0.2323.48002",
          "OSName/Windows",
          "OSVersion/Microsoft.Windows.10.0.22621",
          "Microsoft.Azure.Management.Search.SearchManagementClient/0.9.0"
        ]
      },
      "RequestBody": "",
      "ResponseHeaders": {
        "Cache-Control": [
          "no-cache"
        ],
        "Pragma": [
          "no-cache"
        ],
        "ETag": [
          "W/\"datetime'2023-10-18T00%3A06%3A29.4652402Z'\""
        ],
        "x-ms-request-id": [
          "ada088fe-e99a-42ae-acce-11329f5674ef"
        ],
        "request-id": [
          "ada088fe-e99a-42ae-acce-11329f5674ef"
        ],
        "elapsed-time": [
          "201"
        ],
        "Strict-Transport-Security": [
          "max-age=31536000; includeSubDomains"
        ],
        "x-ms-ratelimit-remaining-subscription-reads": [
          "11933"
        ],
        "x-ms-correlation-request-id": [
          "18d1ae5c-7c23-4239-ae99-3f4fe4d7e6af"
        ],
        "x-ms-routing-request-id": [
          "EASTUS2EUAP:20231018T001304Z:18d1ae5c-7c23-4239-ae99-3f4fe4d7e6af"
        ],
        "X-Content-Type-Options": [
          "nosniff"
        ],
        "X-Cache": [
          "CONFIG_NOCACHE"
        ],
        "X-MSEdge-Ref": [
          "Ref A: 309187F9581A4A36B662F82B7025ED29 Ref B: CO6AA3150219017 Ref C: 2023-10-18T00:13:04Z"
        ],
        "Date": [
          "Wed, 18 Oct 2023 00:13:03 GMT"
        ],
        "Content-Length": [
          "800"
        ],
        "Content-Type": [
          "application/json; charset=utf-8"
        ],
        "Expires": [
          "-1"
        ]
      },
      "ResponseBody": "{\r\n  \"id\": \"/subscriptions/9ff4ebf4-0c4a-43e8-861c-b445afdd66bf/resourceGroups/ps2425/providers/Microsoft.Search/searchServices/ps2425-service\",\r\n  \"name\": \"ps2425-service\",\r\n  \"type\": \"Microsoft.Search/searchServices\",\r\n  \"location\": \"East US 2 EUAP\",\r\n  \"properties\": {\r\n    \"replicaCount\": 1,\r\n    \"partitionCount\": 1,\r\n    \"status\": \"provisioning\",\r\n    \"statusDetails\": \"\",\r\n    \"provisioningState\": \"provisioning\",\r\n    \"hostingMode\": \"default\",\r\n    \"publicNetworkAccess\": \"Enabled\",\r\n    \"networkRuleSet\": {\r\n      \"ipRules\": [\r\n        {\r\n          \"value\": \"55.5.64.73\"\r\n        },\r\n        {\r\n          \"value\": \"52.228.216.197\"\r\n        },\r\n        {\r\n          \"value\": \"101.37.222.205\"\r\n        }\r\n      ],\r\n      \"bypass\": \"None\"\r\n    },\r\n    \"privateEndpointConnections\": [],\r\n    \"sharedPrivateLinkResources\": [],\r\n    \"encryptionWithCmk\": {\r\n      \"enforcement\": \"Unspecified\",\r\n      \"encryptionComplianceStatus\": \"Compliant\"\r\n    },\r\n    \"disableLocalAuth\": false,\r\n    \"authOptions\": {\r\n      \"apiKeyOnly\": {}\r\n    },\r\n    \"semanticSearch\": \"free\"\r\n  },\r\n  \"sku\": {\r\n    \"name\": \"basic\"\r\n  }\r\n}",
      "StatusCode": 200
    },
    {
      "RequestUri": "/subscriptions/9ff4ebf4-0c4a-43e8-861c-b445afdd66bf/resourceGroups/ps2425/providers/Microsoft.Search/searchServices/ps2425-service?api-version=2023-11-01",
      "EncodedRequestUri": "L3N1YnNjcmlwdGlvbnMvOWZmNGViZjQtMGM0YS00M2U4LTg2MWMtYjQ0NWFmZGQ2NmJmL3Jlc291cmNlR3JvdXBzL3BzMjQyNS9wcm92aWRlcnMvTWljcm9zb2Z0LlNlYXJjaC9zZWFyY2hTZXJ2aWNlcy9wczI0MjUtc2VydmljZT9hcGktdmVyc2lvbj0yMDIzLTExLTAx",
      "RequestMethod": "GET",
      "RequestHeaders": {
        "x-ms-client-request-id": [
          "ada088fe-e99a-42ae-acce-11329f5674ef"
        ],
        "User-Agent": [
          "FxVersion/6.0.2323.48002",
          "OSName/Windows",
          "OSVersion/Microsoft.Windows.10.0.22621",
          "Microsoft.Azure.Management.Search.SearchManagementClient/0.9.0"
        ]
      },
      "RequestBody": "",
      "ResponseHeaders": {
        "Cache-Control": [
          "no-cache"
        ],
        "Pragma": [
          "no-cache"
        ],
        "ETag": [
          "W/\"datetime'2023-10-18T00%3A06%3A29.4652402Z'\""
        ],
        "x-ms-request-id": [
          "ada088fe-e99a-42ae-acce-11329f5674ef"
        ],
        "request-id": [
          "ada088fe-e99a-42ae-acce-11329f5674ef"
        ],
        "elapsed-time": [
          "237"
        ],
        "Strict-Transport-Security": [
          "max-age=31536000; includeSubDomains"
        ],
        "x-ms-ratelimit-remaining-subscription-reads": [
          "11932"
        ],
        "x-ms-correlation-request-id": [
          "e8e496d3-a1f6-4868-82d6-c7ec8ad6b0cd"
        ],
        "x-ms-routing-request-id": [
          "EASTUS2EUAP:20231018T001334Z:e8e496d3-a1f6-4868-82d6-c7ec8ad6b0cd"
        ],
        "X-Content-Type-Options": [
          "nosniff"
        ],
        "X-Cache": [
          "CONFIG_NOCACHE"
        ],
        "X-MSEdge-Ref": [
          "Ref A: 272F0EC5DB0F4265A563C73C612C1D37 Ref B: CO6AA3150219017 Ref C: 2023-10-18T00:13:34Z"
        ],
        "Date": [
          "Wed, 18 Oct 2023 00:13:34 GMT"
        ],
        "Content-Length": [
          "800"
        ],
        "Content-Type": [
          "application/json; charset=utf-8"
        ],
        "Expires": [
          "-1"
        ]
      },
      "ResponseBody": "{\r\n  \"id\": \"/subscriptions/9ff4ebf4-0c4a-43e8-861c-b445afdd66bf/resourceGroups/ps2425/providers/Microsoft.Search/searchServices/ps2425-service\",\r\n  \"name\": \"ps2425-service\",\r\n  \"type\": \"Microsoft.Search/searchServices\",\r\n  \"location\": \"East US 2 EUAP\",\r\n  \"properties\": {\r\n    \"replicaCount\": 1,\r\n    \"partitionCount\": 1,\r\n    \"status\": \"provisioning\",\r\n    \"statusDetails\": \"\",\r\n    \"provisioningState\": \"provisioning\",\r\n    \"hostingMode\": \"default\",\r\n    \"publicNetworkAccess\": \"Enabled\",\r\n    \"networkRuleSet\": {\r\n      \"ipRules\": [\r\n        {\r\n          \"value\": \"55.5.64.73\"\r\n        },\r\n        {\r\n          \"value\": \"52.228.216.197\"\r\n        },\r\n        {\r\n          \"value\": \"101.37.222.205\"\r\n        }\r\n      ],\r\n      \"bypass\": \"None\"\r\n    },\r\n    \"privateEndpointConnections\": [],\r\n    \"sharedPrivateLinkResources\": [],\r\n    \"encryptionWithCmk\": {\r\n      \"enforcement\": \"Unspecified\",\r\n      \"encryptionComplianceStatus\": \"Compliant\"\r\n    },\r\n    \"disableLocalAuth\": false,\r\n    \"authOptions\": {\r\n      \"apiKeyOnly\": {}\r\n    },\r\n    \"semanticSearch\": \"free\"\r\n  },\r\n  \"sku\": {\r\n    \"name\": \"basic\"\r\n  }\r\n}",
      "StatusCode": 200
    },
    {
      "RequestUri": "/subscriptions/9ff4ebf4-0c4a-43e8-861c-b445afdd66bf/resourceGroups/ps2425/providers/Microsoft.Search/searchServices/ps2425-service?api-version=2023-11-01",
      "EncodedRequestUri": "L3N1YnNjcmlwdGlvbnMvOWZmNGViZjQtMGM0YS00M2U4LTg2MWMtYjQ0NWFmZGQ2NmJmL3Jlc291cmNlR3JvdXBzL3BzMjQyNS9wcm92aWRlcnMvTWljcm9zb2Z0LlNlYXJjaC9zZWFyY2hTZXJ2aWNlcy9wczI0MjUtc2VydmljZT9hcGktdmVyc2lvbj0yMDIzLTExLTAx",
      "RequestMethod": "GET",
      "RequestHeaders": {
        "x-ms-client-request-id": [
          "ada088fe-e99a-42ae-acce-11329f5674ef"
        ],
        "User-Agent": [
          "FxVersion/6.0.2323.48002",
          "OSName/Windows",
          "OSVersion/Microsoft.Windows.10.0.22621",
          "Microsoft.Azure.Management.Search.SearchManagementClient/0.9.0"
        ]
      },
      "RequestBody": "",
      "ResponseHeaders": {
        "Cache-Control": [
          "no-cache"
        ],
        "Pragma": [
          "no-cache"
        ],
        "ETag": [
          "W/\"datetime'2023-10-18T00%3A06%3A29.4652402Z'\""
        ],
        "x-ms-request-id": [
          "ada088fe-e99a-42ae-acce-11329f5674ef"
        ],
        "request-id": [
          "ada088fe-e99a-42ae-acce-11329f5674ef"
        ],
        "elapsed-time": [
          "238"
        ],
        "Strict-Transport-Security": [
          "max-age=31536000; includeSubDomains"
        ],
        "x-ms-ratelimit-remaining-subscription-reads": [
          "11930"
        ],
        "x-ms-correlation-request-id": [
          "3700935f-f15d-461e-8d5b-e3fd0614ed91"
        ],
        "x-ms-routing-request-id": [
          "EASTUS2EUAP:20231018T001405Z:3700935f-f15d-461e-8d5b-e3fd0614ed91"
        ],
        "X-Content-Type-Options": [
          "nosniff"
        ],
        "X-Cache": [
          "CONFIG_NOCACHE"
        ],
        "X-MSEdge-Ref": [
          "Ref A: 49A22BCDA5444DEBB66D8962F0BA317E Ref B: CO6AA3150219017 Ref C: 2023-10-18T00:14:04Z"
        ],
        "Date": [
          "Wed, 18 Oct 2023 00:14:04 GMT"
        ],
        "Content-Length": [
          "800"
        ],
        "Content-Type": [
          "application/json; charset=utf-8"
        ],
        "Expires": [
          "-1"
        ]
      },
      "ResponseBody": "{\r\n  \"id\": \"/subscriptions/9ff4ebf4-0c4a-43e8-861c-b445afdd66bf/resourceGroups/ps2425/providers/Microsoft.Search/searchServices/ps2425-service\",\r\n  \"name\": \"ps2425-service\",\r\n  \"type\": \"Microsoft.Search/searchServices\",\r\n  \"location\": \"East US 2 EUAP\",\r\n  \"properties\": {\r\n    \"replicaCount\": 1,\r\n    \"partitionCount\": 1,\r\n    \"status\": \"provisioning\",\r\n    \"statusDetails\": \"\",\r\n    \"provisioningState\": \"provisioning\",\r\n    \"hostingMode\": \"default\",\r\n    \"publicNetworkAccess\": \"Enabled\",\r\n    \"networkRuleSet\": {\r\n      \"ipRules\": [\r\n        {\r\n          \"value\": \"55.5.64.73\"\r\n        },\r\n        {\r\n          \"value\": \"52.228.216.197\"\r\n        },\r\n        {\r\n          \"value\": \"101.37.222.205\"\r\n        }\r\n      ],\r\n      \"bypass\": \"None\"\r\n    },\r\n    \"privateEndpointConnections\": [],\r\n    \"sharedPrivateLinkResources\": [],\r\n    \"encryptionWithCmk\": {\r\n      \"enforcement\": \"Unspecified\",\r\n      \"encryptionComplianceStatus\": \"Compliant\"\r\n    },\r\n    \"disableLocalAuth\": false,\r\n    \"authOptions\": {\r\n      \"apiKeyOnly\": {}\r\n    },\r\n    \"semanticSearch\": \"free\"\r\n  },\r\n  \"sku\": {\r\n    \"name\": \"basic\"\r\n  }\r\n}",
      "StatusCode": 200
    },
    {
      "RequestUri": "/subscriptions/9ff4ebf4-0c4a-43e8-861c-b445afdd66bf/resourceGroups/ps2425/providers/Microsoft.Search/searchServices/ps2425-service?api-version=2023-11-01",
      "EncodedRequestUri": "L3N1YnNjcmlwdGlvbnMvOWZmNGViZjQtMGM0YS00M2U4LTg2MWMtYjQ0NWFmZGQ2NmJmL3Jlc291cmNlR3JvdXBzL3BzMjQyNS9wcm92aWRlcnMvTWljcm9zb2Z0LlNlYXJjaC9zZWFyY2hTZXJ2aWNlcy9wczI0MjUtc2VydmljZT9hcGktdmVyc2lvbj0yMDIzLTExLTAx",
      "RequestMethod": "GET",
      "RequestHeaders": {
        "x-ms-client-request-id": [
          "ada088fe-e99a-42ae-acce-11329f5674ef"
        ],
        "User-Agent": [
          "FxVersion/6.0.2323.48002",
          "OSName/Windows",
          "OSVersion/Microsoft.Windows.10.0.22621",
          "Microsoft.Azure.Management.Search.SearchManagementClient/0.9.0"
        ]
      },
      "RequestBody": "",
      "ResponseHeaders": {
        "Cache-Control": [
          "no-cache"
        ],
        "Pragma": [
          "no-cache"
        ],
        "ETag": [
          "W/\"datetime'2023-10-18T00%3A06%3A29.4652402Z'\""
        ],
        "x-ms-request-id": [
          "ada088fe-e99a-42ae-acce-11329f5674ef"
        ],
        "request-id": [
          "ada088fe-e99a-42ae-acce-11329f5674ef"
        ],
        "elapsed-time": [
          "165"
        ],
        "Strict-Transport-Security": [
          "max-age=31536000; includeSubDomains"
        ],
        "x-ms-ratelimit-remaining-subscription-reads": [
          "11929"
        ],
        "x-ms-correlation-request-id": [
          "cdf7d43c-eeb0-429b-ac8c-120329913e5c"
        ],
        "x-ms-routing-request-id": [
          "EASTUS2EUAP:20231018T001435Z:cdf7d43c-eeb0-429b-ac8c-120329913e5c"
        ],
        "X-Content-Type-Options": [
          "nosniff"
        ],
        "X-Cache": [
          "CONFIG_NOCACHE"
        ],
        "X-MSEdge-Ref": [
          "Ref A: 1886BD3C131C45149B61246CF954E1BF Ref B: CO6AA3150219017 Ref C: 2023-10-18T00:14:35Z"
        ],
        "Date": [
          "Wed, 18 Oct 2023 00:14:34 GMT"
        ],
        "Content-Length": [
          "800"
        ],
        "Content-Type": [
          "application/json; charset=utf-8"
        ],
        "Expires": [
          "-1"
        ]
      },
      "ResponseBody": "{\r\n  \"id\": \"/subscriptions/9ff4ebf4-0c4a-43e8-861c-b445afdd66bf/resourceGroups/ps2425/providers/Microsoft.Search/searchServices/ps2425-service\",\r\n  \"name\": \"ps2425-service\",\r\n  \"type\": \"Microsoft.Search/searchServices\",\r\n  \"location\": \"East US 2 EUAP\",\r\n  \"properties\": {\r\n    \"replicaCount\": 1,\r\n    \"partitionCount\": 1,\r\n    \"status\": \"provisioning\",\r\n    \"statusDetails\": \"\",\r\n    \"provisioningState\": \"provisioning\",\r\n    \"hostingMode\": \"default\",\r\n    \"publicNetworkAccess\": \"Enabled\",\r\n    \"networkRuleSet\": {\r\n      \"ipRules\": [\r\n        {\r\n          \"value\": \"55.5.64.73\"\r\n        },\r\n        {\r\n          \"value\": \"52.228.216.197\"\r\n        },\r\n        {\r\n          \"value\": \"101.37.222.205\"\r\n        }\r\n      ],\r\n      \"bypass\": \"None\"\r\n    },\r\n    \"privateEndpointConnections\": [],\r\n    \"sharedPrivateLinkResources\": [],\r\n    \"encryptionWithCmk\": {\r\n      \"enforcement\": \"Unspecified\",\r\n      \"encryptionComplianceStatus\": \"Compliant\"\r\n    },\r\n    \"disableLocalAuth\": false,\r\n    \"authOptions\": {\r\n      \"apiKeyOnly\": {}\r\n    },\r\n    \"semanticSearch\": \"free\"\r\n  },\r\n  \"sku\": {\r\n    \"name\": \"basic\"\r\n  }\r\n}",
      "StatusCode": 200
    },
    {
      "RequestUri": "/subscriptions/9ff4ebf4-0c4a-43e8-861c-b445afdd66bf/resourceGroups/ps2425/providers/Microsoft.Search/searchServices/ps2425-service?api-version=2023-11-01",
      "EncodedRequestUri": "L3N1YnNjcmlwdGlvbnMvOWZmNGViZjQtMGM0YS00M2U4LTg2MWMtYjQ0NWFmZGQ2NmJmL3Jlc291cmNlR3JvdXBzL3BzMjQyNS9wcm92aWRlcnMvTWljcm9zb2Z0LlNlYXJjaC9zZWFyY2hTZXJ2aWNlcy9wczI0MjUtc2VydmljZT9hcGktdmVyc2lvbj0yMDIzLTExLTAx",
      "RequestMethod": "GET",
      "RequestHeaders": {
        "x-ms-client-request-id": [
          "ada088fe-e99a-42ae-acce-11329f5674ef"
        ],
        "User-Agent": [
          "FxVersion/6.0.2323.48002",
          "OSName/Windows",
          "OSVersion/Microsoft.Windows.10.0.22621",
          "Microsoft.Azure.Management.Search.SearchManagementClient/0.9.0"
        ]
      },
      "RequestBody": "",
      "ResponseHeaders": {
        "Cache-Control": [
          "no-cache"
        ],
        "Pragma": [
          "no-cache"
        ],
        "ETag": [
          "W/\"datetime'2023-10-18T00%3A06%3A29.4652402Z'\""
        ],
        "x-ms-request-id": [
          "ada088fe-e99a-42ae-acce-11329f5674ef"
        ],
        "request-id": [
          "ada088fe-e99a-42ae-acce-11329f5674ef"
        ],
        "elapsed-time": [
          "201"
        ],
        "Strict-Transport-Security": [
          "max-age=31536000; includeSubDomains"
        ],
        "x-ms-ratelimit-remaining-subscription-reads": [
          "11932"
        ],
        "x-ms-correlation-request-id": [
          "7c4ff172-b957-4af4-bfce-244eabbfaada"
        ],
        "x-ms-routing-request-id": [
          "EASTUS2EUAP:20231018T001505Z:7c4ff172-b957-4af4-bfce-244eabbfaada"
        ],
        "X-Content-Type-Options": [
          "nosniff"
        ],
        "X-Cache": [
          "CONFIG_NOCACHE"
        ],
        "X-MSEdge-Ref": [
          "Ref A: 007D4D49BC7A4BAB9AEF085630EF1A10 Ref B: CO6AA3150219017 Ref C: 2023-10-18T00:15:05Z"
        ],
        "Date": [
          "Wed, 18 Oct 2023 00:15:05 GMT"
        ],
        "Content-Length": [
          "792"
        ],
        "Content-Type": [
          "application/json; charset=utf-8"
        ],
        "Expires": [
          "-1"
        ]
      },
      "ResponseBody": "{\r\n  \"id\": \"/subscriptions/9ff4ebf4-0c4a-43e8-861c-b445afdd66bf/resourceGroups/ps2425/providers/Microsoft.Search/searchServices/ps2425-service\",\r\n  \"name\": \"ps2425-service\",\r\n  \"type\": \"Microsoft.Search/searchServices\",\r\n  \"location\": \"East US 2 EUAP\",\r\n  \"properties\": {\r\n    \"replicaCount\": 1,\r\n    \"partitionCount\": 1,\r\n    \"status\": \"running\",\r\n    \"statusDetails\": \"\",\r\n    \"provisioningState\": \"succeeded\",\r\n    \"hostingMode\": \"default\",\r\n    \"publicNetworkAccess\": \"Enabled\",\r\n    \"networkRuleSet\": {\r\n      \"ipRules\": [\r\n        {\r\n          \"value\": \"55.5.64.73\"\r\n        },\r\n        {\r\n          \"value\": \"52.228.216.197\"\r\n        },\r\n        {\r\n          \"value\": \"101.37.222.205\"\r\n        }\r\n      ],\r\n      \"bypass\": \"None\"\r\n    },\r\n    \"privateEndpointConnections\": [],\r\n    \"sharedPrivateLinkResources\": [],\r\n    \"encryptionWithCmk\": {\r\n      \"enforcement\": \"Unspecified\",\r\n      \"encryptionComplianceStatus\": \"Compliant\"\r\n    },\r\n    \"disableLocalAuth\": false,\r\n    \"authOptions\": {\r\n      \"apiKeyOnly\": {}\r\n    },\r\n    \"semanticSearch\": \"free\"\r\n  },\r\n  \"sku\": {\r\n    \"name\": \"basic\"\r\n  }\r\n}",
      "StatusCode": 200
    },
    {
      "RequestUri": "/subscriptions/9ff4ebf4-0c4a-43e8-861c-b445afdd66bf/resourcegroups/ps2425?api-version=2016-09-01",
      "EncodedRequestUri": "L3N1YnNjcmlwdGlvbnMvOWZmNGViZjQtMGM0YS00M2U4LTg2MWMtYjQ0NWFmZGQ2NmJmL3Jlc291cmNlZ3JvdXBzL3BzMjQyNT9hcGktdmVyc2lvbj0yMDE2LTA5LTAx",
      "RequestMethod": "DELETE",
      "RequestHeaders": {
        "x-ms-client-request-id": [
          "af8128ec-d477-43b1-8505-85acf7904b2a"
        ],
        "Accept-Language": [
          "en-US"
        ],
        "User-Agent": [
          "FxVersion/6.0.2323.48002",
          "OSName/Windows",
          "OSVersion/Microsoft.Windows.10.0.22621",
          "Microsoft.Azure.Management.Internal.Resources.ResourceManagementClient/1.3.86"
        ]
      },
      "RequestBody": "",
      "ResponseHeaders": {
        "Cache-Control": [
          "no-cache"
        ],
        "Pragma": [
          "no-cache"
        ],
        "Location": [
          "https://eastus2euap.management.azure.com/subscriptions/9ff4ebf4-0c4a-43e8-861c-b445afdd66bf/operationresults/eyJqb2JJZCI6IlJFU09VUkNFR1JPVVBERUxFVElPTkpPQi1QUzI0MjUtRUFTVFVTMkVVQVAiLCJqb2JMb2NhdGlvbiI6ImVhc3R1czJldWFwIn0?api-version=2016-09-01&t=638331849059777716&c=MIIHHjCCBgagAwIBAgITOgHct7O3aN_KxDKNJwAEAdy3szANBgkqhkiG9w0BAQsFADBEMRMwEQYKCZImiZPyLGQBGRYDR0JMMRMwEQYKCZImiZPyLGQBGRYDQU1FMRgwFgYDVQQDEw9BTUUgSU5GUkEgQ0EgMDEwHhcNMjMwODAyMDc1ODI0WhcNMjQwNzI3MDc1ODI0WjBAMT4wPAYDVQQDEzVhc3luY29wZXJhdGlvbnNpZ25pbmdjZXJ0aWZpY2F0ZS5tYW5hZ2VtZW50LmF6dXJlLmNvbTCCASIwDQYJKoZIhvcNAQEBBQADggEPADCCAQoCggEBALgLnSbzEbFP5vuRFjPkIRVhgz-iw8NSD7e9KiRk9joLl4YrnC0aSuKwshRe9v_Gl--CqxXgkcpCrfdylaxeXPCqPbSAySW8ZXeSDzD35sq_pFnpKhucgB99Ge-e1unJgvYfJTi3-ri0oDMpryPjlj-DSAQ7LPz35cKSbzFYKu3mynC6wWObzCuwGt5qbJ4uxeqzSw_EaLK0-6awwn50lVsKnZtiZhdfHXDKKLap7dLAww0CM1k9FmqGvlSPIwLevHqzTzDqw1Z7aqoRUH_sezhZxKvKw2KKL0h73J1uStBKaiwxPh-9JrGtrp5emkNsj2V-tuOQ7sam3Z3urFRWBZECAwEAAaOCBAswggQHMCcGCSsGAQQBgjcVCgQaMBgwCgYIKwYBBQUHAwEwCgYIKwYBBQUHAwIwPQYJKwYBBAGCNxUHBDAwLgYmKwYBBAGCNxUIhpDjDYTVtHiE8Ys-hZvdFs6dEoFggvX2K4Py0SACAWQCAQowggHaBggrBgEFBQcBAQSCAcwwggHIMGYGCCsGAQUFBzAChlpodHRwOi8vY3JsLm1pY3Jvc29mdC5jb20vcGtpaW5mcmEvQ2VydHMvQlkyUEtJSU5UQ0EwMS5BTUUuR0JMX0FNRSUyMElORlJBJTIwQ0ElMjAwMSg0KS5jcnQwVgYIKwYBBQUHMAKGSmh0dHA6Ly9jcmwxLmFtZS5nYmwvYWlhL0JZMlBLSUlOVENBMDEuQU1FLkdCTF9BTUUlMjBJTkZSQSUyMENBJTIwMDEoNCkuY3J0MFYGCCsGAQUFBzAChkpodHRwOi8vY3JsMi5hbWUuZ2JsL2FpYS9CWTJQS0lJTlRDQTAxLkFNRS5HQkxfQU1FJTIwSU5GUkElMjBDQSUyMDAxKDQpLmNydDBWBggrBgEFBQcwAoZKaHR0cDovL2NybDMuYW1lLmdibC9haWEvQlkyUEtJSU5UQ0EwMS5BTUUuR0JMX0FNRSUyMElORlJBJTIwQ0ElMjAwMSg0KS5jcnQwVgYIKwYBBQUHMAKGSmh0dHA6Ly9jcmw0LmFtZS5nYmwvYWlhL0JZMlBLSUlOVENBMDEuQU1FLkdCTF9BTUUlMjBJTkZSQSUyMENBJTIwMDEoNCkuY3J0MB0GA1UdDgQWBBSNta6Ow680k6ap_o_3ZKd0BukJQTAOBgNVHQ8BAf8EBAMCBaAwggE1BgNVHR8EggEsMIIBKDCCASSgggEgoIIBHIZCaHR0cDovL2NybC5taWNyb3NvZnQuY29tL3BraWluZnJhL0NSTC9BTUUlMjBJTkZSQSUyMENBJTIwMDEoNCkuY3JshjRodHRwOi8vY3JsMS5hbWUuZ2JsL2NybC9BTUUlMjBJTkZSQSUyMENBJTIwMDEoNCkuY3JshjRodHRwOi8vY3JsMi5hbWUuZ2JsL2NybC9BTUUlMjBJTkZSQSUyMENBJTIwMDEoNCkuY3JshjRodHRwOi8vY3JsMy5hbWUuZ2JsL2NybC9BTUUlMjBJTkZSQSUyMENBJTIwMDEoNCkuY3JshjRodHRwOi8vY3JsNC5hbWUuZ2JsL2NybC9BTUUlMjBJTkZSQSUyMENBJTIwMDEoNCkuY3JsMBcGA1UdIAQQMA4wDAYKKwYBBAGCN3sBATAfBgNVHSMEGDAWgBTl2Ztn_PjsurvwwKidileIud8-YzAdBgNVHSUEFjAUBggrBgEFBQcDAQYIKwYBBQUHAwIwDQYJKoZIhvcNAQELBQADggEBAJfhqigISSFkp5G5sHIg7shqgq0nMu4ZkrFytKYoj9nyIkbp5wS2S2SnxApbk6DGfCopeW2bT-41LuABxrpHhInxdQRwc4hfNkVg5k48jbSkaP4RnY52VT70kH2vngG3zDcpdl_UdtXj5qCzEffHV2Z3zbzv9rw860jZIwkZ5VGmoYo9ghHXoYX5lQ9pm0T-M7GhW078gGjajjGJ-eR5CQ4ffnR5kBJRVe1B_S-nfakCqELdfDewiO64-k_-8RAsHI75vUnI6S_RQfa0Gah60wAwOXXXGRzSb-m5tvKIgqVb46MPp9rK1HgwcUkvk_MeoI2XtXUN_SW2uRXCFp9U_Po&s=CdHQAVCmSxlQFA-z9nC_-lamEYW8rE0dQhdseW_EIjwmAPklC2FWMP9A_A4r-d3XD0OzZdIXAGDFyCaLR5D0Xa5BTotQODjGuabsK9Lpm8SKIiaOOe3Z06zEr7ns5joyMr7ZCM7AjJ5hOfDY6LME0u0BzB9hpVBfkJ-OJ4suX-MxLana-LGVEeGQjfuPkRFVr6tAOATMWI4EdkneM6KUZ9PU0TGU9X6M1pmdZ8PEyEVl1BlKj2sbPQGLbg5rKx4n1USC_rHnYAa6AxiKaPZM52eP8q7GNJV1hXmkIQ6xzM6g2NdoY5vc6V0Shinn1E9AFCcsUIu2iIaMwzS_GAr8iA&h=Pz7aIRNwuUiLe7qY6FbFzsnzyuNK9aX-P2JvgMoE33c"
        ],
        "Retry-After": [
          "15"
        ],
        "x-ms-ratelimit-remaining-subscription-deletes": [
          "14997"
        ],
        "x-ms-request-id": [
          "0b9ccbbb-d24e-4889-bde4-2d752d8e21f4"
        ],
        "x-ms-correlation-request-id": [
          "0b9ccbbb-d24e-4889-bde4-2d752d8e21f4"
        ],
        "x-ms-routing-request-id": [
          "EASTUS2EUAP:20231018T001505Z:0b9ccbbb-d24e-4889-bde4-2d752d8e21f4"
        ],
        "Strict-Transport-Security": [
          "max-age=31536000; includeSubDomains"
        ],
        "X-Content-Type-Options": [
          "nosniff"
        ],
        "X-Cache": [
          "CONFIG_NOCACHE"
        ],
        "X-MSEdge-Ref": [
          "Ref A: 32984E175FF74246B5120ED6D7DD6D1E Ref B: CO6AA3150219031 Ref C: 2023-10-18T00:15:05Z"
        ],
        "Date": [
          "Wed, 18 Oct 2023 00:15:05 GMT"
        ],
        "Expires": [
          "-1"
        ],
        "Content-Length": [
          "0"
        ]
      },
      "ResponseBody": "",
      "StatusCode": 202
    },
    {
      "RequestUri": "/subscriptions/9ff4ebf4-0c4a-43e8-861c-b445afdd66bf/operationresults/eyJqb2JJZCI6IlJFU09VUkNFR1JPVVBERUxFVElPTkpPQi1QUzI0MjUtRUFTVFVTMkVVQVAiLCJqb2JMb2NhdGlvbiI6ImVhc3R1czJldWFwIn0?api-version=2016-09-01&t=638331849059777716&c=MIIHHjCCBgagAwIBAgITOgHct7O3aN_KxDKNJwAEAdy3szANBgkqhkiG9w0BAQsFADBEMRMwEQYKCZImiZPyLGQBGRYDR0JMMRMwEQYKCZImiZPyLGQBGRYDQU1FMRgwFgYDVQQDEw9BTUUgSU5GUkEgQ0EgMDEwHhcNMjMwODAyMDc1ODI0WhcNMjQwNzI3MDc1ODI0WjBAMT4wPAYDVQQDEzVhc3luY29wZXJhdGlvbnNpZ25pbmdjZXJ0aWZpY2F0ZS5tYW5hZ2VtZW50LmF6dXJlLmNvbTCCASIwDQYJKoZIhvcNAQEBBQADggEPADCCAQoCggEBALgLnSbzEbFP5vuRFjPkIRVhgz-iw8NSD7e9KiRk9joLl4YrnC0aSuKwshRe9v_Gl--CqxXgkcpCrfdylaxeXPCqPbSAySW8ZXeSDzD35sq_pFnpKhucgB99Ge-e1unJgvYfJTi3-ri0oDMpryPjlj-DSAQ7LPz35cKSbzFYKu3mynC6wWObzCuwGt5qbJ4uxeqzSw_EaLK0-6awwn50lVsKnZtiZhdfHXDKKLap7dLAww0CM1k9FmqGvlSPIwLevHqzTzDqw1Z7aqoRUH_sezhZxKvKw2KKL0h73J1uStBKaiwxPh-9JrGtrp5emkNsj2V-tuOQ7sam3Z3urFRWBZECAwEAAaOCBAswggQHMCcGCSsGAQQBgjcVCgQaMBgwCgYIKwYBBQUHAwEwCgYIKwYBBQUHAwIwPQYJKwYBBAGCNxUHBDAwLgYmKwYBBAGCNxUIhpDjDYTVtHiE8Ys-hZvdFs6dEoFggvX2K4Py0SACAWQCAQowggHaBggrBgEFBQcBAQSCAcwwggHIMGYGCCsGAQUFBzAChlpodHRwOi8vY3JsLm1pY3Jvc29mdC5jb20vcGtpaW5mcmEvQ2VydHMvQlkyUEtJSU5UQ0EwMS5BTUUuR0JMX0FNRSUyMElORlJBJTIwQ0ElMjAwMSg0KS5jcnQwVgYIKwYBBQUHMAKGSmh0dHA6Ly9jcmwxLmFtZS5nYmwvYWlhL0JZMlBLSUlOVENBMDEuQU1FLkdCTF9BTUUlMjBJTkZSQSUyMENBJTIwMDEoNCkuY3J0MFYGCCsGAQUFBzAChkpodHRwOi8vY3JsMi5hbWUuZ2JsL2FpYS9CWTJQS0lJTlRDQTAxLkFNRS5HQkxfQU1FJTIwSU5GUkElMjBDQSUyMDAxKDQpLmNydDBWBggrBgEFBQcwAoZKaHR0cDovL2NybDMuYW1lLmdibC9haWEvQlkyUEtJSU5UQ0EwMS5BTUUuR0JMX0FNRSUyMElORlJBJTIwQ0ElMjAwMSg0KS5jcnQwVgYIKwYBBQUHMAKGSmh0dHA6Ly9jcmw0LmFtZS5nYmwvYWlhL0JZMlBLSUlOVENBMDEuQU1FLkdCTF9BTUUlMjBJTkZSQSUyMENBJTIwMDEoNCkuY3J0MB0GA1UdDgQWBBSNta6Ow680k6ap_o_3ZKd0BukJQTAOBgNVHQ8BAf8EBAMCBaAwggE1BgNVHR8EggEsMIIBKDCCASSgggEgoIIBHIZCaHR0cDovL2NybC5taWNyb3NvZnQuY29tL3BraWluZnJhL0NSTC9BTUUlMjBJTkZSQSUyMENBJTIwMDEoNCkuY3JshjRodHRwOi8vY3JsMS5hbWUuZ2JsL2NybC9BTUUlMjBJTkZSQSUyMENBJTIwMDEoNCkuY3JshjRodHRwOi8vY3JsMi5hbWUuZ2JsL2NybC9BTUUlMjBJTkZSQSUyMENBJTIwMDEoNCkuY3JshjRodHRwOi8vY3JsMy5hbWUuZ2JsL2NybC9BTUUlMjBJTkZSQSUyMENBJTIwMDEoNCkuY3JshjRodHRwOi8vY3JsNC5hbWUuZ2JsL2NybC9BTUUlMjBJTkZSQSUyMENBJTIwMDEoNCkuY3JsMBcGA1UdIAQQMA4wDAYKKwYBBAGCN3sBATAfBgNVHSMEGDAWgBTl2Ztn_PjsurvwwKidileIud8-YzAdBgNVHSUEFjAUBggrBgEFBQcDAQYIKwYBBQUHAwIwDQYJKoZIhvcNAQELBQADggEBAJfhqigISSFkp5G5sHIg7shqgq0nMu4ZkrFytKYoj9nyIkbp5wS2S2SnxApbk6DGfCopeW2bT-41LuABxrpHhInxdQRwc4hfNkVg5k48jbSkaP4RnY52VT70kH2vngG3zDcpdl_UdtXj5qCzEffHV2Z3zbzv9rw860jZIwkZ5VGmoYo9ghHXoYX5lQ9pm0T-M7GhW078gGjajjGJ-eR5CQ4ffnR5kBJRVe1B_S-nfakCqELdfDewiO64-k_-8RAsHI75vUnI6S_RQfa0Gah60wAwOXXXGRzSb-m5tvKIgqVb46MPp9rK1HgwcUkvk_MeoI2XtXUN_SW2uRXCFp9U_Po&s=CdHQAVCmSxlQFA-z9nC_-lamEYW8rE0dQhdseW_EIjwmAPklC2FWMP9A_A4r-d3XD0OzZdIXAGDFyCaLR5D0Xa5BTotQODjGuabsK9Lpm8SKIiaOOe3Z06zEr7ns5joyMr7ZCM7AjJ5hOfDY6LME0u0BzB9hpVBfkJ-OJ4suX-MxLana-LGVEeGQjfuPkRFVr6tAOATMWI4EdkneM6KUZ9PU0TGU9X6M1pmdZ8PEyEVl1BlKj2sbPQGLbg5rKx4n1USC_rHnYAa6AxiKaPZM52eP8q7GNJV1hXmkIQ6xzM6g2NdoY5vc6V0Shinn1E9AFCcsUIu2iIaMwzS_GAr8iA&h=Pz7aIRNwuUiLe7qY6FbFzsnzyuNK9aX-P2JvgMoE33c",
      "EncodedRequestUri": "L3N1YnNjcmlwdGlvbnMvOWZmNGViZjQtMGM0YS00M2U4LTg2MWMtYjQ0NWFmZGQ2NmJmL29wZXJhdGlvbnJlc3VsdHMvZXlKcWIySkpaQ0k2SWxKRlUwOVZVa05GUjFKUFZWQkVSVXhGVkVsUFRrcFBRaTFRVXpJME1qVXRSVUZUVkZWVE1rVlZRVkFpTENKcWIySk1iMk5oZEdsdmJpSTZJbVZoYzNSMWN6SmxkV0Z3SW4wP2FwaS12ZXJzaW9uPTIwMTYtMDktMDEmdD02MzgzMzE4NDkwNTk3Nzc3MTYmYz1NSUlISGpDQ0JnYWdBd0lCQWdJVE9nSGN0N08zYU5fS3hES05Kd0FFQWR5M3N6QU5CZ2txaGtpRzl3MEJBUXNGQURCRU1STXdFUVlLQ1pJbWlaUHlMR1FCR1JZRFIwSk1NUk13RVFZS0NaSW1pWlB5TEdRQkdSWURRVTFGTVJnd0ZnWURWUVFERXc5QlRVVWdTVTVHVWtFZ1EwRWdNREV3SGhjTk1qTXdPREF5TURjMU9ESTBXaGNOTWpRd056STNNRGMxT0RJMFdqQkFNVDR3UEFZRFZRUURFelZoYzNsdVkyOXdaWEpoZEdsdmJuTnBaMjVwYm1kalpYSjBhV1pwWTJGMFpTNXRZVzVoWjJWdFpXNTBMbUY2ZFhKbExtTnZiVENDQVNJd0RRWUpLb1pJaHZjTkFRRUJCUUFEZ2dFUEFEQ0NBUW9DZ2dFQkFMZ0xuU2J6RWJGUDV2dVJGalBrSVJWaGd6LWl3OE5TRDdlOUtpUms5am9MbDRZcm5DMGFTdUt3c2hSZTl2X0dsLS1DcXhYZ2tjcENyZmR5bGF4ZVhQQ3FQYlNBeVNXOFpYZVNEekQzNXNxX3BGbnBLaHVjZ0I5OUdlLWUxdW5KZ3ZZZkpUaTMtcmkwb0RNcHJ5UGpsai1EU0FRN0xQejM1Y0tTYnpGWUt1M215bkM2d1dPYnpDdXdHdDVxYko0dXhlcXpTd19FYUxLMC02YXd3bjUwbFZzS25adGlaaGRmSFhES0tMYXA3ZExBd3cwQ00xazlGbXFHdmxTUEl3TGV2SHF6VHpEcXcxWjdhcW9SVUhfc2V6aFp4S3ZLdzJLS0wwaDczSjF1U3RCS2Fpd3hQaC05SnJHdHJwNWVta05zajJWLXR1T1E3c2FtM1ozdXJGUldCWkVDQXdFQUFhT0NCQXN3Z2dRSE1DY0dDU3NHQVFRQmdqY1ZDZ1FhTUJnd0NnWUlLd1lCQlFVSEF3RXdDZ1lJS3dZQkJRVUhBd0l3UFFZSkt3WUJCQUdDTnhVSEJEQXdMZ1ltS3dZQkJBR0NOeFVJaHBEakRZVFZ0SGlFOFlzLWhadmRGczZkRW9GZ2d2WDJLNFB5MFNBQ0FXUUNBUW93Z2dIYUJnZ3JCZ0VGQlFjQkFRU0NBY3d3Z2dISU1HWUdDQ3NHQVFVRkJ6QUNobHBvZEhSd09pOHZZM0pzTG0xcFkzSnZjMjltZEM1amIyMHZjR3RwYVc1bWNtRXZRMlZ5ZEhNdlFsa3lVRXRKU1U1VVEwRXdNUzVCVFVVdVIwSk1YMEZOUlNVeU1FbE9SbEpCSlRJd1EwRWxNakF3TVNnMEtTNWpjblF3VmdZSUt3WUJCUVVITUFLR1NtaDBkSEE2THk5amNtd3hMbUZ0WlM1blltd3ZZV2xoTDBKWk1sQkxTVWxPVkVOQk1ERXVRVTFGTGtkQ1RGOUJUVVVsTWpCSlRrWlNRU1V5TUVOQkpUSXdNREVvTkNrdVkzSjBNRllHQ0NzR0FRVUZCekFDaGtwb2RIUndPaTh2WTNKc01pNWhiV1V1WjJKc0wyRnBZUzlDV1RKUVMwbEpUbFJEUVRBeExrRk5SUzVIUWt4ZlFVMUZKVEl3U1U1R1VrRWxNakJEUVNVeU1EQXhLRFFwTG1OeWREQldCZ2dyQmdFRkJRY3dBb1pLYUhSMGNEb3ZMMk55YkRNdVlXMWxMbWRpYkM5aGFXRXZRbGt5VUV0SlNVNVVRMEV3TVM1QlRVVXVSMEpNWDBGTlJTVXlNRWxPUmxKQkpUSXdRMEVsTWpBd01TZzBLUzVqY25Rd1ZnWUlLd1lCQlFVSE1BS0dTbWgwZEhBNkx5OWpjbXcwTG1GdFpTNW5ZbXd2WVdsaEwwSlpNbEJMU1VsT1ZFTkJNREV1UVUxRkxrZENURjlCVFVVbE1qQkpUa1pTUVNVeU1FTkJKVEl3TURFb05Da3VZM0owTUIwR0ExVWREZ1FXQkJTTnRhNk93NjgwazZhcF9vXzNaS2QwQnVrSlFUQU9CZ05WSFE4QkFmOEVCQU1DQmFBd2dnRTFCZ05WSFI4RWdnRXNNSUlCS0RDQ0FTU2dnZ0Vnb0lJQkhJWkNhSFIwY0RvdkwyTnliQzV0YVdOeWIzTnZablF1WTI5dEwzQnJhV2x1Wm5KaEwwTlNUQzlCVFVVbE1qQkpUa1pTUVNVeU1FTkJKVEl3TURFb05Da3VZM0pzaGpSb2RIUndPaTh2WTNKc01TNWhiV1V1WjJKc0wyTnliQzlCVFVVbE1qQkpUa1pTUVNVeU1FTkJKVEl3TURFb05Da3VZM0pzaGpSb2RIUndPaTh2WTNKc01pNWhiV1V1WjJKc0wyTnliQzlCVFVVbE1qQkpUa1pTUVNVeU1FTkJKVEl3TURFb05Da3VZM0pzaGpSb2RIUndPaTh2WTNKc015NWhiV1V1WjJKc0wyTnliQzlCVFVVbE1qQkpUa1pTUVNVeU1FTkJKVEl3TURFb05Da3VZM0pzaGpSb2RIUndPaTh2WTNKc05DNWhiV1V1WjJKc0wyTnliQzlCVFVVbE1qQkpUa1pTUVNVeU1FTkJKVEl3TURFb05Da3VZM0pzTUJjR0ExVWRJQVFRTUE0d0RBWUtLd1lCQkFHQ04zc0JBVEFmQmdOVkhTTUVHREFXZ0JUbDJadG5fUGpzdXJ2d3dLaWRpbGVJdWQ4LVl6QWRCZ05WSFNVRUZqQVVCZ2dyQmdFRkJRY0RBUVlJS3dZQkJRVUhBd0l3RFFZSktvWklodmNOQVFFTEJRQURnZ0VCQUpmaHFpZ0lTU0ZrcDVHNXNISWc3c2hxZ3Ewbk11NFprckZ5dEtZb2o5bnlJa2JwNXdTMlMyU254QXBiazZER2ZDb3BlVzJiVC00MUx1QUJ4cnBIaElueGRRUndjNGhmTmtWZzVrNDhqYlNrYVA0Um5ZNTJWVDcwa0gydm5nRzN6RGNwZGxfVWR0WGo1cUN6RWZmSFYyWjN6Ynp2OXJ3ODYwalpJd2taNVZHbW9ZbzlnaEhYb1lYNWxROXBtMFQtTTdHaFcwNzhnR2phampHSi1lUjVDUTRmZm5SNWtCSlJWZTFCX1MtbmZha0NxRUxkZkRld2lPNjQta18tOFJBc0hJNzV2VW5JNlNfUlFmYTBHYWg2MHdBd09YWFhHUnpTYi1tNXR2S0lncVZiNDZNUHA5cksxSGd3Y1VrdmtfTWVvSTJYdFhVTl9TVzJ1UlhDRnA5VV9QbyZzPUNkSFFBVkNtU3hsUUZBLXo5bkNfLWxhbUVZVzhyRTBkUWhkc2VXX0VJandtQVBrbEMyRldNUDlBX0E0ci1kM1hEME96WmRJWEFHREZ5Q2FMUjVEMFhhNUJUb3RRT0RqR3VhYnNLOUxwbThTS0lpYU9PZTNaMDZ6RXI3bnM1am95TXI3WkNNN0FqSjVoT2ZEWTZMTUUwdTBCekI5aHBWQmZrSi1PSjRzdVgtTXhMYW5hLUxHVkVlR1FqZnVQa1JGVnI2dEFPQVRNV0k0RWRrbmVNNktVWjlQVTBUR1U5WDZNMXBtZFo4UEV5RVZsMUJsS2oyc2JQUUdMYmc1ckt4NG4xVVNDX3JIbllBYTZBeGlLYVBaTTUyZVA4cTdHTkpWMWhYbWtJUTZ4ek02ZzJOZG9ZNXZjNlYwU2hpbm4xRTlBRkNjc1VJdTJpSWFNd3pTX0dBcjhpQSZoPVB6N2FJUk53dVVpTGU3cVk2RmJGenNuenl1Tks5YVgtUDJKdmdNb0UzM2M=",
      "RequestMethod": "GET",
      "RequestHeaders": {
        "User-Agent": [
          "FxVersion/6.0.2323.48002",
          "OSName/Windows",
          "OSVersion/Microsoft.Windows.10.0.22621",
          "Microsoft.Azure.Management.Internal.Resources.ResourceManagementClient/1.3.86"
        ]
      },
      "RequestBody": "",
      "ResponseHeaders": {
        "Cache-Control": [
          "no-cache"
        ],
        "Pragma": [
          "no-cache"
        ],
        "Location": [
          "https://eastus2euap.management.azure.com/subscriptions/9ff4ebf4-0c4a-43e8-861c-b445afdd66bf/operationresults/eyJqb2JJZCI6IlJFU09VUkNFR1JPVVBERUxFVElPTkpPQi1QUzI0MjUtRUFTVFVTMkVVQVAiLCJqb2JMb2NhdGlvbiI6ImVhc3R1czJldWFwIn0?api-version=2016-09-01&t=638331849210745346&c=MIIHHjCCBgagAwIBAgITOgHct7O3aN_KxDKNJwAEAdy3szANBgkqhkiG9w0BAQsFADBEMRMwEQYKCZImiZPyLGQBGRYDR0JMMRMwEQYKCZImiZPyLGQBGRYDQU1FMRgwFgYDVQQDEw9BTUUgSU5GUkEgQ0EgMDEwHhcNMjMwODAyMDc1ODI0WhcNMjQwNzI3MDc1ODI0WjBAMT4wPAYDVQQDEzVhc3luY29wZXJhdGlvbnNpZ25pbmdjZXJ0aWZpY2F0ZS5tYW5hZ2VtZW50LmF6dXJlLmNvbTCCASIwDQYJKoZIhvcNAQEBBQADggEPADCCAQoCggEBALgLnSbzEbFP5vuRFjPkIRVhgz-iw8NSD7e9KiRk9joLl4YrnC0aSuKwshRe9v_Gl--CqxXgkcpCrfdylaxeXPCqPbSAySW8ZXeSDzD35sq_pFnpKhucgB99Ge-e1unJgvYfJTi3-ri0oDMpryPjlj-DSAQ7LPz35cKSbzFYKu3mynC6wWObzCuwGt5qbJ4uxeqzSw_EaLK0-6awwn50lVsKnZtiZhdfHXDKKLap7dLAww0CM1k9FmqGvlSPIwLevHqzTzDqw1Z7aqoRUH_sezhZxKvKw2KKL0h73J1uStBKaiwxPh-9JrGtrp5emkNsj2V-tuOQ7sam3Z3urFRWBZECAwEAAaOCBAswggQHMCcGCSsGAQQBgjcVCgQaMBgwCgYIKwYBBQUHAwEwCgYIKwYBBQUHAwIwPQYJKwYBBAGCNxUHBDAwLgYmKwYBBAGCNxUIhpDjDYTVtHiE8Ys-hZvdFs6dEoFggvX2K4Py0SACAWQCAQowggHaBggrBgEFBQcBAQSCAcwwggHIMGYGCCsGAQUFBzAChlpodHRwOi8vY3JsLm1pY3Jvc29mdC5jb20vcGtpaW5mcmEvQ2VydHMvQlkyUEtJSU5UQ0EwMS5BTUUuR0JMX0FNRSUyMElORlJBJTIwQ0ElMjAwMSg0KS5jcnQwVgYIKwYBBQUHMAKGSmh0dHA6Ly9jcmwxLmFtZS5nYmwvYWlhL0JZMlBLSUlOVENBMDEuQU1FLkdCTF9BTUUlMjBJTkZSQSUyMENBJTIwMDEoNCkuY3J0MFYGCCsGAQUFBzAChkpodHRwOi8vY3JsMi5hbWUuZ2JsL2FpYS9CWTJQS0lJTlRDQTAxLkFNRS5HQkxfQU1FJTIwSU5GUkElMjBDQSUyMDAxKDQpLmNydDBWBggrBgEFBQcwAoZKaHR0cDovL2NybDMuYW1lLmdibC9haWEvQlkyUEtJSU5UQ0EwMS5BTUUuR0JMX0FNRSUyMElORlJBJTIwQ0ElMjAwMSg0KS5jcnQwVgYIKwYBBQUHMAKGSmh0dHA6Ly9jcmw0LmFtZS5nYmwvYWlhL0JZMlBLSUlOVENBMDEuQU1FLkdCTF9BTUUlMjBJTkZSQSUyMENBJTIwMDEoNCkuY3J0MB0GA1UdDgQWBBSNta6Ow680k6ap_o_3ZKd0BukJQTAOBgNVHQ8BAf8EBAMCBaAwggE1BgNVHR8EggEsMIIBKDCCASSgggEgoIIBHIZCaHR0cDovL2NybC5taWNyb3NvZnQuY29tL3BraWluZnJhL0NSTC9BTUUlMjBJTkZSQSUyMENBJTIwMDEoNCkuY3JshjRodHRwOi8vY3JsMS5hbWUuZ2JsL2NybC9BTUUlMjBJTkZSQSUyMENBJTIwMDEoNCkuY3JshjRodHRwOi8vY3JsMi5hbWUuZ2JsL2NybC9BTUUlMjBJTkZSQSUyMENBJTIwMDEoNCkuY3JshjRodHRwOi8vY3JsMy5hbWUuZ2JsL2NybC9BTUUlMjBJTkZSQSUyMENBJTIwMDEoNCkuY3JshjRodHRwOi8vY3JsNC5hbWUuZ2JsL2NybC9BTUUlMjBJTkZSQSUyMENBJTIwMDEoNCkuY3JsMBcGA1UdIAQQMA4wDAYKKwYBBAGCN3sBATAfBgNVHSMEGDAWgBTl2Ztn_PjsurvwwKidileIud8-YzAdBgNVHSUEFjAUBggrBgEFBQcDAQYIKwYBBQUHAwIwDQYJKoZIhvcNAQELBQADggEBAJfhqigISSFkp5G5sHIg7shqgq0nMu4ZkrFytKYoj9nyIkbp5wS2S2SnxApbk6DGfCopeW2bT-41LuABxrpHhInxdQRwc4hfNkVg5k48jbSkaP4RnY52VT70kH2vngG3zDcpdl_UdtXj5qCzEffHV2Z3zbzv9rw860jZIwkZ5VGmoYo9ghHXoYX5lQ9pm0T-M7GhW078gGjajjGJ-eR5CQ4ffnR5kBJRVe1B_S-nfakCqELdfDewiO64-k_-8RAsHI75vUnI6S_RQfa0Gah60wAwOXXXGRzSb-m5tvKIgqVb46MPp9rK1HgwcUkvk_MeoI2XtXUN_SW2uRXCFp9U_Po&s=O1Glvr6vYuZGvm8fjeNiqJ-AsLxZAEeQ66J8loe1FSwGvB5emT-bHTyDLYPM5V4xhRnDmU-tgPqm9Ah6y7aAWdXctY7QwpwwXvE5AeG_32tI-xmqyBGRD8jbWyt6paVbhkxfq2mffFgpKQkLSuIaO0su0xxFAbrCB9tl5l85X8jrkPPhkppfnJEQdpdJD_2hXZdpwdCA9fXQ2XASY7IHxgkOAKlQ4JGP57vvRl5C74zUTsr_qjVosRtDoEwYiTtJNR-VTCuvp0o2UKj-Di5DNv_0F2xW-UhQ92GlzHlIg-5CWhi9jNd2tjc9J0382-jPtv654RKip5nJuZ1jPYHTjQ&h=CZ4M8YpxrtirZjh6HIgr0yIpxxYw8JGq21lE7mhmlIo"
        ],
        "Retry-After": [
          "15"
        ],
        "x-ms-ratelimit-remaining-subscription-reads": [
          "11981"
        ],
        "x-ms-request-id": [
          "891938ce-19cd-4af2-ac77-2421c18333b3"
        ],
        "x-ms-correlation-request-id": [
          "891938ce-19cd-4af2-ac77-2421c18333b3"
        ],
        "x-ms-routing-request-id": [
          "EASTUS2EUAP:20231018T001521Z:891938ce-19cd-4af2-ac77-2421c18333b3"
        ],
        "Strict-Transport-Security": [
          "max-age=31536000; includeSubDomains"
        ],
        "X-Content-Type-Options": [
          "nosniff"
        ],
        "X-Cache": [
          "CONFIG_NOCACHE"
        ],
        "X-MSEdge-Ref": [
          "Ref A: E87D3DD2C9BE449AB888F59C7447E867 Ref B: CO6AA3150219031 Ref C: 2023-10-18T00:15:21Z"
        ],
        "Date": [
          "Wed, 18 Oct 2023 00:15:20 GMT"
        ],
        "Expires": [
          "-1"
        ],
        "Content-Length": [
          "0"
        ]
      },
      "ResponseBody": "",
      "StatusCode": 202
    },
    {
      "RequestUri": "/subscriptions/9ff4ebf4-0c4a-43e8-861c-b445afdd66bf/operationresults/eyJqb2JJZCI6IlJFU09VUkNFR1JPVVBERUxFVElPTkpPQi1QUzI0MjUtRUFTVFVTMkVVQVAiLCJqb2JMb2NhdGlvbiI6ImVhc3R1czJldWFwIn0?api-version=2016-09-01&t=638331849210745346&c=MIIHHjCCBgagAwIBAgITOgHct7O3aN_KxDKNJwAEAdy3szANBgkqhkiG9w0BAQsFADBEMRMwEQYKCZImiZPyLGQBGRYDR0JMMRMwEQYKCZImiZPyLGQBGRYDQU1FMRgwFgYDVQQDEw9BTUUgSU5GUkEgQ0EgMDEwHhcNMjMwODAyMDc1ODI0WhcNMjQwNzI3MDc1ODI0WjBAMT4wPAYDVQQDEzVhc3luY29wZXJhdGlvbnNpZ25pbmdjZXJ0aWZpY2F0ZS5tYW5hZ2VtZW50LmF6dXJlLmNvbTCCASIwDQYJKoZIhvcNAQEBBQADggEPADCCAQoCggEBALgLnSbzEbFP5vuRFjPkIRVhgz-iw8NSD7e9KiRk9joLl4YrnC0aSuKwshRe9v_Gl--CqxXgkcpCrfdylaxeXPCqPbSAySW8ZXeSDzD35sq_pFnpKhucgB99Ge-e1unJgvYfJTi3-ri0oDMpryPjlj-DSAQ7LPz35cKSbzFYKu3mynC6wWObzCuwGt5qbJ4uxeqzSw_EaLK0-6awwn50lVsKnZtiZhdfHXDKKLap7dLAww0CM1k9FmqGvlSPIwLevHqzTzDqw1Z7aqoRUH_sezhZxKvKw2KKL0h73J1uStBKaiwxPh-9JrGtrp5emkNsj2V-tuOQ7sam3Z3urFRWBZECAwEAAaOCBAswggQHMCcGCSsGAQQBgjcVCgQaMBgwCgYIKwYBBQUHAwEwCgYIKwYBBQUHAwIwPQYJKwYBBAGCNxUHBDAwLgYmKwYBBAGCNxUIhpDjDYTVtHiE8Ys-hZvdFs6dEoFggvX2K4Py0SACAWQCAQowggHaBggrBgEFBQcBAQSCAcwwggHIMGYGCCsGAQUFBzAChlpodHRwOi8vY3JsLm1pY3Jvc29mdC5jb20vcGtpaW5mcmEvQ2VydHMvQlkyUEtJSU5UQ0EwMS5BTUUuR0JMX0FNRSUyMElORlJBJTIwQ0ElMjAwMSg0KS5jcnQwVgYIKwYBBQUHMAKGSmh0dHA6Ly9jcmwxLmFtZS5nYmwvYWlhL0JZMlBLSUlOVENBMDEuQU1FLkdCTF9BTUUlMjBJTkZSQSUyMENBJTIwMDEoNCkuY3J0MFYGCCsGAQUFBzAChkpodHRwOi8vY3JsMi5hbWUuZ2JsL2FpYS9CWTJQS0lJTlRDQTAxLkFNRS5HQkxfQU1FJTIwSU5GUkElMjBDQSUyMDAxKDQpLmNydDBWBggrBgEFBQcwAoZKaHR0cDovL2NybDMuYW1lLmdibC9haWEvQlkyUEtJSU5UQ0EwMS5BTUUuR0JMX0FNRSUyMElORlJBJTIwQ0ElMjAwMSg0KS5jcnQwVgYIKwYBBQUHMAKGSmh0dHA6Ly9jcmw0LmFtZS5nYmwvYWlhL0JZMlBLSUlOVENBMDEuQU1FLkdCTF9BTUUlMjBJTkZSQSUyMENBJTIwMDEoNCkuY3J0MB0GA1UdDgQWBBSNta6Ow680k6ap_o_3ZKd0BukJQTAOBgNVHQ8BAf8EBAMCBaAwggE1BgNVHR8EggEsMIIBKDCCASSgggEgoIIBHIZCaHR0cDovL2NybC5taWNyb3NvZnQuY29tL3BraWluZnJhL0NSTC9BTUUlMjBJTkZSQSUyMENBJTIwMDEoNCkuY3JshjRodHRwOi8vY3JsMS5hbWUuZ2JsL2NybC9BTUUlMjBJTkZSQSUyMENBJTIwMDEoNCkuY3JshjRodHRwOi8vY3JsMi5hbWUuZ2JsL2NybC9BTUUlMjBJTkZSQSUyMENBJTIwMDEoNCkuY3JshjRodHRwOi8vY3JsMy5hbWUuZ2JsL2NybC9BTUUlMjBJTkZSQSUyMENBJTIwMDEoNCkuY3JshjRodHRwOi8vY3JsNC5hbWUuZ2JsL2NybC9BTUUlMjBJTkZSQSUyMENBJTIwMDEoNCkuY3JsMBcGA1UdIAQQMA4wDAYKKwYBBAGCN3sBATAfBgNVHSMEGDAWgBTl2Ztn_PjsurvwwKidileIud8-YzAdBgNVHSUEFjAUBggrBgEFBQcDAQYIKwYBBQUHAwIwDQYJKoZIhvcNAQELBQADggEBAJfhqigISSFkp5G5sHIg7shqgq0nMu4ZkrFytKYoj9nyIkbp5wS2S2SnxApbk6DGfCopeW2bT-41LuABxrpHhInxdQRwc4hfNkVg5k48jbSkaP4RnY52VT70kH2vngG3zDcpdl_UdtXj5qCzEffHV2Z3zbzv9rw860jZIwkZ5VGmoYo9ghHXoYX5lQ9pm0T-M7GhW078gGjajjGJ-eR5CQ4ffnR5kBJRVe1B_S-nfakCqELdfDewiO64-k_-8RAsHI75vUnI6S_RQfa0Gah60wAwOXXXGRzSb-m5tvKIgqVb46MPp9rK1HgwcUkvk_MeoI2XtXUN_SW2uRXCFp9U_Po&s=O1Glvr6vYuZGvm8fjeNiqJ-AsLxZAEeQ66J8loe1FSwGvB5emT-bHTyDLYPM5V4xhRnDmU-tgPqm9Ah6y7aAWdXctY7QwpwwXvE5AeG_32tI-xmqyBGRD8jbWyt6paVbhkxfq2mffFgpKQkLSuIaO0su0xxFAbrCB9tl5l85X8jrkPPhkppfnJEQdpdJD_2hXZdpwdCA9fXQ2XASY7IHxgkOAKlQ4JGP57vvRl5C74zUTsr_qjVosRtDoEwYiTtJNR-VTCuvp0o2UKj-Di5DNv_0F2xW-UhQ92GlzHlIg-5CWhi9jNd2tjc9J0382-jPtv654RKip5nJuZ1jPYHTjQ&h=CZ4M8YpxrtirZjh6HIgr0yIpxxYw8JGq21lE7mhmlIo",
      "EncodedRequestUri": "L3N1YnNjcmlwdGlvbnMvOWZmNGViZjQtMGM0YS00M2U4LTg2MWMtYjQ0NWFmZGQ2NmJmL29wZXJhdGlvbnJlc3VsdHMvZXlKcWIySkpaQ0k2SWxKRlUwOVZVa05GUjFKUFZWQkVSVXhGVkVsUFRrcFBRaTFRVXpJME1qVXRSVUZUVkZWVE1rVlZRVkFpTENKcWIySk1iMk5oZEdsdmJpSTZJbVZoYzNSMWN6SmxkV0Z3SW4wP2FwaS12ZXJzaW9uPTIwMTYtMDktMDEmdD02MzgzMzE4NDkyMTA3NDUzNDYmYz1NSUlISGpDQ0JnYWdBd0lCQWdJVE9nSGN0N08zYU5fS3hES05Kd0FFQWR5M3N6QU5CZ2txaGtpRzl3MEJBUXNGQURCRU1STXdFUVlLQ1pJbWlaUHlMR1FCR1JZRFIwSk1NUk13RVFZS0NaSW1pWlB5TEdRQkdSWURRVTFGTVJnd0ZnWURWUVFERXc5QlRVVWdTVTVHVWtFZ1EwRWdNREV3SGhjTk1qTXdPREF5TURjMU9ESTBXaGNOTWpRd056STNNRGMxT0RJMFdqQkFNVDR3UEFZRFZRUURFelZoYzNsdVkyOXdaWEpoZEdsdmJuTnBaMjVwYm1kalpYSjBhV1pwWTJGMFpTNXRZVzVoWjJWdFpXNTBMbUY2ZFhKbExtTnZiVENDQVNJd0RRWUpLb1pJaHZjTkFRRUJCUUFEZ2dFUEFEQ0NBUW9DZ2dFQkFMZ0xuU2J6RWJGUDV2dVJGalBrSVJWaGd6LWl3OE5TRDdlOUtpUms5am9MbDRZcm5DMGFTdUt3c2hSZTl2X0dsLS1DcXhYZ2tjcENyZmR5bGF4ZVhQQ3FQYlNBeVNXOFpYZVNEekQzNXNxX3BGbnBLaHVjZ0I5OUdlLWUxdW5KZ3ZZZkpUaTMtcmkwb0RNcHJ5UGpsai1EU0FRN0xQejM1Y0tTYnpGWUt1M215bkM2d1dPYnpDdXdHdDVxYko0dXhlcXpTd19FYUxLMC02YXd3bjUwbFZzS25adGlaaGRmSFhES0tMYXA3ZExBd3cwQ00xazlGbXFHdmxTUEl3TGV2SHF6VHpEcXcxWjdhcW9SVUhfc2V6aFp4S3ZLdzJLS0wwaDczSjF1U3RCS2Fpd3hQaC05SnJHdHJwNWVta05zajJWLXR1T1E3c2FtM1ozdXJGUldCWkVDQXdFQUFhT0NCQXN3Z2dRSE1DY0dDU3NHQVFRQmdqY1ZDZ1FhTUJnd0NnWUlLd1lCQlFVSEF3RXdDZ1lJS3dZQkJRVUhBd0l3UFFZSkt3WUJCQUdDTnhVSEJEQXdMZ1ltS3dZQkJBR0NOeFVJaHBEakRZVFZ0SGlFOFlzLWhadmRGczZkRW9GZ2d2WDJLNFB5MFNBQ0FXUUNBUW93Z2dIYUJnZ3JCZ0VGQlFjQkFRU0NBY3d3Z2dISU1HWUdDQ3NHQVFVRkJ6QUNobHBvZEhSd09pOHZZM0pzTG0xcFkzSnZjMjltZEM1amIyMHZjR3RwYVc1bWNtRXZRMlZ5ZEhNdlFsa3lVRXRKU1U1VVEwRXdNUzVCVFVVdVIwSk1YMEZOUlNVeU1FbE9SbEpCSlRJd1EwRWxNakF3TVNnMEtTNWpjblF3VmdZSUt3WUJCUVVITUFLR1NtaDBkSEE2THk5amNtd3hMbUZ0WlM1blltd3ZZV2xoTDBKWk1sQkxTVWxPVkVOQk1ERXVRVTFGTGtkQ1RGOUJUVVVsTWpCSlRrWlNRU1V5TUVOQkpUSXdNREVvTkNrdVkzSjBNRllHQ0NzR0FRVUZCekFDaGtwb2RIUndPaTh2WTNKc01pNWhiV1V1WjJKc0wyRnBZUzlDV1RKUVMwbEpUbFJEUVRBeExrRk5SUzVIUWt4ZlFVMUZKVEl3U1U1R1VrRWxNakJEUVNVeU1EQXhLRFFwTG1OeWREQldCZ2dyQmdFRkJRY3dBb1pLYUhSMGNEb3ZMMk55YkRNdVlXMWxMbWRpYkM5aGFXRXZRbGt5VUV0SlNVNVVRMEV3TVM1QlRVVXVSMEpNWDBGTlJTVXlNRWxPUmxKQkpUSXdRMEVsTWpBd01TZzBLUzVqY25Rd1ZnWUlLd1lCQlFVSE1BS0dTbWgwZEhBNkx5OWpjbXcwTG1GdFpTNW5ZbXd2WVdsaEwwSlpNbEJMU1VsT1ZFTkJNREV1UVUxRkxrZENURjlCVFVVbE1qQkpUa1pTUVNVeU1FTkJKVEl3TURFb05Da3VZM0owTUIwR0ExVWREZ1FXQkJTTnRhNk93NjgwazZhcF9vXzNaS2QwQnVrSlFUQU9CZ05WSFE4QkFmOEVCQU1DQmFBd2dnRTFCZ05WSFI4RWdnRXNNSUlCS0RDQ0FTU2dnZ0Vnb0lJQkhJWkNhSFIwY0RvdkwyTnliQzV0YVdOeWIzTnZablF1WTI5dEwzQnJhV2x1Wm5KaEwwTlNUQzlCVFVVbE1qQkpUa1pTUVNVeU1FTkJKVEl3TURFb05Da3VZM0pzaGpSb2RIUndPaTh2WTNKc01TNWhiV1V1WjJKc0wyTnliQzlCVFVVbE1qQkpUa1pTUVNVeU1FTkJKVEl3TURFb05Da3VZM0pzaGpSb2RIUndPaTh2WTNKc01pNWhiV1V1WjJKc0wyTnliQzlCVFVVbE1qQkpUa1pTUVNVeU1FTkJKVEl3TURFb05Da3VZM0pzaGpSb2RIUndPaTh2WTNKc015NWhiV1V1WjJKc0wyTnliQzlCVFVVbE1qQkpUa1pTUVNVeU1FTkJKVEl3TURFb05Da3VZM0pzaGpSb2RIUndPaTh2WTNKc05DNWhiV1V1WjJKc0wyTnliQzlCVFVVbE1qQkpUa1pTUVNVeU1FTkJKVEl3TURFb05Da3VZM0pzTUJjR0ExVWRJQVFRTUE0d0RBWUtLd1lCQkFHQ04zc0JBVEFmQmdOVkhTTUVHREFXZ0JUbDJadG5fUGpzdXJ2d3dLaWRpbGVJdWQ4LVl6QWRCZ05WSFNVRUZqQVVCZ2dyQmdFRkJRY0RBUVlJS3dZQkJRVUhBd0l3RFFZSktvWklodmNOQVFFTEJRQURnZ0VCQUpmaHFpZ0lTU0ZrcDVHNXNISWc3c2hxZ3Ewbk11NFprckZ5dEtZb2o5bnlJa2JwNXdTMlMyU254QXBiazZER2ZDb3BlVzJiVC00MUx1QUJ4cnBIaElueGRRUndjNGhmTmtWZzVrNDhqYlNrYVA0Um5ZNTJWVDcwa0gydm5nRzN6RGNwZGxfVWR0WGo1cUN6RWZmSFYyWjN6Ynp2OXJ3ODYwalpJd2taNVZHbW9ZbzlnaEhYb1lYNWxROXBtMFQtTTdHaFcwNzhnR2phampHSi1lUjVDUTRmZm5SNWtCSlJWZTFCX1MtbmZha0NxRUxkZkRld2lPNjQta18tOFJBc0hJNzV2VW5JNlNfUlFmYTBHYWg2MHdBd09YWFhHUnpTYi1tNXR2S0lncVZiNDZNUHA5cksxSGd3Y1VrdmtfTWVvSTJYdFhVTl9TVzJ1UlhDRnA5VV9QbyZzPU8xR2x2cjZ2WXVaR3ZtOGZqZU5pcUotQXNMeFpBRWVRNjZKOGxvZTFGU3dHdkI1ZW1ULWJIVHlETFlQTTVWNHhoUm5EbVUtdGdQcW05QWg2eTdhQVdkWGN0WTdRd3B3d1h2RTVBZUdfMzJ0SS14bXF5QkdSRDhqYld5dDZwYVZiaGt4ZnEybWZmRmdwS1FrTFN1SWFPMHN1MHh4RkFickNCOXRsNWw4NVg4anJrUFBoa3BwZm5KRVFkcGRKRF8yaFhaZHB3ZENBOWZYUTJYQVNZN0lIeGdrT0FLbFE0SkdQNTd2dlJsNUM3NHpVVHNyX3FqVm9zUnREb0V3WWlUdEpOUi1WVEN1dnAwbzJVS2otRGk1RE52XzBGMnhXLVVoUTkyR2x6SGxJZy01Q1doaTlqTmQydGpjOUowMzgyLWpQdHY2NTRSS2lwNW5KdVoxalBZSFRqUSZoPUNaNE04WXB4cnRpclpqaDZISWdyMHlJcHh4WXc4SkdxMjFsRTdtaG1sSW8=",
      "RequestMethod": "GET",
      "RequestHeaders": {
        "User-Agent": [
          "FxVersion/6.0.2323.48002",
          "OSName/Windows",
          "OSVersion/Microsoft.Windows.10.0.22621",
          "Microsoft.Azure.Management.Internal.Resources.ResourceManagementClient/1.3.86"
        ]
      },
      "RequestBody": "",
      "ResponseHeaders": {
        "Cache-Control": [
          "no-cache"
        ],
        "Pragma": [
          "no-cache"
        ],
        "Location": [
          "https://eastus2euap.management.azure.com/subscriptions/9ff4ebf4-0c4a-43e8-861c-b445afdd66bf/operationresults/eyJqb2JJZCI6IlJFU09VUkNFR1JPVVBERUxFVElPTkpPQi1QUzI0MjUtRUFTVFVTMkVVQVAiLCJqb2JMb2NhdGlvbiI6ImVhc3R1czJldWFwIn0?api-version=2016-09-01&t=638331849361849499&c=MIIHHjCCBgagAwIBAgITOgHct7O3aN_KxDKNJwAEAdy3szANBgkqhkiG9w0BAQsFADBEMRMwEQYKCZImiZPyLGQBGRYDR0JMMRMwEQYKCZImiZPyLGQBGRYDQU1FMRgwFgYDVQQDEw9BTUUgSU5GUkEgQ0EgMDEwHhcNMjMwODAyMDc1ODI0WhcNMjQwNzI3MDc1ODI0WjBAMT4wPAYDVQQDEzVhc3luY29wZXJhdGlvbnNpZ25pbmdjZXJ0aWZpY2F0ZS5tYW5hZ2VtZW50LmF6dXJlLmNvbTCCASIwDQYJKoZIhvcNAQEBBQADggEPADCCAQoCggEBALgLnSbzEbFP5vuRFjPkIRVhgz-iw8NSD7e9KiRk9joLl4YrnC0aSuKwshRe9v_Gl--CqxXgkcpCrfdylaxeXPCqPbSAySW8ZXeSDzD35sq_pFnpKhucgB99Ge-e1unJgvYfJTi3-ri0oDMpryPjlj-DSAQ7LPz35cKSbzFYKu3mynC6wWObzCuwGt5qbJ4uxeqzSw_EaLK0-6awwn50lVsKnZtiZhdfHXDKKLap7dLAww0CM1k9FmqGvlSPIwLevHqzTzDqw1Z7aqoRUH_sezhZxKvKw2KKL0h73J1uStBKaiwxPh-9JrGtrp5emkNsj2V-tuOQ7sam3Z3urFRWBZECAwEAAaOCBAswggQHMCcGCSsGAQQBgjcVCgQaMBgwCgYIKwYBBQUHAwEwCgYIKwYBBQUHAwIwPQYJKwYBBAGCNxUHBDAwLgYmKwYBBAGCNxUIhpDjDYTVtHiE8Ys-hZvdFs6dEoFggvX2K4Py0SACAWQCAQowggHaBggrBgEFBQcBAQSCAcwwggHIMGYGCCsGAQUFBzAChlpodHRwOi8vY3JsLm1pY3Jvc29mdC5jb20vcGtpaW5mcmEvQ2VydHMvQlkyUEtJSU5UQ0EwMS5BTUUuR0JMX0FNRSUyMElORlJBJTIwQ0ElMjAwMSg0KS5jcnQwVgYIKwYBBQUHMAKGSmh0dHA6Ly9jcmwxLmFtZS5nYmwvYWlhL0JZMlBLSUlOVENBMDEuQU1FLkdCTF9BTUUlMjBJTkZSQSUyMENBJTIwMDEoNCkuY3J0MFYGCCsGAQUFBzAChkpodHRwOi8vY3JsMi5hbWUuZ2JsL2FpYS9CWTJQS0lJTlRDQTAxLkFNRS5HQkxfQU1FJTIwSU5GUkElMjBDQSUyMDAxKDQpLmNydDBWBggrBgEFBQcwAoZKaHR0cDovL2NybDMuYW1lLmdibC9haWEvQlkyUEtJSU5UQ0EwMS5BTUUuR0JMX0FNRSUyMElORlJBJTIwQ0ElMjAwMSg0KS5jcnQwVgYIKwYBBQUHMAKGSmh0dHA6Ly9jcmw0LmFtZS5nYmwvYWlhL0JZMlBLSUlOVENBMDEuQU1FLkdCTF9BTUUlMjBJTkZSQSUyMENBJTIwMDEoNCkuY3J0MB0GA1UdDgQWBBSNta6Ow680k6ap_o_3ZKd0BukJQTAOBgNVHQ8BAf8EBAMCBaAwggE1BgNVHR8EggEsMIIBKDCCASSgggEgoIIBHIZCaHR0cDovL2NybC5taWNyb3NvZnQuY29tL3BraWluZnJhL0NSTC9BTUUlMjBJTkZSQSUyMENBJTIwMDEoNCkuY3JshjRodHRwOi8vY3JsMS5hbWUuZ2JsL2NybC9BTUUlMjBJTkZSQSUyMENBJTIwMDEoNCkuY3JshjRodHRwOi8vY3JsMi5hbWUuZ2JsL2NybC9BTUUlMjBJTkZSQSUyMENBJTIwMDEoNCkuY3JshjRodHRwOi8vY3JsMy5hbWUuZ2JsL2NybC9BTUUlMjBJTkZSQSUyMENBJTIwMDEoNCkuY3JshjRodHRwOi8vY3JsNC5hbWUuZ2JsL2NybC9BTUUlMjBJTkZSQSUyMENBJTIwMDEoNCkuY3JsMBcGA1UdIAQQMA4wDAYKKwYBBAGCN3sBATAfBgNVHSMEGDAWgBTl2Ztn_PjsurvwwKidileIud8-YzAdBgNVHSUEFjAUBggrBgEFBQcDAQYIKwYBBQUHAwIwDQYJKoZIhvcNAQELBQADggEBAJfhqigISSFkp5G5sHIg7shqgq0nMu4ZkrFytKYoj9nyIkbp5wS2S2SnxApbk6DGfCopeW2bT-41LuABxrpHhInxdQRwc4hfNkVg5k48jbSkaP4RnY52VT70kH2vngG3zDcpdl_UdtXj5qCzEffHV2Z3zbzv9rw860jZIwkZ5VGmoYo9ghHXoYX5lQ9pm0T-M7GhW078gGjajjGJ-eR5CQ4ffnR5kBJRVe1B_S-nfakCqELdfDewiO64-k_-8RAsHI75vUnI6S_RQfa0Gah60wAwOXXXGRzSb-m5tvKIgqVb46MPp9rK1HgwcUkvk_MeoI2XtXUN_SW2uRXCFp9U_Po&s=apY83HpAGdAXGAcRTrmxJX84H4bn--I9XwOiblMaKuu9dl6b3WyXYN-BcwccU6ieSMNzSiPPU6gr6wrjfONcH59AsLOjz7LikZdrkytOHi5b4pKQmGXlxLQSSbAUiJ4cihN9xplTAaZeKS-9DuZN-c9K1XMXCUgSTWkVl6umWgVQU-_yPgnfMarzIaeOlRIYzszhhJuwi1jxDpaHjoAgDgFUzR5ShEqGh_1E4D1nXtR5zjqZkkbKRn7-PEoGqddKq94nw5bUTzDUSMBjeiDza3_xsxHSz_9dme8c0t7L0qsrR5LQqq5N63EcsAbo4i0lzQy7lL6ZbcKu3bKLU10aIg&h=Hd3VswQFvYVz0XA89iszDeiCel7bZ56E0Lfa6DoeQyg"
        ],
        "Retry-After": [
          "15"
        ],
        "x-ms-ratelimit-remaining-subscription-reads": [
          "11980"
        ],
        "x-ms-request-id": [
          "63dbc10e-a36a-4438-b726-984311f246a8"
        ],
        "x-ms-correlation-request-id": [
          "63dbc10e-a36a-4438-b726-984311f246a8"
        ],
        "x-ms-routing-request-id": [
          "EASTUS2EUAP:20231018T001536Z:63dbc10e-a36a-4438-b726-984311f246a8"
        ],
        "Strict-Transport-Security": [
          "max-age=31536000; includeSubDomains"
        ],
        "X-Content-Type-Options": [
          "nosniff"
        ],
        "X-Cache": [
          "CONFIG_NOCACHE"
        ],
        "X-MSEdge-Ref": [
          "Ref A: EE51A336C8004AB8B998AD64D04954F0 Ref B: CO6AA3150219031 Ref C: 2023-10-18T00:15:36Z"
        ],
        "Date": [
          "Wed, 18 Oct 2023 00:15:35 GMT"
        ],
        "Expires": [
          "-1"
        ],
        "Content-Length": [
          "0"
        ]
      },
      "ResponseBody": "",
      "StatusCode": 202
    },
    {
      "RequestUri": "/subscriptions/9ff4ebf4-0c4a-43e8-861c-b445afdd66bf/operationresults/eyJqb2JJZCI6IlJFU09VUkNFR1JPVVBERUxFVElPTkpPQi1QUzI0MjUtRUFTVFVTMkVVQVAiLCJqb2JMb2NhdGlvbiI6ImVhc3R1czJldWFwIn0?api-version=2016-09-01&t=638331849361849499&c=MIIHHjCCBgagAwIBAgITOgHct7O3aN_KxDKNJwAEAdy3szANBgkqhkiG9w0BAQsFADBEMRMwEQYKCZImiZPyLGQBGRYDR0JMMRMwEQYKCZImiZPyLGQBGRYDQU1FMRgwFgYDVQQDEw9BTUUgSU5GUkEgQ0EgMDEwHhcNMjMwODAyMDc1ODI0WhcNMjQwNzI3MDc1ODI0WjBAMT4wPAYDVQQDEzVhc3luY29wZXJhdGlvbnNpZ25pbmdjZXJ0aWZpY2F0ZS5tYW5hZ2VtZW50LmF6dXJlLmNvbTCCASIwDQYJKoZIhvcNAQEBBQADggEPADCCAQoCggEBALgLnSbzEbFP5vuRFjPkIRVhgz-iw8NSD7e9KiRk9joLl4YrnC0aSuKwshRe9v_Gl--CqxXgkcpCrfdylaxeXPCqPbSAySW8ZXeSDzD35sq_pFnpKhucgB99Ge-e1unJgvYfJTi3-ri0oDMpryPjlj-DSAQ7LPz35cKSbzFYKu3mynC6wWObzCuwGt5qbJ4uxeqzSw_EaLK0-6awwn50lVsKnZtiZhdfHXDKKLap7dLAww0CM1k9FmqGvlSPIwLevHqzTzDqw1Z7aqoRUH_sezhZxKvKw2KKL0h73J1uStBKaiwxPh-9JrGtrp5emkNsj2V-tuOQ7sam3Z3urFRWBZECAwEAAaOCBAswggQHMCcGCSsGAQQBgjcVCgQaMBgwCgYIKwYBBQUHAwEwCgYIKwYBBQUHAwIwPQYJKwYBBAGCNxUHBDAwLgYmKwYBBAGCNxUIhpDjDYTVtHiE8Ys-hZvdFs6dEoFggvX2K4Py0SACAWQCAQowggHaBggrBgEFBQcBAQSCAcwwggHIMGYGCCsGAQUFBzAChlpodHRwOi8vY3JsLm1pY3Jvc29mdC5jb20vcGtpaW5mcmEvQ2VydHMvQlkyUEtJSU5UQ0EwMS5BTUUuR0JMX0FNRSUyMElORlJBJTIwQ0ElMjAwMSg0KS5jcnQwVgYIKwYBBQUHMAKGSmh0dHA6Ly9jcmwxLmFtZS5nYmwvYWlhL0JZMlBLSUlOVENBMDEuQU1FLkdCTF9BTUUlMjBJTkZSQSUyMENBJTIwMDEoNCkuY3J0MFYGCCsGAQUFBzAChkpodHRwOi8vY3JsMi5hbWUuZ2JsL2FpYS9CWTJQS0lJTlRDQTAxLkFNRS5HQkxfQU1FJTIwSU5GUkElMjBDQSUyMDAxKDQpLmNydDBWBggrBgEFBQcwAoZKaHR0cDovL2NybDMuYW1lLmdibC9haWEvQlkyUEtJSU5UQ0EwMS5BTUUuR0JMX0FNRSUyMElORlJBJTIwQ0ElMjAwMSg0KS5jcnQwVgYIKwYBBQUHMAKGSmh0dHA6Ly9jcmw0LmFtZS5nYmwvYWlhL0JZMlBLSUlOVENBMDEuQU1FLkdCTF9BTUUlMjBJTkZSQSUyMENBJTIwMDEoNCkuY3J0MB0GA1UdDgQWBBSNta6Ow680k6ap_o_3ZKd0BukJQTAOBgNVHQ8BAf8EBAMCBaAwggE1BgNVHR8EggEsMIIBKDCCASSgggEgoIIBHIZCaHR0cDovL2NybC5taWNyb3NvZnQuY29tL3BraWluZnJhL0NSTC9BTUUlMjBJTkZSQSUyMENBJTIwMDEoNCkuY3JshjRodHRwOi8vY3JsMS5hbWUuZ2JsL2NybC9BTUUlMjBJTkZSQSUyMENBJTIwMDEoNCkuY3JshjRodHRwOi8vY3JsMi5hbWUuZ2JsL2NybC9BTUUlMjBJTkZSQSUyMENBJTIwMDEoNCkuY3JshjRodHRwOi8vY3JsMy5hbWUuZ2JsL2NybC9BTUUlMjBJTkZSQSUyMENBJTIwMDEoNCkuY3JshjRodHRwOi8vY3JsNC5hbWUuZ2JsL2NybC9BTUUlMjBJTkZSQSUyMENBJTIwMDEoNCkuY3JsMBcGA1UdIAQQMA4wDAYKKwYBBAGCN3sBATAfBgNVHSMEGDAWgBTl2Ztn_PjsurvwwKidileIud8-YzAdBgNVHSUEFjAUBggrBgEFBQcDAQYIKwYBBQUHAwIwDQYJKoZIhvcNAQELBQADggEBAJfhqigISSFkp5G5sHIg7shqgq0nMu4ZkrFytKYoj9nyIkbp5wS2S2SnxApbk6DGfCopeW2bT-41LuABxrpHhInxdQRwc4hfNkVg5k48jbSkaP4RnY52VT70kH2vngG3zDcpdl_UdtXj5qCzEffHV2Z3zbzv9rw860jZIwkZ5VGmoYo9ghHXoYX5lQ9pm0T-M7GhW078gGjajjGJ-eR5CQ4ffnR5kBJRVe1B_S-nfakCqELdfDewiO64-k_-8RAsHI75vUnI6S_RQfa0Gah60wAwOXXXGRzSb-m5tvKIgqVb46MPp9rK1HgwcUkvk_MeoI2XtXUN_SW2uRXCFp9U_Po&s=apY83HpAGdAXGAcRTrmxJX84H4bn--I9XwOiblMaKuu9dl6b3WyXYN-BcwccU6ieSMNzSiPPU6gr6wrjfONcH59AsLOjz7LikZdrkytOHi5b4pKQmGXlxLQSSbAUiJ4cihN9xplTAaZeKS-9DuZN-c9K1XMXCUgSTWkVl6umWgVQU-_yPgnfMarzIaeOlRIYzszhhJuwi1jxDpaHjoAgDgFUzR5ShEqGh_1E4D1nXtR5zjqZkkbKRn7-PEoGqddKq94nw5bUTzDUSMBjeiDza3_xsxHSz_9dme8c0t7L0qsrR5LQqq5N63EcsAbo4i0lzQy7lL6ZbcKu3bKLU10aIg&h=Hd3VswQFvYVz0XA89iszDeiCel7bZ56E0Lfa6DoeQyg",
      "EncodedRequestUri": "L3N1YnNjcmlwdGlvbnMvOWZmNGViZjQtMGM0YS00M2U4LTg2MWMtYjQ0NWFmZGQ2NmJmL29wZXJhdGlvbnJlc3VsdHMvZXlKcWIySkpaQ0k2SWxKRlUwOVZVa05GUjFKUFZWQkVSVXhGVkVsUFRrcFBRaTFRVXpJME1qVXRSVUZUVkZWVE1rVlZRVkFpTENKcWIySk1iMk5oZEdsdmJpSTZJbVZoYzNSMWN6SmxkV0Z3SW4wP2FwaS12ZXJzaW9uPTIwMTYtMDktMDEmdD02MzgzMzE4NDkzNjE4NDk0OTkmYz1NSUlISGpDQ0JnYWdBd0lCQWdJVE9nSGN0N08zYU5fS3hES05Kd0FFQWR5M3N6QU5CZ2txaGtpRzl3MEJBUXNGQURCRU1STXdFUVlLQ1pJbWlaUHlMR1FCR1JZRFIwSk1NUk13RVFZS0NaSW1pWlB5TEdRQkdSWURRVTFGTVJnd0ZnWURWUVFERXc5QlRVVWdTVTVHVWtFZ1EwRWdNREV3SGhjTk1qTXdPREF5TURjMU9ESTBXaGNOTWpRd056STNNRGMxT0RJMFdqQkFNVDR3UEFZRFZRUURFelZoYzNsdVkyOXdaWEpoZEdsdmJuTnBaMjVwYm1kalpYSjBhV1pwWTJGMFpTNXRZVzVoWjJWdFpXNTBMbUY2ZFhKbExtTnZiVENDQVNJd0RRWUpLb1pJaHZjTkFRRUJCUUFEZ2dFUEFEQ0NBUW9DZ2dFQkFMZ0xuU2J6RWJGUDV2dVJGalBrSVJWaGd6LWl3OE5TRDdlOUtpUms5am9MbDRZcm5DMGFTdUt3c2hSZTl2X0dsLS1DcXhYZ2tjcENyZmR5bGF4ZVhQQ3FQYlNBeVNXOFpYZVNEekQzNXNxX3BGbnBLaHVjZ0I5OUdlLWUxdW5KZ3ZZZkpUaTMtcmkwb0RNcHJ5UGpsai1EU0FRN0xQejM1Y0tTYnpGWUt1M215bkM2d1dPYnpDdXdHdDVxYko0dXhlcXpTd19FYUxLMC02YXd3bjUwbFZzS25adGlaaGRmSFhES0tMYXA3ZExBd3cwQ00xazlGbXFHdmxTUEl3TGV2SHF6VHpEcXcxWjdhcW9SVUhfc2V6aFp4S3ZLdzJLS0wwaDczSjF1U3RCS2Fpd3hQaC05SnJHdHJwNWVta05zajJWLXR1T1E3c2FtM1ozdXJGUldCWkVDQXdFQUFhT0NCQXN3Z2dRSE1DY0dDU3NHQVFRQmdqY1ZDZ1FhTUJnd0NnWUlLd1lCQlFVSEF3RXdDZ1lJS3dZQkJRVUhBd0l3UFFZSkt3WUJCQUdDTnhVSEJEQXdMZ1ltS3dZQkJBR0NOeFVJaHBEakRZVFZ0SGlFOFlzLWhadmRGczZkRW9GZ2d2WDJLNFB5MFNBQ0FXUUNBUW93Z2dIYUJnZ3JCZ0VGQlFjQkFRU0NBY3d3Z2dISU1HWUdDQ3NHQVFVRkJ6QUNobHBvZEhSd09pOHZZM0pzTG0xcFkzSnZjMjltZEM1amIyMHZjR3RwYVc1bWNtRXZRMlZ5ZEhNdlFsa3lVRXRKU1U1VVEwRXdNUzVCVFVVdVIwSk1YMEZOUlNVeU1FbE9SbEpCSlRJd1EwRWxNakF3TVNnMEtTNWpjblF3VmdZSUt3WUJCUVVITUFLR1NtaDBkSEE2THk5amNtd3hMbUZ0WlM1blltd3ZZV2xoTDBKWk1sQkxTVWxPVkVOQk1ERXVRVTFGTGtkQ1RGOUJUVVVsTWpCSlRrWlNRU1V5TUVOQkpUSXdNREVvTkNrdVkzSjBNRllHQ0NzR0FRVUZCekFDaGtwb2RIUndPaTh2WTNKc01pNWhiV1V1WjJKc0wyRnBZUzlDV1RKUVMwbEpUbFJEUVRBeExrRk5SUzVIUWt4ZlFVMUZKVEl3U1U1R1VrRWxNakJEUVNVeU1EQXhLRFFwTG1OeWREQldCZ2dyQmdFRkJRY3dBb1pLYUhSMGNEb3ZMMk55YkRNdVlXMWxMbWRpYkM5aGFXRXZRbGt5VUV0SlNVNVVRMEV3TVM1QlRVVXVSMEpNWDBGTlJTVXlNRWxPUmxKQkpUSXdRMEVsTWpBd01TZzBLUzVqY25Rd1ZnWUlLd1lCQlFVSE1BS0dTbWgwZEhBNkx5OWpjbXcwTG1GdFpTNW5ZbXd2WVdsaEwwSlpNbEJMU1VsT1ZFTkJNREV1UVUxRkxrZENURjlCVFVVbE1qQkpUa1pTUVNVeU1FTkJKVEl3TURFb05Da3VZM0owTUIwR0ExVWREZ1FXQkJTTnRhNk93NjgwazZhcF9vXzNaS2QwQnVrSlFUQU9CZ05WSFE4QkFmOEVCQU1DQmFBd2dnRTFCZ05WSFI4RWdnRXNNSUlCS0RDQ0FTU2dnZ0Vnb0lJQkhJWkNhSFIwY0RvdkwyTnliQzV0YVdOeWIzTnZablF1WTI5dEwzQnJhV2x1Wm5KaEwwTlNUQzlCVFVVbE1qQkpUa1pTUVNVeU1FTkJKVEl3TURFb05Da3VZM0pzaGpSb2RIUndPaTh2WTNKc01TNWhiV1V1WjJKc0wyTnliQzlCVFVVbE1qQkpUa1pTUVNVeU1FTkJKVEl3TURFb05Da3VZM0pzaGpSb2RIUndPaTh2WTNKc01pNWhiV1V1WjJKc0wyTnliQzlCVFVVbE1qQkpUa1pTUVNVeU1FTkJKVEl3TURFb05Da3VZM0pzaGpSb2RIUndPaTh2WTNKc015NWhiV1V1WjJKc0wyTnliQzlCVFVVbE1qQkpUa1pTUVNVeU1FTkJKVEl3TURFb05Da3VZM0pzaGpSb2RIUndPaTh2WTNKc05DNWhiV1V1WjJKc0wyTnliQzlCVFVVbE1qQkpUa1pTUVNVeU1FTkJKVEl3TURFb05Da3VZM0pzTUJjR0ExVWRJQVFRTUE0d0RBWUtLd1lCQkFHQ04zc0JBVEFmQmdOVkhTTUVHREFXZ0JUbDJadG5fUGpzdXJ2d3dLaWRpbGVJdWQ4LVl6QWRCZ05WSFNVRUZqQVVCZ2dyQmdFRkJRY0RBUVlJS3dZQkJRVUhBd0l3RFFZSktvWklodmNOQVFFTEJRQURnZ0VCQUpmaHFpZ0lTU0ZrcDVHNXNISWc3c2hxZ3Ewbk11NFprckZ5dEtZb2o5bnlJa2JwNXdTMlMyU254QXBiazZER2ZDb3BlVzJiVC00MUx1QUJ4cnBIaElueGRRUndjNGhmTmtWZzVrNDhqYlNrYVA0Um5ZNTJWVDcwa0gydm5nRzN6RGNwZGxfVWR0WGo1cUN6RWZmSFYyWjN6Ynp2OXJ3ODYwalpJd2taNVZHbW9ZbzlnaEhYb1lYNWxROXBtMFQtTTdHaFcwNzhnR2phampHSi1lUjVDUTRmZm5SNWtCSlJWZTFCX1MtbmZha0NxRUxkZkRld2lPNjQta18tOFJBc0hJNzV2VW5JNlNfUlFmYTBHYWg2MHdBd09YWFhHUnpTYi1tNXR2S0lncVZiNDZNUHA5cksxSGd3Y1VrdmtfTWVvSTJYdFhVTl9TVzJ1UlhDRnA5VV9QbyZzPWFwWTgzSHBBR2RBWEdBY1JUcm14Slg4NEg0Ym4tLUk5WHdPaWJsTWFLdXU5ZGw2YjNXeVhZTi1CY3djY1U2aWVTTU56U2lQUFU2Z3I2d3JqZk9OY0g1OUFzTE9qejdMaWtaZHJreXRPSGk1YjRwS1FtR1hseExRU1NiQVVpSjRjaWhOOXhwbFRBYVplS1MtOUR1Wk4tYzlLMVhNWENVZ1NUV2tWbDZ1bVdnVlFVLV95UGduZk1hcnpJYWVPbFJJWXpzemhoSnV3aTFqeERwYUhqb0FnRGdGVXpSNVNoRXFHaF8xRTREMW5YdFI1empxWmtrYktSbjctUEVvR3FkZEtxOTRudzViVVR6RFVTTUJqZWlEemEzX3hzeEhTel85ZG1lOGMwdDdMMHFzclI1TFFxcTVONjNFY3NBYm80aTBselF5N2xMNlpiY0t1M2JLTFUxMGFJZyZoPUhkM1Zzd1FGdllWejBYQTg5aXN6RGVpQ2VsN2JaNTZFMExmYTZEb2VReWc=",
      "RequestMethod": "GET",
      "RequestHeaders": {
        "User-Agent": [
          "FxVersion/6.0.2323.48002",
          "OSName/Windows",
          "OSVersion/Microsoft.Windows.10.0.22621",
          "Microsoft.Azure.Management.Internal.Resources.ResourceManagementClient/1.3.86"
        ]
      },
      "RequestBody": "",
      "ResponseHeaders": {
        "Cache-Control": [
          "no-cache"
        ],
        "Pragma": [
          "no-cache"
        ],
        "Location": [
          "https://eastus2euap.management.azure.com/subscriptions/9ff4ebf4-0c4a-43e8-861c-b445afdd66bf/operationresults/eyJqb2JJZCI6IlJFU09VUkNFR1JPVVBERUxFVElPTkpPQi1QUzI0MjUtRUFTVFVTMkVVQVAiLCJqb2JMb2NhdGlvbiI6ImVhc3R1czJldWFwIn0?api-version=2016-09-01&t=638331849513098544&c=MIIHHjCCBgagAwIBAgITOgHct7O3aN_KxDKNJwAEAdy3szANBgkqhkiG9w0BAQsFADBEMRMwEQYKCZImiZPyLGQBGRYDR0JMMRMwEQYKCZImiZPyLGQBGRYDQU1FMRgwFgYDVQQDEw9BTUUgSU5GUkEgQ0EgMDEwHhcNMjMwODAyMDc1ODI0WhcNMjQwNzI3MDc1ODI0WjBAMT4wPAYDVQQDEzVhc3luY29wZXJhdGlvbnNpZ25pbmdjZXJ0aWZpY2F0ZS5tYW5hZ2VtZW50LmF6dXJlLmNvbTCCASIwDQYJKoZIhvcNAQEBBQADggEPADCCAQoCggEBALgLnSbzEbFP5vuRFjPkIRVhgz-iw8NSD7e9KiRk9joLl4YrnC0aSuKwshRe9v_Gl--CqxXgkcpCrfdylaxeXPCqPbSAySW8ZXeSDzD35sq_pFnpKhucgB99Ge-e1unJgvYfJTi3-ri0oDMpryPjlj-DSAQ7LPz35cKSbzFYKu3mynC6wWObzCuwGt5qbJ4uxeqzSw_EaLK0-6awwn50lVsKnZtiZhdfHXDKKLap7dLAww0CM1k9FmqGvlSPIwLevHqzTzDqw1Z7aqoRUH_sezhZxKvKw2KKL0h73J1uStBKaiwxPh-9JrGtrp5emkNsj2V-tuOQ7sam3Z3urFRWBZECAwEAAaOCBAswggQHMCcGCSsGAQQBgjcVCgQaMBgwCgYIKwYBBQUHAwEwCgYIKwYBBQUHAwIwPQYJKwYBBAGCNxUHBDAwLgYmKwYBBAGCNxUIhpDjDYTVtHiE8Ys-hZvdFs6dEoFggvX2K4Py0SACAWQCAQowggHaBggrBgEFBQcBAQSCAcwwggHIMGYGCCsGAQUFBzAChlpodHRwOi8vY3JsLm1pY3Jvc29mdC5jb20vcGtpaW5mcmEvQ2VydHMvQlkyUEtJSU5UQ0EwMS5BTUUuR0JMX0FNRSUyMElORlJBJTIwQ0ElMjAwMSg0KS5jcnQwVgYIKwYBBQUHMAKGSmh0dHA6Ly9jcmwxLmFtZS5nYmwvYWlhL0JZMlBLSUlOVENBMDEuQU1FLkdCTF9BTUUlMjBJTkZSQSUyMENBJTIwMDEoNCkuY3J0MFYGCCsGAQUFBzAChkpodHRwOi8vY3JsMi5hbWUuZ2JsL2FpYS9CWTJQS0lJTlRDQTAxLkFNRS5HQkxfQU1FJTIwSU5GUkElMjBDQSUyMDAxKDQpLmNydDBWBggrBgEFBQcwAoZKaHR0cDovL2NybDMuYW1lLmdibC9haWEvQlkyUEtJSU5UQ0EwMS5BTUUuR0JMX0FNRSUyMElORlJBJTIwQ0ElMjAwMSg0KS5jcnQwVgYIKwYBBQUHMAKGSmh0dHA6Ly9jcmw0LmFtZS5nYmwvYWlhL0JZMlBLSUlOVENBMDEuQU1FLkdCTF9BTUUlMjBJTkZSQSUyMENBJTIwMDEoNCkuY3J0MB0GA1UdDgQWBBSNta6Ow680k6ap_o_3ZKd0BukJQTAOBgNVHQ8BAf8EBAMCBaAwggE1BgNVHR8EggEsMIIBKDCCASSgggEgoIIBHIZCaHR0cDovL2NybC5taWNyb3NvZnQuY29tL3BraWluZnJhL0NSTC9BTUUlMjBJTkZSQSUyMENBJTIwMDEoNCkuY3JshjRodHRwOi8vY3JsMS5hbWUuZ2JsL2NybC9BTUUlMjBJTkZSQSUyMENBJTIwMDEoNCkuY3JshjRodHRwOi8vY3JsMi5hbWUuZ2JsL2NybC9BTUUlMjBJTkZSQSUyMENBJTIwMDEoNCkuY3JshjRodHRwOi8vY3JsMy5hbWUuZ2JsL2NybC9BTUUlMjBJTkZSQSUyMENBJTIwMDEoNCkuY3JshjRodHRwOi8vY3JsNC5hbWUuZ2JsL2NybC9BTUUlMjBJTkZSQSUyMENBJTIwMDEoNCkuY3JsMBcGA1UdIAQQMA4wDAYKKwYBBAGCN3sBATAfBgNVHSMEGDAWgBTl2Ztn_PjsurvwwKidileIud8-YzAdBgNVHSUEFjAUBggrBgEFBQcDAQYIKwYBBQUHAwIwDQYJKoZIhvcNAQELBQADggEBAJfhqigISSFkp5G5sHIg7shqgq0nMu4ZkrFytKYoj9nyIkbp5wS2S2SnxApbk6DGfCopeW2bT-41LuABxrpHhInxdQRwc4hfNkVg5k48jbSkaP4RnY52VT70kH2vngG3zDcpdl_UdtXj5qCzEffHV2Z3zbzv9rw860jZIwkZ5VGmoYo9ghHXoYX5lQ9pm0T-M7GhW078gGjajjGJ-eR5CQ4ffnR5kBJRVe1B_S-nfakCqELdfDewiO64-k_-8RAsHI75vUnI6S_RQfa0Gah60wAwOXXXGRzSb-m5tvKIgqVb46MPp9rK1HgwcUkvk_MeoI2XtXUN_SW2uRXCFp9U_Po&s=NdC6R-hRWsaDiobjk3fOafEHxydzrAkqBRgfWbgSWuvEF1uj0V49h7gpxgDMus9b9Limaqj5qY7K7SMhzHk3Tbc7vxqcnINNk4lQFnC2TC73HlhGE_xIVClzoYxMxGJIC06VEuSEMmCGdMuhlOSuSxEm8Qls41Mpu5aCJA0ieVovwvLOrA660oecLaun6Dlc4jLLTX4R1kVowJqix8feRiqEyD8HnByS5CNv4tO64PTlhwmOwo0AOzMAGN3swYUbxMixrnVqgLR1OroSplO6ymtkNu63i6Xj-D0RkX4aAbD9uu5mI2LrNVbN63UDf9aSZy_lmXIxYQsnLx-LDJDInQ&h=39zw8drbSiVSO1GlWBNBnodQIkiGGvEdyg83nQ-y4Uc"
        ],
        "Retry-After": [
          "15"
        ],
        "x-ms-ratelimit-remaining-subscription-reads": [
          "11979"
        ],
        "x-ms-request-id": [
          "01bdb057-1484-4f3a-9aba-5c5a69275d5c"
        ],
        "x-ms-correlation-request-id": [
          "01bdb057-1484-4f3a-9aba-5c5a69275d5c"
        ],
        "x-ms-routing-request-id": [
          "EASTUS2EUAP:20231018T001551Z:01bdb057-1484-4f3a-9aba-5c5a69275d5c"
        ],
        "Strict-Transport-Security": [
          "max-age=31536000; includeSubDomains"
        ],
        "X-Content-Type-Options": [
          "nosniff"
        ],
        "X-Cache": [
          "CONFIG_NOCACHE"
        ],
        "X-MSEdge-Ref": [
          "Ref A: C55EE27B4BC246B899714AFAA8F633AE Ref B: CO6AA3150219031 Ref C: 2023-10-18T00:15:51Z"
        ],
        "Date": [
          "Wed, 18 Oct 2023 00:15:50 GMT"
        ],
        "Expires": [
          "-1"
        ],
        "Content-Length": [
          "0"
        ]
      },
      "ResponseBody": "",
      "StatusCode": 202
    },
    {
      "RequestUri": "/subscriptions/9ff4ebf4-0c4a-43e8-861c-b445afdd66bf/operationresults/eyJqb2JJZCI6IlJFU09VUkNFR1JPVVBERUxFVElPTkpPQi1QUzI0MjUtRUFTVFVTMkVVQVAiLCJqb2JMb2NhdGlvbiI6ImVhc3R1czJldWFwIn0?api-version=2016-09-01&t=638331849513098544&c=MIIHHjCCBgagAwIBAgITOgHct7O3aN_KxDKNJwAEAdy3szANBgkqhkiG9w0BAQsFADBEMRMwEQYKCZImiZPyLGQBGRYDR0JMMRMwEQYKCZImiZPyLGQBGRYDQU1FMRgwFgYDVQQDEw9BTUUgSU5GUkEgQ0EgMDEwHhcNMjMwODAyMDc1ODI0WhcNMjQwNzI3MDc1ODI0WjBAMT4wPAYDVQQDEzVhc3luY29wZXJhdGlvbnNpZ25pbmdjZXJ0aWZpY2F0ZS5tYW5hZ2VtZW50LmF6dXJlLmNvbTCCASIwDQYJKoZIhvcNAQEBBQADggEPADCCAQoCggEBALgLnSbzEbFP5vuRFjPkIRVhgz-iw8NSD7e9KiRk9joLl4YrnC0aSuKwshRe9v_Gl--CqxXgkcpCrfdylaxeXPCqPbSAySW8ZXeSDzD35sq_pFnpKhucgB99Ge-e1unJgvYfJTi3-ri0oDMpryPjlj-DSAQ7LPz35cKSbzFYKu3mynC6wWObzCuwGt5qbJ4uxeqzSw_EaLK0-6awwn50lVsKnZtiZhdfHXDKKLap7dLAww0CM1k9FmqGvlSPIwLevHqzTzDqw1Z7aqoRUH_sezhZxKvKw2KKL0h73J1uStBKaiwxPh-9JrGtrp5emkNsj2V-tuOQ7sam3Z3urFRWBZECAwEAAaOCBAswggQHMCcGCSsGAQQBgjcVCgQaMBgwCgYIKwYBBQUHAwEwCgYIKwYBBQUHAwIwPQYJKwYBBAGCNxUHBDAwLgYmKwYBBAGCNxUIhpDjDYTVtHiE8Ys-hZvdFs6dEoFggvX2K4Py0SACAWQCAQowggHaBggrBgEFBQcBAQSCAcwwggHIMGYGCCsGAQUFBzAChlpodHRwOi8vY3JsLm1pY3Jvc29mdC5jb20vcGtpaW5mcmEvQ2VydHMvQlkyUEtJSU5UQ0EwMS5BTUUuR0JMX0FNRSUyMElORlJBJTIwQ0ElMjAwMSg0KS5jcnQwVgYIKwYBBQUHMAKGSmh0dHA6Ly9jcmwxLmFtZS5nYmwvYWlhL0JZMlBLSUlOVENBMDEuQU1FLkdCTF9BTUUlMjBJTkZSQSUyMENBJTIwMDEoNCkuY3J0MFYGCCsGAQUFBzAChkpodHRwOi8vY3JsMi5hbWUuZ2JsL2FpYS9CWTJQS0lJTlRDQTAxLkFNRS5HQkxfQU1FJTIwSU5GUkElMjBDQSUyMDAxKDQpLmNydDBWBggrBgEFBQcwAoZKaHR0cDovL2NybDMuYW1lLmdibC9haWEvQlkyUEtJSU5UQ0EwMS5BTUUuR0JMX0FNRSUyMElORlJBJTIwQ0ElMjAwMSg0KS5jcnQwVgYIKwYBBQUHMAKGSmh0dHA6Ly9jcmw0LmFtZS5nYmwvYWlhL0JZMlBLSUlOVENBMDEuQU1FLkdCTF9BTUUlMjBJTkZSQSUyMENBJTIwMDEoNCkuY3J0MB0GA1UdDgQWBBSNta6Ow680k6ap_o_3ZKd0BukJQTAOBgNVHQ8BAf8EBAMCBaAwggE1BgNVHR8EggEsMIIBKDCCASSgggEgoIIBHIZCaHR0cDovL2NybC5taWNyb3NvZnQuY29tL3BraWluZnJhL0NSTC9BTUUlMjBJTkZSQSUyMENBJTIwMDEoNCkuY3JshjRodHRwOi8vY3JsMS5hbWUuZ2JsL2NybC9BTUUlMjBJTkZSQSUyMENBJTIwMDEoNCkuY3JshjRodHRwOi8vY3JsMi5hbWUuZ2JsL2NybC9BTUUlMjBJTkZSQSUyMENBJTIwMDEoNCkuY3JshjRodHRwOi8vY3JsMy5hbWUuZ2JsL2NybC9BTUUlMjBJTkZSQSUyMENBJTIwMDEoNCkuY3JshjRodHRwOi8vY3JsNC5hbWUuZ2JsL2NybC9BTUUlMjBJTkZSQSUyMENBJTIwMDEoNCkuY3JsMBcGA1UdIAQQMA4wDAYKKwYBBAGCN3sBATAfBgNVHSMEGDAWgBTl2Ztn_PjsurvwwKidileIud8-YzAdBgNVHSUEFjAUBggrBgEFBQcDAQYIKwYBBQUHAwIwDQYJKoZIhvcNAQELBQADggEBAJfhqigISSFkp5G5sHIg7shqgq0nMu4ZkrFytKYoj9nyIkbp5wS2S2SnxApbk6DGfCopeW2bT-41LuABxrpHhInxdQRwc4hfNkVg5k48jbSkaP4RnY52VT70kH2vngG3zDcpdl_UdtXj5qCzEffHV2Z3zbzv9rw860jZIwkZ5VGmoYo9ghHXoYX5lQ9pm0T-M7GhW078gGjajjGJ-eR5CQ4ffnR5kBJRVe1B_S-nfakCqELdfDewiO64-k_-8RAsHI75vUnI6S_RQfa0Gah60wAwOXXXGRzSb-m5tvKIgqVb46MPp9rK1HgwcUkvk_MeoI2XtXUN_SW2uRXCFp9U_Po&s=NdC6R-hRWsaDiobjk3fOafEHxydzrAkqBRgfWbgSWuvEF1uj0V49h7gpxgDMus9b9Limaqj5qY7K7SMhzHk3Tbc7vxqcnINNk4lQFnC2TC73HlhGE_xIVClzoYxMxGJIC06VEuSEMmCGdMuhlOSuSxEm8Qls41Mpu5aCJA0ieVovwvLOrA660oecLaun6Dlc4jLLTX4R1kVowJqix8feRiqEyD8HnByS5CNv4tO64PTlhwmOwo0AOzMAGN3swYUbxMixrnVqgLR1OroSplO6ymtkNu63i6Xj-D0RkX4aAbD9uu5mI2LrNVbN63UDf9aSZy_lmXIxYQsnLx-LDJDInQ&h=39zw8drbSiVSO1GlWBNBnodQIkiGGvEdyg83nQ-y4Uc",
      "EncodedRequestUri": "L3N1YnNjcmlwdGlvbnMvOWZmNGViZjQtMGM0YS00M2U4LTg2MWMtYjQ0NWFmZGQ2NmJmL29wZXJhdGlvbnJlc3VsdHMvZXlKcWIySkpaQ0k2SWxKRlUwOVZVa05GUjFKUFZWQkVSVXhGVkVsUFRrcFBRaTFRVXpJME1qVXRSVUZUVkZWVE1rVlZRVkFpTENKcWIySk1iMk5oZEdsdmJpSTZJbVZoYzNSMWN6SmxkV0Z3SW4wP2FwaS12ZXJzaW9uPTIwMTYtMDktMDEmdD02MzgzMzE4NDk1MTMwOTg1NDQmYz1NSUlISGpDQ0JnYWdBd0lCQWdJVE9nSGN0N08zYU5fS3hES05Kd0FFQWR5M3N6QU5CZ2txaGtpRzl3MEJBUXNGQURCRU1STXdFUVlLQ1pJbWlaUHlMR1FCR1JZRFIwSk1NUk13RVFZS0NaSW1pWlB5TEdRQkdSWURRVTFGTVJnd0ZnWURWUVFERXc5QlRVVWdTVTVHVWtFZ1EwRWdNREV3SGhjTk1qTXdPREF5TURjMU9ESTBXaGNOTWpRd056STNNRGMxT0RJMFdqQkFNVDR3UEFZRFZRUURFelZoYzNsdVkyOXdaWEpoZEdsdmJuTnBaMjVwYm1kalpYSjBhV1pwWTJGMFpTNXRZVzVoWjJWdFpXNTBMbUY2ZFhKbExtTnZiVENDQVNJd0RRWUpLb1pJaHZjTkFRRUJCUUFEZ2dFUEFEQ0NBUW9DZ2dFQkFMZ0xuU2J6RWJGUDV2dVJGalBrSVJWaGd6LWl3OE5TRDdlOUtpUms5am9MbDRZcm5DMGFTdUt3c2hSZTl2X0dsLS1DcXhYZ2tjcENyZmR5bGF4ZVhQQ3FQYlNBeVNXOFpYZVNEekQzNXNxX3BGbnBLaHVjZ0I5OUdlLWUxdW5KZ3ZZZkpUaTMtcmkwb0RNcHJ5UGpsai1EU0FRN0xQejM1Y0tTYnpGWUt1M215bkM2d1dPYnpDdXdHdDVxYko0dXhlcXpTd19FYUxLMC02YXd3bjUwbFZzS25adGlaaGRmSFhES0tMYXA3ZExBd3cwQ00xazlGbXFHdmxTUEl3TGV2SHF6VHpEcXcxWjdhcW9SVUhfc2V6aFp4S3ZLdzJLS0wwaDczSjF1U3RCS2Fpd3hQaC05SnJHdHJwNWVta05zajJWLXR1T1E3c2FtM1ozdXJGUldCWkVDQXdFQUFhT0NCQXN3Z2dRSE1DY0dDU3NHQVFRQmdqY1ZDZ1FhTUJnd0NnWUlLd1lCQlFVSEF3RXdDZ1lJS3dZQkJRVUhBd0l3UFFZSkt3WUJCQUdDTnhVSEJEQXdMZ1ltS3dZQkJBR0NOeFVJaHBEakRZVFZ0SGlFOFlzLWhadmRGczZkRW9GZ2d2WDJLNFB5MFNBQ0FXUUNBUW93Z2dIYUJnZ3JCZ0VGQlFjQkFRU0NBY3d3Z2dISU1HWUdDQ3NHQVFVRkJ6QUNobHBvZEhSd09pOHZZM0pzTG0xcFkzSnZjMjltZEM1amIyMHZjR3RwYVc1bWNtRXZRMlZ5ZEhNdlFsa3lVRXRKU1U1VVEwRXdNUzVCVFVVdVIwSk1YMEZOUlNVeU1FbE9SbEpCSlRJd1EwRWxNakF3TVNnMEtTNWpjblF3VmdZSUt3WUJCUVVITUFLR1NtaDBkSEE2THk5amNtd3hMbUZ0WlM1blltd3ZZV2xoTDBKWk1sQkxTVWxPVkVOQk1ERXVRVTFGTGtkQ1RGOUJUVVVsTWpCSlRrWlNRU1V5TUVOQkpUSXdNREVvTkNrdVkzSjBNRllHQ0NzR0FRVUZCekFDaGtwb2RIUndPaTh2WTNKc01pNWhiV1V1WjJKc0wyRnBZUzlDV1RKUVMwbEpUbFJEUVRBeExrRk5SUzVIUWt4ZlFVMUZKVEl3U1U1R1VrRWxNakJEUVNVeU1EQXhLRFFwTG1OeWREQldCZ2dyQmdFRkJRY3dBb1pLYUhSMGNEb3ZMMk55YkRNdVlXMWxMbWRpYkM5aGFXRXZRbGt5VUV0SlNVNVVRMEV3TVM1QlRVVXVSMEpNWDBGTlJTVXlNRWxPUmxKQkpUSXdRMEVsTWpBd01TZzBLUzVqY25Rd1ZnWUlLd1lCQlFVSE1BS0dTbWgwZEhBNkx5OWpjbXcwTG1GdFpTNW5ZbXd2WVdsaEwwSlpNbEJMU1VsT1ZFTkJNREV1UVUxRkxrZENURjlCVFVVbE1qQkpUa1pTUVNVeU1FTkJKVEl3TURFb05Da3VZM0owTUIwR0ExVWREZ1FXQkJTTnRhNk93NjgwazZhcF9vXzNaS2QwQnVrSlFUQU9CZ05WSFE4QkFmOEVCQU1DQmFBd2dnRTFCZ05WSFI4RWdnRXNNSUlCS0RDQ0FTU2dnZ0Vnb0lJQkhJWkNhSFIwY0RvdkwyTnliQzV0YVdOeWIzTnZablF1WTI5dEwzQnJhV2x1Wm5KaEwwTlNUQzlCVFVVbE1qQkpUa1pTUVNVeU1FTkJKVEl3TURFb05Da3VZM0pzaGpSb2RIUndPaTh2WTNKc01TNWhiV1V1WjJKc0wyTnliQzlCVFVVbE1qQkpUa1pTUVNVeU1FTkJKVEl3TURFb05Da3VZM0pzaGpSb2RIUndPaTh2WTNKc01pNWhiV1V1WjJKc0wyTnliQzlCVFVVbE1qQkpUa1pTUVNVeU1FTkJKVEl3TURFb05Da3VZM0pzaGpSb2RIUndPaTh2WTNKc015NWhiV1V1WjJKc0wyTnliQzlCVFVVbE1qQkpUa1pTUVNVeU1FTkJKVEl3TURFb05Da3VZM0pzaGpSb2RIUndPaTh2WTNKc05DNWhiV1V1WjJKc0wyTnliQzlCVFVVbE1qQkpUa1pTUVNVeU1FTkJKVEl3TURFb05Da3VZM0pzTUJjR0ExVWRJQVFRTUE0d0RBWUtLd1lCQkFHQ04zc0JBVEFmQmdOVkhTTUVHREFXZ0JUbDJadG5fUGpzdXJ2d3dLaWRpbGVJdWQ4LVl6QWRCZ05WSFNVRUZqQVVCZ2dyQmdFRkJRY0RBUVlJS3dZQkJRVUhBd0l3RFFZSktvWklodmNOQVFFTEJRQURnZ0VCQUpmaHFpZ0lTU0ZrcDVHNXNISWc3c2hxZ3Ewbk11NFprckZ5dEtZb2o5bnlJa2JwNXdTMlMyU254QXBiazZER2ZDb3BlVzJiVC00MUx1QUJ4cnBIaElueGRRUndjNGhmTmtWZzVrNDhqYlNrYVA0Um5ZNTJWVDcwa0gydm5nRzN6RGNwZGxfVWR0WGo1cUN6RWZmSFYyWjN6Ynp2OXJ3ODYwalpJd2taNVZHbW9ZbzlnaEhYb1lYNWxROXBtMFQtTTdHaFcwNzhnR2phampHSi1lUjVDUTRmZm5SNWtCSlJWZTFCX1MtbmZha0NxRUxkZkRld2lPNjQta18tOFJBc0hJNzV2VW5JNlNfUlFmYTBHYWg2MHdBd09YWFhHUnpTYi1tNXR2S0lncVZiNDZNUHA5cksxSGd3Y1VrdmtfTWVvSTJYdFhVTl9TVzJ1UlhDRnA5VV9QbyZzPU5kQzZSLWhSV3NhRGlvYmprM2ZPYWZFSHh5ZHpyQWtxQlJnZldiZ1NXdXZFRjF1ajBWNDloN2dweGdETXVzOWI5TGltYXFqNXFZN0s3U01oekhrM1RiYzd2eHFjbklOTms0bFFGbkMyVEM3M0hsaEdFX3hJVkNsem9ZeE14R0pJQzA2VkV1U0VNbUNHZE11aGxPU3VTeEVtOFFsczQxTXB1NWFDSkEwaWVWb3Z3dkxPckE2NjBvZWNMYXVuNkRsYzRqTExUWDRSMWtWb3dKcWl4OGZlUmlxRXlEOEhuQnlTNUNOdjR0TzY0UFRsaHdtT3dvMEFPek1BR04zc3dZVWJ4TWl4cm5WcWdMUjFPcm9TcGxPNnltdGtOdTYzaTZYai1EMFJrWDRhQWJEOXV1NW1JMkxyTlZiTjYzVURmOWFTWnlfbG1YSXhZUXNuTHgtTERKREluUSZoPTM5enc4ZHJiU2lWU08xR2xXQk5Cbm9kUUlraUdHdkVkeWc4M25RLXk0VWM=",
      "RequestMethod": "GET",
      "RequestHeaders": {
        "User-Agent": [
          "FxVersion/6.0.2323.48002",
          "OSName/Windows",
          "OSVersion/Microsoft.Windows.10.0.22621",
          "Microsoft.Azure.Management.Internal.Resources.ResourceManagementClient/1.3.86"
        ]
      },
      "RequestBody": "",
      "ResponseHeaders": {
        "Cache-Control": [
          "no-cache"
        ],
        "Pragma": [
          "no-cache"
        ],
        "Location": [
          "https://eastus2euap.management.azure.com/subscriptions/9ff4ebf4-0c4a-43e8-861c-b445afdd66bf/operationresults/eyJqb2JJZCI6IlJFU09VUkNFR1JPVVBERUxFVElPTkpPQi1QUzI0MjUtRUFTVFVTMkVVQVAiLCJqb2JMb2NhdGlvbiI6ImVhc3R1czJldWFwIn0?api-version=2016-09-01&t=638331849664044289&c=MIIHHjCCBgagAwIBAgITOgHct7O3aN_KxDKNJwAEAdy3szANBgkqhkiG9w0BAQsFADBEMRMwEQYKCZImiZPyLGQBGRYDR0JMMRMwEQYKCZImiZPyLGQBGRYDQU1FMRgwFgYDVQQDEw9BTUUgSU5GUkEgQ0EgMDEwHhcNMjMwODAyMDc1ODI0WhcNMjQwNzI3MDc1ODI0WjBAMT4wPAYDVQQDEzVhc3luY29wZXJhdGlvbnNpZ25pbmdjZXJ0aWZpY2F0ZS5tYW5hZ2VtZW50LmF6dXJlLmNvbTCCASIwDQYJKoZIhvcNAQEBBQADggEPADCCAQoCggEBALgLnSbzEbFP5vuRFjPkIRVhgz-iw8NSD7e9KiRk9joLl4YrnC0aSuKwshRe9v_Gl--CqxXgkcpCrfdylaxeXPCqPbSAySW8ZXeSDzD35sq_pFnpKhucgB99Ge-e1unJgvYfJTi3-ri0oDMpryPjlj-DSAQ7LPz35cKSbzFYKu3mynC6wWObzCuwGt5qbJ4uxeqzSw_EaLK0-6awwn50lVsKnZtiZhdfHXDKKLap7dLAww0CM1k9FmqGvlSPIwLevHqzTzDqw1Z7aqoRUH_sezhZxKvKw2KKL0h73J1uStBKaiwxPh-9JrGtrp5emkNsj2V-tuOQ7sam3Z3urFRWBZECAwEAAaOCBAswggQHMCcGCSsGAQQBgjcVCgQaMBgwCgYIKwYBBQUHAwEwCgYIKwYBBQUHAwIwPQYJKwYBBAGCNxUHBDAwLgYmKwYBBAGCNxUIhpDjDYTVtHiE8Ys-hZvdFs6dEoFggvX2K4Py0SACAWQCAQowggHaBggrBgEFBQcBAQSCAcwwggHIMGYGCCsGAQUFBzAChlpodHRwOi8vY3JsLm1pY3Jvc29mdC5jb20vcGtpaW5mcmEvQ2VydHMvQlkyUEtJSU5UQ0EwMS5BTUUuR0JMX0FNRSUyMElORlJBJTIwQ0ElMjAwMSg0KS5jcnQwVgYIKwYBBQUHMAKGSmh0dHA6Ly9jcmwxLmFtZS5nYmwvYWlhL0JZMlBLSUlOVENBMDEuQU1FLkdCTF9BTUUlMjBJTkZSQSUyMENBJTIwMDEoNCkuY3J0MFYGCCsGAQUFBzAChkpodHRwOi8vY3JsMi5hbWUuZ2JsL2FpYS9CWTJQS0lJTlRDQTAxLkFNRS5HQkxfQU1FJTIwSU5GUkElMjBDQSUyMDAxKDQpLmNydDBWBggrBgEFBQcwAoZKaHR0cDovL2NybDMuYW1lLmdibC9haWEvQlkyUEtJSU5UQ0EwMS5BTUUuR0JMX0FNRSUyMElORlJBJTIwQ0ElMjAwMSg0KS5jcnQwVgYIKwYBBQUHMAKGSmh0dHA6Ly9jcmw0LmFtZS5nYmwvYWlhL0JZMlBLSUlOVENBMDEuQU1FLkdCTF9BTUUlMjBJTkZSQSUyMENBJTIwMDEoNCkuY3J0MB0GA1UdDgQWBBSNta6Ow680k6ap_o_3ZKd0BukJQTAOBgNVHQ8BAf8EBAMCBaAwggE1BgNVHR8EggEsMIIBKDCCASSgggEgoIIBHIZCaHR0cDovL2NybC5taWNyb3NvZnQuY29tL3BraWluZnJhL0NSTC9BTUUlMjBJTkZSQSUyMENBJTIwMDEoNCkuY3JshjRodHRwOi8vY3JsMS5hbWUuZ2JsL2NybC9BTUUlMjBJTkZSQSUyMENBJTIwMDEoNCkuY3JshjRodHRwOi8vY3JsMi5hbWUuZ2JsL2NybC9BTUUlMjBJTkZSQSUyMENBJTIwMDEoNCkuY3JshjRodHRwOi8vY3JsMy5hbWUuZ2JsL2NybC9BTUUlMjBJTkZSQSUyMENBJTIwMDEoNCkuY3JshjRodHRwOi8vY3JsNC5hbWUuZ2JsL2NybC9BTUUlMjBJTkZSQSUyMENBJTIwMDEoNCkuY3JsMBcGA1UdIAQQMA4wDAYKKwYBBAGCN3sBATAfBgNVHSMEGDAWgBTl2Ztn_PjsurvwwKidileIud8-YzAdBgNVHSUEFjAUBggrBgEFBQcDAQYIKwYBBQUHAwIwDQYJKoZIhvcNAQELBQADggEBAJfhqigISSFkp5G5sHIg7shqgq0nMu4ZkrFytKYoj9nyIkbp5wS2S2SnxApbk6DGfCopeW2bT-41LuABxrpHhInxdQRwc4hfNkVg5k48jbSkaP4RnY52VT70kH2vngG3zDcpdl_UdtXj5qCzEffHV2Z3zbzv9rw860jZIwkZ5VGmoYo9ghHXoYX5lQ9pm0T-M7GhW078gGjajjGJ-eR5CQ4ffnR5kBJRVe1B_S-nfakCqELdfDewiO64-k_-8RAsHI75vUnI6S_RQfa0Gah60wAwOXXXGRzSb-m5tvKIgqVb46MPp9rK1HgwcUkvk_MeoI2XtXUN_SW2uRXCFp9U_Po&s=Dar9pXcUV-iDZBHZFLWiPZkSH0ARVAwuJFZsiaAaSxmziSjOmmmQD4FymSCs2hz1B85bI6-cAoRcaMtGzVq_C8_0tU13zjHjZ8EgLsFqLJuIdMkrxN6bBKwUyjGrim8TMv8Bl4EMpWf0aZQDpZw-ONMo6rEhMz1bH4_pNTSMXo-ShtyVGvOvaOIZLYjavC2Za33rgWmEidrD1qYx3I-O4xSI4XU27tXUanDeamt4UdV_leYi3MmZN8wrDBHDLO72TtZYPRYNxh7v0xKdo5LR7Bn49JRqOCMcHSqftfTDFIItH4qb6NhppGrUPl0NrUOWbo-02Mq-LKJ_XI0UHEpF2w&h=0mQz0QukCzz0m0uQN6Vq7H6pmIPJl9LLKxCKa1d6hwI"
        ],
        "Retry-After": [
          "15"
        ],
        "x-ms-ratelimit-remaining-subscription-reads": [
          "11978"
        ],
        "x-ms-request-id": [
          "343084be-8bcd-456b-8316-93bb76b1e5de"
        ],
        "x-ms-correlation-request-id": [
          "343084be-8bcd-456b-8316-93bb76b1e5de"
        ],
        "x-ms-routing-request-id": [
          "EASTUS2EUAP:20231018T001606Z:343084be-8bcd-456b-8316-93bb76b1e5de"
        ],
        "Strict-Transport-Security": [
          "max-age=31536000; includeSubDomains"
        ],
        "X-Content-Type-Options": [
          "nosniff"
        ],
        "X-Cache": [
          "CONFIG_NOCACHE"
        ],
        "X-MSEdge-Ref": [
          "Ref A: DCCF1A3B63404097B5A160A3718C5AB1 Ref B: CO6AA3150219031 Ref C: 2023-10-18T00:16:06Z"
        ],
        "Date": [
          "Wed, 18 Oct 2023 00:16:05 GMT"
        ],
        "Expires": [
          "-1"
        ],
        "Content-Length": [
          "0"
        ]
      },
      "ResponseBody": "",
      "StatusCode": 202
    },
    {
      "RequestUri": "/subscriptions/9ff4ebf4-0c4a-43e8-861c-b445afdd66bf/operationresults/eyJqb2JJZCI6IlJFU09VUkNFR1JPVVBERUxFVElPTkpPQi1QUzI0MjUtRUFTVFVTMkVVQVAiLCJqb2JMb2NhdGlvbiI6ImVhc3R1czJldWFwIn0?api-version=2016-09-01&t=638331849664044289&c=MIIHHjCCBgagAwIBAgITOgHct7O3aN_KxDKNJwAEAdy3szANBgkqhkiG9w0BAQsFADBEMRMwEQYKCZImiZPyLGQBGRYDR0JMMRMwEQYKCZImiZPyLGQBGRYDQU1FMRgwFgYDVQQDEw9BTUUgSU5GUkEgQ0EgMDEwHhcNMjMwODAyMDc1ODI0WhcNMjQwNzI3MDc1ODI0WjBAMT4wPAYDVQQDEzVhc3luY29wZXJhdGlvbnNpZ25pbmdjZXJ0aWZpY2F0ZS5tYW5hZ2VtZW50LmF6dXJlLmNvbTCCASIwDQYJKoZIhvcNAQEBBQADggEPADCCAQoCggEBALgLnSbzEbFP5vuRFjPkIRVhgz-iw8NSD7e9KiRk9joLl4YrnC0aSuKwshRe9v_Gl--CqxXgkcpCrfdylaxeXPCqPbSAySW8ZXeSDzD35sq_pFnpKhucgB99Ge-e1unJgvYfJTi3-ri0oDMpryPjlj-DSAQ7LPz35cKSbzFYKu3mynC6wWObzCuwGt5qbJ4uxeqzSw_EaLK0-6awwn50lVsKnZtiZhdfHXDKKLap7dLAww0CM1k9FmqGvlSPIwLevHqzTzDqw1Z7aqoRUH_sezhZxKvKw2KKL0h73J1uStBKaiwxPh-9JrGtrp5emkNsj2V-tuOQ7sam3Z3urFRWBZECAwEAAaOCBAswggQHMCcGCSsGAQQBgjcVCgQaMBgwCgYIKwYBBQUHAwEwCgYIKwYBBQUHAwIwPQYJKwYBBAGCNxUHBDAwLgYmKwYBBAGCNxUIhpDjDYTVtHiE8Ys-hZvdFs6dEoFggvX2K4Py0SACAWQCAQowggHaBggrBgEFBQcBAQSCAcwwggHIMGYGCCsGAQUFBzAChlpodHRwOi8vY3JsLm1pY3Jvc29mdC5jb20vcGtpaW5mcmEvQ2VydHMvQlkyUEtJSU5UQ0EwMS5BTUUuR0JMX0FNRSUyMElORlJBJTIwQ0ElMjAwMSg0KS5jcnQwVgYIKwYBBQUHMAKGSmh0dHA6Ly9jcmwxLmFtZS5nYmwvYWlhL0JZMlBLSUlOVENBMDEuQU1FLkdCTF9BTUUlMjBJTkZSQSUyMENBJTIwMDEoNCkuY3J0MFYGCCsGAQUFBzAChkpodHRwOi8vY3JsMi5hbWUuZ2JsL2FpYS9CWTJQS0lJTlRDQTAxLkFNRS5HQkxfQU1FJTIwSU5GUkElMjBDQSUyMDAxKDQpLmNydDBWBggrBgEFBQcwAoZKaHR0cDovL2NybDMuYW1lLmdibC9haWEvQlkyUEtJSU5UQ0EwMS5BTUUuR0JMX0FNRSUyMElORlJBJTIwQ0ElMjAwMSg0KS5jcnQwVgYIKwYBBQUHMAKGSmh0dHA6Ly9jcmw0LmFtZS5nYmwvYWlhL0JZMlBLSUlOVENBMDEuQU1FLkdCTF9BTUUlMjBJTkZSQSUyMENBJTIwMDEoNCkuY3J0MB0GA1UdDgQWBBSNta6Ow680k6ap_o_3ZKd0BukJQTAOBgNVHQ8BAf8EBAMCBaAwggE1BgNVHR8EggEsMIIBKDCCASSgggEgoIIBHIZCaHR0cDovL2NybC5taWNyb3NvZnQuY29tL3BraWluZnJhL0NSTC9BTUUlMjBJTkZSQSUyMENBJTIwMDEoNCkuY3JshjRodHRwOi8vY3JsMS5hbWUuZ2JsL2NybC9BTUUlMjBJTkZSQSUyMENBJTIwMDEoNCkuY3JshjRodHRwOi8vY3JsMi5hbWUuZ2JsL2NybC9BTUUlMjBJTkZSQSUyMENBJTIwMDEoNCkuY3JshjRodHRwOi8vY3JsMy5hbWUuZ2JsL2NybC9BTUUlMjBJTkZSQSUyMENBJTIwMDEoNCkuY3JshjRodHRwOi8vY3JsNC5hbWUuZ2JsL2NybC9BTUUlMjBJTkZSQSUyMENBJTIwMDEoNCkuY3JsMBcGA1UdIAQQMA4wDAYKKwYBBAGCN3sBATAfBgNVHSMEGDAWgBTl2Ztn_PjsurvwwKidileIud8-YzAdBgNVHSUEFjAUBggrBgEFBQcDAQYIKwYBBQUHAwIwDQYJKoZIhvcNAQELBQADggEBAJfhqigISSFkp5G5sHIg7shqgq0nMu4ZkrFytKYoj9nyIkbp5wS2S2SnxApbk6DGfCopeW2bT-41LuABxrpHhInxdQRwc4hfNkVg5k48jbSkaP4RnY52VT70kH2vngG3zDcpdl_UdtXj5qCzEffHV2Z3zbzv9rw860jZIwkZ5VGmoYo9ghHXoYX5lQ9pm0T-M7GhW078gGjajjGJ-eR5CQ4ffnR5kBJRVe1B_S-nfakCqELdfDewiO64-k_-8RAsHI75vUnI6S_RQfa0Gah60wAwOXXXGRzSb-m5tvKIgqVb46MPp9rK1HgwcUkvk_MeoI2XtXUN_SW2uRXCFp9U_Po&s=Dar9pXcUV-iDZBHZFLWiPZkSH0ARVAwuJFZsiaAaSxmziSjOmmmQD4FymSCs2hz1B85bI6-cAoRcaMtGzVq_C8_0tU13zjHjZ8EgLsFqLJuIdMkrxN6bBKwUyjGrim8TMv8Bl4EMpWf0aZQDpZw-ONMo6rEhMz1bH4_pNTSMXo-ShtyVGvOvaOIZLYjavC2Za33rgWmEidrD1qYx3I-O4xSI4XU27tXUanDeamt4UdV_leYi3MmZN8wrDBHDLO72TtZYPRYNxh7v0xKdo5LR7Bn49JRqOCMcHSqftfTDFIItH4qb6NhppGrUPl0NrUOWbo-02Mq-LKJ_XI0UHEpF2w&h=0mQz0QukCzz0m0uQN6Vq7H6pmIPJl9LLKxCKa1d6hwI",
      "EncodedRequestUri": "L3N1YnNjcmlwdGlvbnMvOWZmNGViZjQtMGM0YS00M2U4LTg2MWMtYjQ0NWFmZGQ2NmJmL29wZXJhdGlvbnJlc3VsdHMvZXlKcWIySkpaQ0k2SWxKRlUwOVZVa05GUjFKUFZWQkVSVXhGVkVsUFRrcFBRaTFRVXpJME1qVXRSVUZUVkZWVE1rVlZRVkFpTENKcWIySk1iMk5oZEdsdmJpSTZJbVZoYzNSMWN6SmxkV0Z3SW4wP2FwaS12ZXJzaW9uPTIwMTYtMDktMDEmdD02MzgzMzE4NDk2NjQwNDQyODkmYz1NSUlISGpDQ0JnYWdBd0lCQWdJVE9nSGN0N08zYU5fS3hES05Kd0FFQWR5M3N6QU5CZ2txaGtpRzl3MEJBUXNGQURCRU1STXdFUVlLQ1pJbWlaUHlMR1FCR1JZRFIwSk1NUk13RVFZS0NaSW1pWlB5TEdRQkdSWURRVTFGTVJnd0ZnWURWUVFERXc5QlRVVWdTVTVHVWtFZ1EwRWdNREV3SGhjTk1qTXdPREF5TURjMU9ESTBXaGNOTWpRd056STNNRGMxT0RJMFdqQkFNVDR3UEFZRFZRUURFelZoYzNsdVkyOXdaWEpoZEdsdmJuTnBaMjVwYm1kalpYSjBhV1pwWTJGMFpTNXRZVzVoWjJWdFpXNTBMbUY2ZFhKbExtTnZiVENDQVNJd0RRWUpLb1pJaHZjTkFRRUJCUUFEZ2dFUEFEQ0NBUW9DZ2dFQkFMZ0xuU2J6RWJGUDV2dVJGalBrSVJWaGd6LWl3OE5TRDdlOUtpUms5am9MbDRZcm5DMGFTdUt3c2hSZTl2X0dsLS1DcXhYZ2tjcENyZmR5bGF4ZVhQQ3FQYlNBeVNXOFpYZVNEekQzNXNxX3BGbnBLaHVjZ0I5OUdlLWUxdW5KZ3ZZZkpUaTMtcmkwb0RNcHJ5UGpsai1EU0FRN0xQejM1Y0tTYnpGWUt1M215bkM2d1dPYnpDdXdHdDVxYko0dXhlcXpTd19FYUxLMC02YXd3bjUwbFZzS25adGlaaGRmSFhES0tMYXA3ZExBd3cwQ00xazlGbXFHdmxTUEl3TGV2SHF6VHpEcXcxWjdhcW9SVUhfc2V6aFp4S3ZLdzJLS0wwaDczSjF1U3RCS2Fpd3hQaC05SnJHdHJwNWVta05zajJWLXR1T1E3c2FtM1ozdXJGUldCWkVDQXdFQUFhT0NCQXN3Z2dRSE1DY0dDU3NHQVFRQmdqY1ZDZ1FhTUJnd0NnWUlLd1lCQlFVSEF3RXdDZ1lJS3dZQkJRVUhBd0l3UFFZSkt3WUJCQUdDTnhVSEJEQXdMZ1ltS3dZQkJBR0NOeFVJaHBEakRZVFZ0SGlFOFlzLWhadmRGczZkRW9GZ2d2WDJLNFB5MFNBQ0FXUUNBUW93Z2dIYUJnZ3JCZ0VGQlFjQkFRU0NBY3d3Z2dISU1HWUdDQ3NHQVFVRkJ6QUNobHBvZEhSd09pOHZZM0pzTG0xcFkzSnZjMjltZEM1amIyMHZjR3RwYVc1bWNtRXZRMlZ5ZEhNdlFsa3lVRXRKU1U1VVEwRXdNUzVCVFVVdVIwSk1YMEZOUlNVeU1FbE9SbEpCSlRJd1EwRWxNakF3TVNnMEtTNWpjblF3VmdZSUt3WUJCUVVITUFLR1NtaDBkSEE2THk5amNtd3hMbUZ0WlM1blltd3ZZV2xoTDBKWk1sQkxTVWxPVkVOQk1ERXVRVTFGTGtkQ1RGOUJUVVVsTWpCSlRrWlNRU1V5TUVOQkpUSXdNREVvTkNrdVkzSjBNRllHQ0NzR0FRVUZCekFDaGtwb2RIUndPaTh2WTNKc01pNWhiV1V1WjJKc0wyRnBZUzlDV1RKUVMwbEpUbFJEUVRBeExrRk5SUzVIUWt4ZlFVMUZKVEl3U1U1R1VrRWxNakJEUVNVeU1EQXhLRFFwTG1OeWREQldCZ2dyQmdFRkJRY3dBb1pLYUhSMGNEb3ZMMk55YkRNdVlXMWxMbWRpYkM5aGFXRXZRbGt5VUV0SlNVNVVRMEV3TVM1QlRVVXVSMEpNWDBGTlJTVXlNRWxPUmxKQkpUSXdRMEVsTWpBd01TZzBLUzVqY25Rd1ZnWUlLd1lCQlFVSE1BS0dTbWgwZEhBNkx5OWpjbXcwTG1GdFpTNW5ZbXd2WVdsaEwwSlpNbEJMU1VsT1ZFTkJNREV1UVUxRkxrZENURjlCVFVVbE1qQkpUa1pTUVNVeU1FTkJKVEl3TURFb05Da3VZM0owTUIwR0ExVWREZ1FXQkJTTnRhNk93NjgwazZhcF9vXzNaS2QwQnVrSlFUQU9CZ05WSFE4QkFmOEVCQU1DQmFBd2dnRTFCZ05WSFI4RWdnRXNNSUlCS0RDQ0FTU2dnZ0Vnb0lJQkhJWkNhSFIwY0RvdkwyTnliQzV0YVdOeWIzTnZablF1WTI5dEwzQnJhV2x1Wm5KaEwwTlNUQzlCVFVVbE1qQkpUa1pTUVNVeU1FTkJKVEl3TURFb05Da3VZM0pzaGpSb2RIUndPaTh2WTNKc01TNWhiV1V1WjJKc0wyTnliQzlCVFVVbE1qQkpUa1pTUVNVeU1FTkJKVEl3TURFb05Da3VZM0pzaGpSb2RIUndPaTh2WTNKc01pNWhiV1V1WjJKc0wyTnliQzlCVFVVbE1qQkpUa1pTUVNVeU1FTkJKVEl3TURFb05Da3VZM0pzaGpSb2RIUndPaTh2WTNKc015NWhiV1V1WjJKc0wyTnliQzlCVFVVbE1qQkpUa1pTUVNVeU1FTkJKVEl3TURFb05Da3VZM0pzaGpSb2RIUndPaTh2WTNKc05DNWhiV1V1WjJKc0wyTnliQzlCVFVVbE1qQkpUa1pTUVNVeU1FTkJKVEl3TURFb05Da3VZM0pzTUJjR0ExVWRJQVFRTUE0d0RBWUtLd1lCQkFHQ04zc0JBVEFmQmdOVkhTTUVHREFXZ0JUbDJadG5fUGpzdXJ2d3dLaWRpbGVJdWQ4LVl6QWRCZ05WSFNVRUZqQVVCZ2dyQmdFRkJRY0RBUVlJS3dZQkJRVUhBd0l3RFFZSktvWklodmNOQVFFTEJRQURnZ0VCQUpmaHFpZ0lTU0ZrcDVHNXNISWc3c2hxZ3Ewbk11NFprckZ5dEtZb2o5bnlJa2JwNXdTMlMyU254QXBiazZER2ZDb3BlVzJiVC00MUx1QUJ4cnBIaElueGRRUndjNGhmTmtWZzVrNDhqYlNrYVA0Um5ZNTJWVDcwa0gydm5nRzN6RGNwZGxfVWR0WGo1cUN6RWZmSFYyWjN6Ynp2OXJ3ODYwalpJd2taNVZHbW9ZbzlnaEhYb1lYNWxROXBtMFQtTTdHaFcwNzhnR2phampHSi1lUjVDUTRmZm5SNWtCSlJWZTFCX1MtbmZha0NxRUxkZkRld2lPNjQta18tOFJBc0hJNzV2VW5JNlNfUlFmYTBHYWg2MHdBd09YWFhHUnpTYi1tNXR2S0lncVZiNDZNUHA5cksxSGd3Y1VrdmtfTWVvSTJYdFhVTl9TVzJ1UlhDRnA5VV9QbyZzPURhcjlwWGNVVi1pRFpCSFpGTFdpUFprU0gwQVJWQXd1SkZac2lhQWFTeG16aVNqT21tbVFENEZ5bVNDczJoejFCODViSTYtY0FvUmNhTXRHelZxX0M4XzB0VTEzempIalo4RWdMc0ZxTEp1SWRNa3J4TjZiQkt3VXlqR3JpbThUTXY4Qmw0RU1wV2YwYVpRRHBady1PTk1vNnJFaE16MWJINF9wTlRTTVhvLVNodHlWR3ZPdmFPSVpMWWphdkMyWmEzM3JnV21FaWRyRDFxWXgzSS1PNHhTSTRYVTI3dFhVYW5EZWFtdDRVZFZfbGVZaTNNbVpOOHdyREJIRExPNzJUdFpZUFJZTnhoN3YweEtkbzVMUjdCbjQ5SlJxT0NNY0hTcWZ0ZlRERklJdEg0cWI2TmhwcEdyVVBsME5yVU9XYm8tMDJNcS1MS0pfWEkwVUhFcEYydyZoPTBtUXowUXVrQ3p6MG0wdVFONlZxN0g2cG1JUEpsOUxMS3hDS2ExZDZod0k=",
      "RequestMethod": "GET",
      "RequestHeaders": {
        "User-Agent": [
          "FxVersion/6.0.2323.48002",
          "OSName/Windows",
          "OSVersion/Microsoft.Windows.10.0.22621",
          "Microsoft.Azure.Management.Internal.Resources.ResourceManagementClient/1.3.86"
        ]
      },
      "RequestBody": "",
      "ResponseHeaders": {
        "Cache-Control": [
          "no-cache"
        ],
        "Pragma": [
          "no-cache"
        ],
        "x-ms-ratelimit-remaining-subscription-reads": [
          "11977"
        ],
        "x-ms-request-id": [
          "0f090eae-61cb-4cb1-971f-3132a4828e9f"
        ],
        "x-ms-correlation-request-id": [
          "0f090eae-61cb-4cb1-971f-3132a4828e9f"
        ],
        "x-ms-routing-request-id": [
          "EASTUS2EUAP:20231018T001621Z:0f090eae-61cb-4cb1-971f-3132a4828e9f"
        ],
        "Strict-Transport-Security": [
          "max-age=31536000; includeSubDomains"
        ],
        "X-Content-Type-Options": [
          "nosniff"
        ],
        "X-Cache": [
          "CONFIG_NOCACHE"
        ],
        "X-MSEdge-Ref": [
          "Ref A: 8C29EB653BA14A2EBBDDF8BB2FD03657 Ref B: CO6AA3150219031 Ref C: 2023-10-18T00:16:21Z"
        ],
        "Date": [
          "Wed, 18 Oct 2023 00:16:21 GMT"
        ],
        "Expires": [
          "-1"
        ],
        "Content-Length": [
          "0"
        ]
      },
      "ResponseBody": "",
      "StatusCode": 200
    },
    {
      "RequestUri": "/subscriptions/9ff4ebf4-0c4a-43e8-861c-b445afdd66bf/operationresults/eyJqb2JJZCI6IlJFU09VUkNFR1JPVVBERUxFVElPTkpPQi1QUzI0MjUtRUFTVFVTMkVVQVAiLCJqb2JMb2NhdGlvbiI6ImVhc3R1czJldWFwIn0?api-version=2016-09-01&t=638331849664044289&c=MIIHHjCCBgagAwIBAgITOgHct7O3aN_KxDKNJwAEAdy3szANBgkqhkiG9w0BAQsFADBEMRMwEQYKCZImiZPyLGQBGRYDR0JMMRMwEQYKCZImiZPyLGQBGRYDQU1FMRgwFgYDVQQDEw9BTUUgSU5GUkEgQ0EgMDEwHhcNMjMwODAyMDc1ODI0WhcNMjQwNzI3MDc1ODI0WjBAMT4wPAYDVQQDEzVhc3luY29wZXJhdGlvbnNpZ25pbmdjZXJ0aWZpY2F0ZS5tYW5hZ2VtZW50LmF6dXJlLmNvbTCCASIwDQYJKoZIhvcNAQEBBQADggEPADCCAQoCggEBALgLnSbzEbFP5vuRFjPkIRVhgz-iw8NSD7e9KiRk9joLl4YrnC0aSuKwshRe9v_Gl--CqxXgkcpCrfdylaxeXPCqPbSAySW8ZXeSDzD35sq_pFnpKhucgB99Ge-e1unJgvYfJTi3-ri0oDMpryPjlj-DSAQ7LPz35cKSbzFYKu3mynC6wWObzCuwGt5qbJ4uxeqzSw_EaLK0-6awwn50lVsKnZtiZhdfHXDKKLap7dLAww0CM1k9FmqGvlSPIwLevHqzTzDqw1Z7aqoRUH_sezhZxKvKw2KKL0h73J1uStBKaiwxPh-9JrGtrp5emkNsj2V-tuOQ7sam3Z3urFRWBZECAwEAAaOCBAswggQHMCcGCSsGAQQBgjcVCgQaMBgwCgYIKwYBBQUHAwEwCgYIKwYBBQUHAwIwPQYJKwYBBAGCNxUHBDAwLgYmKwYBBAGCNxUIhpDjDYTVtHiE8Ys-hZvdFs6dEoFggvX2K4Py0SACAWQCAQowggHaBggrBgEFBQcBAQSCAcwwggHIMGYGCCsGAQUFBzAChlpodHRwOi8vY3JsLm1pY3Jvc29mdC5jb20vcGtpaW5mcmEvQ2VydHMvQlkyUEtJSU5UQ0EwMS5BTUUuR0JMX0FNRSUyMElORlJBJTIwQ0ElMjAwMSg0KS5jcnQwVgYIKwYBBQUHMAKGSmh0dHA6Ly9jcmwxLmFtZS5nYmwvYWlhL0JZMlBLSUlOVENBMDEuQU1FLkdCTF9BTUUlMjBJTkZSQSUyMENBJTIwMDEoNCkuY3J0MFYGCCsGAQUFBzAChkpodHRwOi8vY3JsMi5hbWUuZ2JsL2FpYS9CWTJQS0lJTlRDQTAxLkFNRS5HQkxfQU1FJTIwSU5GUkElMjBDQSUyMDAxKDQpLmNydDBWBggrBgEFBQcwAoZKaHR0cDovL2NybDMuYW1lLmdibC9haWEvQlkyUEtJSU5UQ0EwMS5BTUUuR0JMX0FNRSUyMElORlJBJTIwQ0ElMjAwMSg0KS5jcnQwVgYIKwYBBQUHMAKGSmh0dHA6Ly9jcmw0LmFtZS5nYmwvYWlhL0JZMlBLSUlOVENBMDEuQU1FLkdCTF9BTUUlMjBJTkZSQSUyMENBJTIwMDEoNCkuY3J0MB0GA1UdDgQWBBSNta6Ow680k6ap_o_3ZKd0BukJQTAOBgNVHQ8BAf8EBAMCBaAwggE1BgNVHR8EggEsMIIBKDCCASSgggEgoIIBHIZCaHR0cDovL2NybC5taWNyb3NvZnQuY29tL3BraWluZnJhL0NSTC9BTUUlMjBJTkZSQSUyMENBJTIwMDEoNCkuY3JshjRodHRwOi8vY3JsMS5hbWUuZ2JsL2NybC9BTUUlMjBJTkZSQSUyMENBJTIwMDEoNCkuY3JshjRodHRwOi8vY3JsMi5hbWUuZ2JsL2NybC9BTUUlMjBJTkZSQSUyMENBJTIwMDEoNCkuY3JshjRodHRwOi8vY3JsMy5hbWUuZ2JsL2NybC9BTUUlMjBJTkZSQSUyMENBJTIwMDEoNCkuY3JshjRodHRwOi8vY3JsNC5hbWUuZ2JsL2NybC9BTUUlMjBJTkZSQSUyMENBJTIwMDEoNCkuY3JsMBcGA1UdIAQQMA4wDAYKKwYBBAGCN3sBATAfBgNVHSMEGDAWgBTl2Ztn_PjsurvwwKidileIud8-YzAdBgNVHSUEFjAUBggrBgEFBQcDAQYIKwYBBQUHAwIwDQYJKoZIhvcNAQELBQADggEBAJfhqigISSFkp5G5sHIg7shqgq0nMu4ZkrFytKYoj9nyIkbp5wS2S2SnxApbk6DGfCopeW2bT-41LuABxrpHhInxdQRwc4hfNkVg5k48jbSkaP4RnY52VT70kH2vngG3zDcpdl_UdtXj5qCzEffHV2Z3zbzv9rw860jZIwkZ5VGmoYo9ghHXoYX5lQ9pm0T-M7GhW078gGjajjGJ-eR5CQ4ffnR5kBJRVe1B_S-nfakCqELdfDewiO64-k_-8RAsHI75vUnI6S_RQfa0Gah60wAwOXXXGRzSb-m5tvKIgqVb46MPp9rK1HgwcUkvk_MeoI2XtXUN_SW2uRXCFp9U_Po&s=Dar9pXcUV-iDZBHZFLWiPZkSH0ARVAwuJFZsiaAaSxmziSjOmmmQD4FymSCs2hz1B85bI6-cAoRcaMtGzVq_C8_0tU13zjHjZ8EgLsFqLJuIdMkrxN6bBKwUyjGrim8TMv8Bl4EMpWf0aZQDpZw-ONMo6rEhMz1bH4_pNTSMXo-ShtyVGvOvaOIZLYjavC2Za33rgWmEidrD1qYx3I-O4xSI4XU27tXUanDeamt4UdV_leYi3MmZN8wrDBHDLO72TtZYPRYNxh7v0xKdo5LR7Bn49JRqOCMcHSqftfTDFIItH4qb6NhppGrUPl0NrUOWbo-02Mq-LKJ_XI0UHEpF2w&h=0mQz0QukCzz0m0uQN6Vq7H6pmIPJl9LLKxCKa1d6hwI",
      "EncodedRequestUri": "L3N1YnNjcmlwdGlvbnMvOWZmNGViZjQtMGM0YS00M2U4LTg2MWMtYjQ0NWFmZGQ2NmJmL29wZXJhdGlvbnJlc3VsdHMvZXlKcWIySkpaQ0k2SWxKRlUwOVZVa05GUjFKUFZWQkVSVXhGVkVsUFRrcFBRaTFRVXpJME1qVXRSVUZUVkZWVE1rVlZRVkFpTENKcWIySk1iMk5oZEdsdmJpSTZJbVZoYzNSMWN6SmxkV0Z3SW4wP2FwaS12ZXJzaW9uPTIwMTYtMDktMDEmdD02MzgzMzE4NDk2NjQwNDQyODkmYz1NSUlISGpDQ0JnYWdBd0lCQWdJVE9nSGN0N08zYU5fS3hES05Kd0FFQWR5M3N6QU5CZ2txaGtpRzl3MEJBUXNGQURCRU1STXdFUVlLQ1pJbWlaUHlMR1FCR1JZRFIwSk1NUk13RVFZS0NaSW1pWlB5TEdRQkdSWURRVTFGTVJnd0ZnWURWUVFERXc5QlRVVWdTVTVHVWtFZ1EwRWdNREV3SGhjTk1qTXdPREF5TURjMU9ESTBXaGNOTWpRd056STNNRGMxT0RJMFdqQkFNVDR3UEFZRFZRUURFelZoYzNsdVkyOXdaWEpoZEdsdmJuTnBaMjVwYm1kalpYSjBhV1pwWTJGMFpTNXRZVzVoWjJWdFpXNTBMbUY2ZFhKbExtTnZiVENDQVNJd0RRWUpLb1pJaHZjTkFRRUJCUUFEZ2dFUEFEQ0NBUW9DZ2dFQkFMZ0xuU2J6RWJGUDV2dVJGalBrSVJWaGd6LWl3OE5TRDdlOUtpUms5am9MbDRZcm5DMGFTdUt3c2hSZTl2X0dsLS1DcXhYZ2tjcENyZmR5bGF4ZVhQQ3FQYlNBeVNXOFpYZVNEekQzNXNxX3BGbnBLaHVjZ0I5OUdlLWUxdW5KZ3ZZZkpUaTMtcmkwb0RNcHJ5UGpsai1EU0FRN0xQejM1Y0tTYnpGWUt1M215bkM2d1dPYnpDdXdHdDVxYko0dXhlcXpTd19FYUxLMC02YXd3bjUwbFZzS25adGlaaGRmSFhES0tMYXA3ZExBd3cwQ00xazlGbXFHdmxTUEl3TGV2SHF6VHpEcXcxWjdhcW9SVUhfc2V6aFp4S3ZLdzJLS0wwaDczSjF1U3RCS2Fpd3hQaC05SnJHdHJwNWVta05zajJWLXR1T1E3c2FtM1ozdXJGUldCWkVDQXdFQUFhT0NCQXN3Z2dRSE1DY0dDU3NHQVFRQmdqY1ZDZ1FhTUJnd0NnWUlLd1lCQlFVSEF3RXdDZ1lJS3dZQkJRVUhBd0l3UFFZSkt3WUJCQUdDTnhVSEJEQXdMZ1ltS3dZQkJBR0NOeFVJaHBEakRZVFZ0SGlFOFlzLWhadmRGczZkRW9GZ2d2WDJLNFB5MFNBQ0FXUUNBUW93Z2dIYUJnZ3JCZ0VGQlFjQkFRU0NBY3d3Z2dISU1HWUdDQ3NHQVFVRkJ6QUNobHBvZEhSd09pOHZZM0pzTG0xcFkzSnZjMjltZEM1amIyMHZjR3RwYVc1bWNtRXZRMlZ5ZEhNdlFsa3lVRXRKU1U1VVEwRXdNUzVCVFVVdVIwSk1YMEZOUlNVeU1FbE9SbEpCSlRJd1EwRWxNakF3TVNnMEtTNWpjblF3VmdZSUt3WUJCUVVITUFLR1NtaDBkSEE2THk5amNtd3hMbUZ0WlM1blltd3ZZV2xoTDBKWk1sQkxTVWxPVkVOQk1ERXVRVTFGTGtkQ1RGOUJUVVVsTWpCSlRrWlNRU1V5TUVOQkpUSXdNREVvTkNrdVkzSjBNRllHQ0NzR0FRVUZCekFDaGtwb2RIUndPaTh2WTNKc01pNWhiV1V1WjJKc0wyRnBZUzlDV1RKUVMwbEpUbFJEUVRBeExrRk5SUzVIUWt4ZlFVMUZKVEl3U1U1R1VrRWxNakJEUVNVeU1EQXhLRFFwTG1OeWREQldCZ2dyQmdFRkJRY3dBb1pLYUhSMGNEb3ZMMk55YkRNdVlXMWxMbWRpYkM5aGFXRXZRbGt5VUV0SlNVNVVRMEV3TVM1QlRVVXVSMEpNWDBGTlJTVXlNRWxPUmxKQkpUSXdRMEVsTWpBd01TZzBLUzVqY25Rd1ZnWUlLd1lCQlFVSE1BS0dTbWgwZEhBNkx5OWpjbXcwTG1GdFpTNW5ZbXd2WVdsaEwwSlpNbEJMU1VsT1ZFTkJNREV1UVUxRkxrZENURjlCVFVVbE1qQkpUa1pTUVNVeU1FTkJKVEl3TURFb05Da3VZM0owTUIwR0ExVWREZ1FXQkJTTnRhNk93NjgwazZhcF9vXzNaS2QwQnVrSlFUQU9CZ05WSFE4QkFmOEVCQU1DQmFBd2dnRTFCZ05WSFI4RWdnRXNNSUlCS0RDQ0FTU2dnZ0Vnb0lJQkhJWkNhSFIwY0RvdkwyTnliQzV0YVdOeWIzTnZablF1WTI5dEwzQnJhV2x1Wm5KaEwwTlNUQzlCVFVVbE1qQkpUa1pTUVNVeU1FTkJKVEl3TURFb05Da3VZM0pzaGpSb2RIUndPaTh2WTNKc01TNWhiV1V1WjJKc0wyTnliQzlCVFVVbE1qQkpUa1pTUVNVeU1FTkJKVEl3TURFb05Da3VZM0pzaGpSb2RIUndPaTh2WTNKc01pNWhiV1V1WjJKc0wyTnliQzlCVFVVbE1qQkpUa1pTUVNVeU1FTkJKVEl3TURFb05Da3VZM0pzaGpSb2RIUndPaTh2WTNKc015NWhiV1V1WjJKc0wyTnliQzlCVFVVbE1qQkpUa1pTUVNVeU1FTkJKVEl3TURFb05Da3VZM0pzaGpSb2RIUndPaTh2WTNKc05DNWhiV1V1WjJKc0wyTnliQzlCVFVVbE1qQkpUa1pTUVNVeU1FTkJKVEl3TURFb05Da3VZM0pzTUJjR0ExVWRJQVFRTUE0d0RBWUtLd1lCQkFHQ04zc0JBVEFmQmdOVkhTTUVHREFXZ0JUbDJadG5fUGpzdXJ2d3dLaWRpbGVJdWQ4LVl6QWRCZ05WSFNVRUZqQVVCZ2dyQmdFRkJRY0RBUVlJS3dZQkJRVUhBd0l3RFFZSktvWklodmNOQVFFTEJRQURnZ0VCQUpmaHFpZ0lTU0ZrcDVHNXNISWc3c2hxZ3Ewbk11NFprckZ5dEtZb2o5bnlJa2JwNXdTMlMyU254QXBiazZER2ZDb3BlVzJiVC00MUx1QUJ4cnBIaElueGRRUndjNGhmTmtWZzVrNDhqYlNrYVA0Um5ZNTJWVDcwa0gydm5nRzN6RGNwZGxfVWR0WGo1cUN6RWZmSFYyWjN6Ynp2OXJ3ODYwalpJd2taNVZHbW9ZbzlnaEhYb1lYNWxROXBtMFQtTTdHaFcwNzhnR2phampHSi1lUjVDUTRmZm5SNWtCSlJWZTFCX1MtbmZha0NxRUxkZkRld2lPNjQta18tOFJBc0hJNzV2VW5JNlNfUlFmYTBHYWg2MHdBd09YWFhHUnpTYi1tNXR2S0lncVZiNDZNUHA5cksxSGd3Y1VrdmtfTWVvSTJYdFhVTl9TVzJ1UlhDRnA5VV9QbyZzPURhcjlwWGNVVi1pRFpCSFpGTFdpUFprU0gwQVJWQXd1SkZac2lhQWFTeG16aVNqT21tbVFENEZ5bVNDczJoejFCODViSTYtY0FvUmNhTXRHelZxX0M4XzB0VTEzempIalo4RWdMc0ZxTEp1SWRNa3J4TjZiQkt3VXlqR3JpbThUTXY4Qmw0RU1wV2YwYVpRRHBady1PTk1vNnJFaE16MWJINF9wTlRTTVhvLVNodHlWR3ZPdmFPSVpMWWphdkMyWmEzM3JnV21FaWRyRDFxWXgzSS1PNHhTSTRYVTI3dFhVYW5EZWFtdDRVZFZfbGVZaTNNbVpOOHdyREJIRExPNzJUdFpZUFJZTnhoN3YweEtkbzVMUjdCbjQ5SlJxT0NNY0hTcWZ0ZlRERklJdEg0cWI2TmhwcEdyVVBsME5yVU9XYm8tMDJNcS1MS0pfWEkwVUhFcEYydyZoPTBtUXowUXVrQ3p6MG0wdVFONlZxN0g2cG1JUEpsOUxMS3hDS2ExZDZod0k=",
      "RequestMethod": "GET",
      "RequestHeaders": {
        "User-Agent": [
          "FxVersion/6.0.2323.48002",
          "OSName/Windows",
          "OSVersion/Microsoft.Windows.10.0.22621",
          "Microsoft.Azure.Management.Internal.Resources.ResourceManagementClient/1.3.86"
        ]
      },
      "RequestBody": "",
      "ResponseHeaders": {
        "Cache-Control": [
          "no-cache"
        ],
        "Pragma": [
          "no-cache"
        ],
        "x-ms-ratelimit-remaining-subscription-reads": [
          "11976"
        ],
        "x-ms-request-id": [
          "2d26af3c-b24e-418a-becd-320a32670be0"
        ],
        "x-ms-correlation-request-id": [
          "2d26af3c-b24e-418a-becd-320a32670be0"
        ],
        "x-ms-routing-request-id": [
          "EASTUS2EUAP:20231018T001621Z:2d26af3c-b24e-418a-becd-320a32670be0"
        ],
        "Strict-Transport-Security": [
          "max-age=31536000; includeSubDomains"
        ],
        "X-Content-Type-Options": [
          "nosniff"
        ],
        "X-Cache": [
          "CONFIG_NOCACHE"
        ],
        "X-MSEdge-Ref": [
          "Ref A: 73F6E72A03CF4D6C99F7E3E8307B223D Ref B: CO6AA3150219031 Ref C: 2023-10-18T00:16:21Z"
        ],
        "Date": [
          "Wed, 18 Oct 2023 00:16:21 GMT"
        ],
        "Expires": [
          "-1"
        ],
        "Content-Length": [
          "0"
        ]
      },
      "ResponseBody": "",
      "StatusCode": 200
    }
  ],
  "Names": {
    "Test-NewAzSearchServiceIpRules": [
      "ps2425"
    ]
  },
  "Variables": {
    "SubscriptionId": "9ff4ebf4-0c4a-43e8-861c-b445afdd66bf"
  }
}